
Memory Configuration

Name             Origin             Length             Attributes
Flash            0x08000000         0x00020000         xr
SRAM             0x20000000         0x00005000         xrw
*default*        0x00000000         0xffffffff

Linker script and memory map


.text           0x08000000       0xe0
 *(.vector*)
 .vector        0x08000000       0x1c startup.o
                0x08000000                vectors
 *(.text*)
 .text          0x0800001c       0xa8 main.o
                0x0800001c                main
 .text          0x080000c4       0x18 startup.o
                0x080000c4                NMI_Handler
                0x080000c4                UsageFault_Handler
                0x080000c4                BusFault_Handler
                0x080000c4                defualt_handler
                0x080000c4                MemManage_Handler
                0x080000c4                HardFault_Handler
                0x080000d0                Reset_Handler
 *(.rodata)
 .rodata        0x080000dc        0x4 main.o
                0x080000dc                const_variables

.glue_7         0x080000e0        0x0
 .glue_7        0x00000000        0x0 linker stubs

.glue_7t        0x080000e0        0x0
 .glue_7t       0x00000000        0x0 linker stubs

.vfp11_veneer   0x080000e0        0x0
 .vfp11_veneer  0x00000000        0x0 linker stubs

.v4_bx          0x080000e0        0x0
 .v4_bx         0x00000000        0x0 linker stubs

.iplt           0x080000e0        0x0
 .iplt          0x00000000        0x0 main.o

.rel.dyn        0x080000e0        0x0
 .rel.iplt      0x00000000        0x0 main.o

.data           0x080000e0        0x8
 *(.data)
 .data          0x080000e0        0x8 main.o
                0x080000e0                R_ODR
                0x080000e4                g_variables
 .data          0x080000e8        0x0 startup.o

.igot.plt       0x080000e8        0x0
 .igot.plt      0x00000000        0x0 main.o

.bss            0x20000000        0x0
 *(.bss)
 .bss           0x20000000        0x0 main.o
 .bss           0x20000000        0x0 startup.o
LOAD main.o
LOAD startup.o
OUTPUT(learn-in-depth_cortex-m3.elf elf32-littlearm)

.debug_info     0x00000000      0x260
 .debug_info    0x00000000      0x16e main.o
 .debug_info    0x0000016e       0xf2 startup.o

.debug_abbrev   0x00000000      0x176
 .debug_abbrev  0x00000000       0xee main.o
 .debug_abbrev  0x000000ee       0x88 startup.o

.debug_loc      0x00000000       0x90
 .debug_loc     0x00000000       0x38 main.o
 .debug_loc     0x00000038       0x58 startup.o

.debug_aranges  0x00000000       0x40
 .debug_aranges
                0x00000000       0x20 main.o
 .debug_aranges
                0x00000020       0x20 startup.o

.debug_line     0x00000000      0x11c
 .debug_line    0x00000000       0x9b main.o
 .debug_line    0x0000009b       0x81 startup.o

.debug_str      0x00000000      0x12b
 .debug_str     0x00000000      0x105 main.o
                                0x142 (size before relaxing)
 .debug_str     0x00000105       0x26 startup.o
                                0x11e (size before relaxing)

.comment        0x00000000       0x11
 .comment       0x00000000       0x11 main.o
                                 0x12 (size before relaxing)
 .comment       0x00000000       0x12 startup.o

.ARM.attributes
                0x00000000       0x33
 .ARM.attributes
                0x00000000       0x33 main.o
 .ARM.attributes
                0x00000033       0x33 startup.o

.debug_frame    0x00000000       0x74
 .debug_frame   0x00000000       0x2c main.o
 .debug_frame   0x0000002c       0x48 startup.o
