Archive member included to satisfy reference by file (symbol)

c:/st/stm32cubeide_1.4.0/stm32cubeide/plugins/com.st.stm32cube.ide.mcu.externaltools.gnu-tools-for-stm32.7-2018-q2-update.win32_1.4.0.202007081208/tools/bin/../lib/gcc/arm-none-eabi/7.3.1/../../../../arm-none-eabi/lib/thumb/v7-m\libc_nano.a(lib_a-errno.o)
                              Src/syscalls.o (__errno)
c:/st/stm32cubeide_1.4.0/stm32cubeide/plugins/com.st.stm32cube.ide.mcu.externaltools.gnu-tools-for-stm32.7-2018-q2-update.win32_1.4.0.202007081208/tools/bin/../lib/gcc/arm-none-eabi/7.3.1/../../../../arm-none-eabi/lib/thumb/v7-m\libc_nano.a(lib_a-exit.o)
                              c:/st/stm32cubeide_1.4.0/stm32cubeide/plugins/com.st.stm32cube.ide.mcu.externaltools.gnu-tools-for-stm32.7-2018-q2-update.win32_1.4.0.202007081208/tools/bin/../lib/gcc/arm-none-eabi/7.3.1/../../../../arm-none-eabi/lib/thumb/v7-m/crt0.o (exit)
c:/st/stm32cubeide_1.4.0/stm32cubeide/plugins/com.st.stm32cube.ide.mcu.externaltools.gnu-tools-for-stm32.7-2018-q2-update.win32_1.4.0.202007081208/tools/bin/../lib/gcc/arm-none-eabi/7.3.1/../../../../arm-none-eabi/lib/thumb/v7-m\libc_nano.a(lib_a-impure.o)
                              c:/st/stm32cubeide_1.4.0/stm32cubeide/plugins/com.st.stm32cube.ide.mcu.externaltools.gnu-tools-for-stm32.7-2018-q2-update.win32_1.4.0.202007081208/tools/bin/../lib/gcc/arm-none-eabi/7.3.1/../../../../arm-none-eabi/lib/thumb/v7-m\libc_nano.a(lib_a-exit.o) (_global_impure_ptr)
c:/st/stm32cubeide_1.4.0/stm32cubeide/plugins/com.st.stm32cube.ide.mcu.externaltools.gnu-tools-for-stm32.7-2018-q2-update.win32_1.4.0.202007081208/tools/bin/../lib/gcc/arm-none-eabi/7.3.1/../../../../arm-none-eabi/lib/thumb/v7-m\libc_nano.a(lib_a-init.o)
                              c:/st/stm32cubeide_1.4.0/stm32cubeide/plugins/com.st.stm32cube.ide.mcu.externaltools.gnu-tools-for-stm32.7-2018-q2-update.win32_1.4.0.202007081208/tools/bin/../lib/gcc/arm-none-eabi/7.3.1/../../../../arm-none-eabi/lib/thumb/v7-m/crt0.o (__libc_init_array)
c:/st/stm32cubeide_1.4.0/stm32cubeide/plugins/com.st.stm32cube.ide.mcu.externaltools.gnu-tools-for-stm32.7-2018-q2-update.win32_1.4.0.202007081208/tools/bin/../lib/gcc/arm-none-eabi/7.3.1/../../../../arm-none-eabi/lib/thumb/v7-m\libc_nano.a(lib_a-memset.o)
                              c:/st/stm32cubeide_1.4.0/stm32cubeide/plugins/com.st.stm32cube.ide.mcu.externaltools.gnu-tools-for-stm32.7-2018-q2-update.win32_1.4.0.202007081208/tools/bin/../lib/gcc/arm-none-eabi/7.3.1/../../../../arm-none-eabi/lib/thumb/v7-m/crt0.o (memset)

Allocating common symbols
Common symbol       size              file

PinCfg              0x4               Src/main.o
GP_IRQ_CallBack     0x3c              stm32_f103c6_Drivers/stm32_f103c6_EXTI_driver.o

Discarded input sections

 .text          0x0000000000000000        0x0 c:/st/stm32cubeide_1.4.0/stm32cubeide/plugins/com.st.stm32cube.ide.mcu.externaltools.gnu-tools-for-stm32.7-2018-q2-update.win32_1.4.0.202007081208/tools/bin/../lib/gcc/arm-none-eabi/7.3.1/thumb/v7-m/crti.o
 .data          0x0000000000000000        0x0 c:/st/stm32cubeide_1.4.0/stm32cubeide/plugins/com.st.stm32cube.ide.mcu.externaltools.gnu-tools-for-stm32.7-2018-q2-update.win32_1.4.0.202007081208/tools/bin/../lib/gcc/arm-none-eabi/7.3.1/thumb/v7-m/crti.o
 .bss           0x0000000000000000        0x0 c:/st/stm32cubeide_1.4.0/stm32cubeide/plugins/com.st.stm32cube.ide.mcu.externaltools.gnu-tools-for-stm32.7-2018-q2-update.win32_1.4.0.202007081208/tools/bin/../lib/gcc/arm-none-eabi/7.3.1/thumb/v7-m/crti.o
 .data          0x0000000000000000        0x4 c:/st/stm32cubeide_1.4.0/stm32cubeide/plugins/com.st.stm32cube.ide.mcu.externaltools.gnu-tools-for-stm32.7-2018-q2-update.win32_1.4.0.202007081208/tools/bin/../lib/gcc/arm-none-eabi/7.3.1/thumb/v7-m/crtbegin.o
 .text          0x0000000000000000       0x74 c:/st/stm32cubeide_1.4.0/stm32cubeide/plugins/com.st.stm32cube.ide.mcu.externaltools.gnu-tools-for-stm32.7-2018-q2-update.win32_1.4.0.202007081208/tools/bin/../lib/gcc/arm-none-eabi/7.3.1/../../../../arm-none-eabi/lib/thumb/v7-m/crt0.o
 .data          0x0000000000000000        0x0 c:/st/stm32cubeide_1.4.0/stm32cubeide/plugins/com.st.stm32cube.ide.mcu.externaltools.gnu-tools-for-stm32.7-2018-q2-update.win32_1.4.0.202007081208/tools/bin/../lib/gcc/arm-none-eabi/7.3.1/../../../../arm-none-eabi/lib/thumb/v7-m/crt0.o
 .bss           0x0000000000000000        0x0 c:/st/stm32cubeide_1.4.0/stm32cubeide/plugins/com.st.stm32cube.ide.mcu.externaltools.gnu-tools-for-stm32.7-2018-q2-update.win32_1.4.0.202007081208/tools/bin/../lib/gcc/arm-none-eabi/7.3.1/../../../../arm-none-eabi/lib/thumb/v7-m/crt0.o
 .ARM.extab     0x0000000000000000        0x0 c:/st/stm32cubeide_1.4.0/stm32cubeide/plugins/com.st.stm32cube.ide.mcu.externaltools.gnu-tools-for-stm32.7-2018-q2-update.win32_1.4.0.202007081208/tools/bin/../lib/gcc/arm-none-eabi/7.3.1/../../../../arm-none-eabi/lib/thumb/v7-m/crt0.o
 .ARM.exidx     0x0000000000000000        0x8 c:/st/stm32cubeide_1.4.0/stm32cubeide/plugins/com.st.stm32cube.ide.mcu.externaltools.gnu-tools-for-stm32.7-2018-q2-update.win32_1.4.0.202007081208/tools/bin/../lib/gcc/arm-none-eabi/7.3.1/../../../../arm-none-eabi/lib/thumb/v7-m/crt0.o
 .ARM.attributes
                0x0000000000000000       0x1b c:/st/stm32cubeide_1.4.0/stm32cubeide/plugins/com.st.stm32cube.ide.mcu.externaltools.gnu-tools-for-stm32.7-2018-q2-update.win32_1.4.0.202007081208/tools/bin/../lib/gcc/arm-none-eabi/7.3.1/../../../../arm-none-eabi/lib/thumb/v7-m/crt0.o
 .group         0x0000000000000000        0xc Src/main.o
 .group         0x0000000000000000        0xc Src/main.o
 .group         0x0000000000000000        0xc Src/main.o
 .group         0x0000000000000000        0xc Src/main.o
 .group         0x0000000000000000        0xc Src/main.o
 .group         0x0000000000000000        0xc Src/main.o
 .group         0x0000000000000000        0xc Src/main.o
 .group         0x0000000000000000        0xc Src/main.o
 .group         0x0000000000000000        0xc Src/main.o
 .group         0x0000000000000000        0xc Src/main.o
 .group         0x0000000000000000        0xc Src/main.o
 .group         0x0000000000000000        0xc Src/main.o
 .group         0x0000000000000000        0xc Src/main.o
 .group         0x0000000000000000        0xc Src/main.o
 .group         0x0000000000000000        0xc Src/main.o
 .group         0x0000000000000000        0xc Src/main.o
 .group         0x0000000000000000        0xc Src/main.o
 .group         0x0000000000000000        0xc Src/main.o
 .group         0x0000000000000000        0xc Src/main.o
 .group         0x0000000000000000        0xc Src/main.o
 .group         0x0000000000000000        0xc Src/main.o
 .group         0x0000000000000000        0xc Src/main.o
 .group         0x0000000000000000        0xc Src/main.o
 .group         0x0000000000000000        0xc Src/main.o
 .group         0x0000000000000000        0xc Src/main.o
 .group         0x0000000000000000        0xc Src/main.o
 .group         0x0000000000000000        0xc Src/main.o
 .text          0x0000000000000000        0x0 Src/main.o
 .data          0x0000000000000000        0x0 Src/main.o
 .bss           0x0000000000000000        0x0 Src/main.o
 .group         0x0000000000000000        0xc Src/syscalls.o
 .group         0x0000000000000000        0xc Src/syscalls.o
 .group         0x0000000000000000        0xc Src/syscalls.o
 .group         0x0000000000000000        0xc Src/syscalls.o
 .group         0x0000000000000000        0xc Src/syscalls.o
 .group         0x0000000000000000        0xc Src/syscalls.o
 .group         0x0000000000000000        0xc Src/syscalls.o
 .group         0x0000000000000000        0xc Src/syscalls.o
 .group         0x0000000000000000        0xc Src/syscalls.o
 .group         0x0000000000000000        0xc Src/syscalls.o
 .group         0x0000000000000000        0xc Src/syscalls.o
 .group         0x0000000000000000        0xc Src/syscalls.o
 .group         0x0000000000000000        0xc Src/syscalls.o
 .group         0x0000000000000000        0xc Src/syscalls.o
 .group         0x0000000000000000        0xc Src/syscalls.o
 .group         0x0000000000000000        0xc Src/syscalls.o
 .group         0x0000000000000000        0xc Src/syscalls.o
 .group         0x0000000000000000        0xc Src/syscalls.o
 .group         0x0000000000000000        0xc Src/syscalls.o
 .group         0x0000000000000000        0xc Src/syscalls.o
 .group         0x0000000000000000        0xc Src/syscalls.o
 .group         0x0000000000000000        0xc Src/syscalls.o
 .group         0x0000000000000000        0xc Src/syscalls.o
 .group         0x0000000000000000        0xc Src/syscalls.o
 .group         0x0000000000000000        0xc Src/syscalls.o
 .group         0x0000000000000000        0xc Src/syscalls.o
 .group         0x0000000000000000        0xc Src/syscalls.o
 .group         0x0000000000000000        0xc Src/syscalls.o
 .group         0x0000000000000000        0xc Src/syscalls.o
 .group         0x0000000000000000        0xc Src/syscalls.o
 .group         0x0000000000000000        0xc Src/syscalls.o
 .group         0x0000000000000000        0xc Src/syscalls.o
 .group         0x0000000000000000        0xc Src/syscalls.o
 .group         0x0000000000000000        0xc Src/syscalls.o
 .group         0x0000000000000000        0xc Src/syscalls.o
 .group         0x0000000000000000        0xc Src/syscalls.o
 .group         0x0000000000000000        0xc Src/syscalls.o
 .group         0x0000000000000000        0xc Src/syscalls.o
 .group         0x0000000000000000        0xc Src/syscalls.o
 .group         0x0000000000000000        0xc Src/syscalls.o
 .group         0x0000000000000000        0xc Src/syscalls.o
 .group         0x0000000000000000        0xc Src/syscalls.o
 .group         0x0000000000000000        0xc Src/syscalls.o
 .group         0x0000000000000000        0xc Src/syscalls.o
 .text          0x0000000000000000        0x0 Src/syscalls.o
 .data          0x0000000000000000        0x0 Src/syscalls.o
 .bss           0x0000000000000000        0x0 Src/syscalls.o
 .bss.__env     0x0000000000000000        0x4 Src/syscalls.o
 .data.environ  0x0000000000000000        0x4 Src/syscalls.o
 .text.initialise_monitor_handles
                0x0000000000000000        0xc Src/syscalls.o
 .text._getpid  0x0000000000000000        0xe Src/syscalls.o
 .text._kill    0x0000000000000000       0x20 Src/syscalls.o
 .text._exit    0x0000000000000000       0x14 Src/syscalls.o
 .text._read    0x0000000000000000       0x3a Src/syscalls.o
 .text._write   0x0000000000000000       0x38 Src/syscalls.o
 .text._close   0x0000000000000000       0x16 Src/syscalls.o
 .text._fstat   0x0000000000000000       0x1e Src/syscalls.o
 .text._isatty  0x0000000000000000       0x14 Src/syscalls.o
 .text._lseek   0x0000000000000000       0x18 Src/syscalls.o
 .text._open    0x0000000000000000       0x1a Src/syscalls.o
 .text._wait    0x0000000000000000       0x1e Src/syscalls.o
 .text._unlink  0x0000000000000000       0x1e Src/syscalls.o
 .text._times   0x0000000000000000       0x16 Src/syscalls.o
 .text._stat    0x0000000000000000       0x1e Src/syscalls.o
 .text._link    0x0000000000000000       0x20 Src/syscalls.o
 .text._fork    0x0000000000000000       0x16 Src/syscalls.o
 .text._execve  0x0000000000000000       0x22 Src/syscalls.o
 .debug_info    0x0000000000000000     0x1038 Src/syscalls.o
 .debug_abbrev  0x0000000000000000      0x254 Src/syscalls.o
 .debug_loc     0x0000000000000000      0x5b8 Src/syscalls.o
 .debug_aranges
                0x0000000000000000       0xa8 Src/syscalls.o
 .debug_ranges  0x0000000000000000       0x98 Src/syscalls.o
 .debug_macro   0x0000000000000000      0x243 Src/syscalls.o
 .debug_macro   0x0000000000000000      0xa60 Src/syscalls.o
 .debug_macro   0x0000000000000000       0x22 Src/syscalls.o
 .debug_macro   0x0000000000000000       0x40 Src/syscalls.o
 .debug_macro   0x0000000000000000       0x18 Src/syscalls.o
 .debug_macro   0x0000000000000000       0x94 Src/syscalls.o
 .debug_macro   0x0000000000000000       0x3c Src/syscalls.o
 .debug_macro   0x0000000000000000       0x34 Src/syscalls.o
 .debug_macro   0x0000000000000000       0x57 Src/syscalls.o
 .debug_macro   0x0000000000000000      0x174 Src/syscalls.o
 .debug_macro   0x0000000000000000      0x330 Src/syscalls.o
 .debug_macro   0x0000000000000000       0x52 Src/syscalls.o
 .debug_macro   0x0000000000000000       0x1f Src/syscalls.o
 .debug_macro   0x0000000000000000       0x43 Src/syscalls.o
 .debug_macro   0x0000000000000000       0x20 Src/syscalls.o
 .debug_macro   0x0000000000000000      0x1a3 Src/syscalls.o
 .debug_macro   0x0000000000000000       0x10 Src/syscalls.o
 .debug_macro   0x0000000000000000       0x35 Src/syscalls.o
 .debug_macro   0x0000000000000000       0x10 Src/syscalls.o
 .debug_macro   0x0000000000000000       0x10 Src/syscalls.o
 .debug_macro   0x0000000000000000       0x10 Src/syscalls.o
 .debug_macro   0x0000000000000000       0x6a Src/syscalls.o
 .debug_macro   0x0000000000000000       0x1c Src/syscalls.o
 .debug_macro   0x0000000000000000       0x52 Src/syscalls.o
 .debug_macro   0x0000000000000000       0x40 Src/syscalls.o
 .debug_macro   0x0000000000000000       0x10 Src/syscalls.o
 .debug_macro   0x0000000000000000       0x40 Src/syscalls.o
 .debug_macro   0x0000000000000000       0xd7 Src/syscalls.o
 .debug_macro   0x0000000000000000       0x1c Src/syscalls.o
 .debug_macro   0x0000000000000000       0x3d Src/syscalls.o
 .debug_macro   0x0000000000000000       0x35 Src/syscalls.o
 .debug_macro   0x0000000000000000      0x122 Src/syscalls.o
 .debug_macro   0x0000000000000000       0x16 Src/syscalls.o
 .debug_macro   0x0000000000000000       0x16 Src/syscalls.o
 .debug_macro   0x0000000000000000       0x29 Src/syscalls.o
 .debug_macro   0x0000000000000000       0x10 Src/syscalls.o
 .debug_macro   0x0000000000000000      0x241 Src/syscalls.o
 .debug_macro   0x0000000000000000       0x1c Src/syscalls.o
 .debug_macro   0x0000000000000000       0x10 Src/syscalls.o
 .debug_macro   0x0000000000000000       0x10 Src/syscalls.o
 .debug_macro   0x0000000000000000       0x16 Src/syscalls.o
 .debug_macro   0x0000000000000000      0x145 Src/syscalls.o
 .debug_macro   0x0000000000000000      0x189 Src/syscalls.o
 .debug_macro   0x0000000000000000       0x16 Src/syscalls.o
 .debug_macro   0x0000000000000000       0x88 Src/syscalls.o
 .debug_line    0x0000000000000000      0x739 Src/syscalls.o
 .debug_str     0x0000000000000000     0x8881 Src/syscalls.o
 .comment       0x0000000000000000       0x7c Src/syscalls.o
 .debug_frame   0x0000000000000000      0x2ac Src/syscalls.o
 .ARM.attributes
                0x0000000000000000       0x33 Src/syscalls.o
 .group         0x0000000000000000        0xc Src/sysmem.o
 .group         0x0000000000000000        0xc Src/sysmem.o
 .group         0x0000000000000000        0xc Src/sysmem.o
 .group         0x0000000000000000        0xc Src/sysmem.o
 .group         0x0000000000000000        0xc Src/sysmem.o
 .group         0x0000000000000000        0xc Src/sysmem.o
 .group         0x0000000000000000        0xc Src/sysmem.o
 .group         0x0000000000000000        0xc Src/sysmem.o
 .group         0x0000000000000000        0xc Src/sysmem.o
 .group         0x0000000000000000        0xc Src/sysmem.o
 .group         0x0000000000000000        0xc Src/sysmem.o
 .group         0x0000000000000000        0xc Src/sysmem.o
 .group         0x0000000000000000        0xc Src/sysmem.o
 .group         0x0000000000000000        0xc Src/sysmem.o
 .group         0x0000000000000000        0xc Src/sysmem.o
 .group         0x0000000000000000        0xc Src/sysmem.o
 .group         0x0000000000000000        0xc Src/sysmem.o
 .group         0x0000000000000000        0xc Src/sysmem.o
 .group         0x0000000000000000        0xc Src/sysmem.o
 .text          0x0000000000000000        0x0 Src/sysmem.o
 .data          0x0000000000000000        0x0 Src/sysmem.o
 .bss           0x0000000000000000        0x0 Src/sysmem.o
 .bss.__sbrk_heap_end
                0x0000000000000000        0x4 Src/sysmem.o
 .text._sbrk    0x0000000000000000       0x6c Src/sysmem.o
 .debug_info    0x0000000000000000      0xa7c Src/sysmem.o
 .debug_abbrev  0x0000000000000000      0x18e Src/sysmem.o
 .debug_loc     0x0000000000000000       0x50 Src/sysmem.o
 .debug_aranges
                0x0000000000000000       0x20 Src/sysmem.o
 .debug_ranges  0x0000000000000000       0x10 Src/sysmem.o
 .debug_macro   0x0000000000000000       0xee Src/sysmem.o
 .debug_macro   0x0000000000000000      0xa60 Src/sysmem.o
 .debug_macro   0x0000000000000000       0x10 Src/sysmem.o
 .debug_macro   0x0000000000000000       0x22 Src/sysmem.o
 .debug_macro   0x0000000000000000       0x40 Src/sysmem.o
 .debug_macro   0x0000000000000000       0x18 Src/sysmem.o
 .debug_macro   0x0000000000000000       0x94 Src/sysmem.o
 .debug_macro   0x0000000000000000       0x3c Src/sysmem.o
 .debug_macro   0x0000000000000000       0x34 Src/sysmem.o
 .debug_macro   0x0000000000000000      0x174 Src/sysmem.o
 .debug_macro   0x0000000000000000       0x57 Src/sysmem.o
 .debug_macro   0x0000000000000000       0x52 Src/sysmem.o
 .debug_macro   0x0000000000000000       0x1f Src/sysmem.o
 .debug_macro   0x0000000000000000       0x43 Src/sysmem.o
 .debug_macro   0x0000000000000000       0x20 Src/sysmem.o
 .debug_macro   0x0000000000000000      0x1a3 Src/sysmem.o
 .debug_macro   0x0000000000000000      0x23b Src/sysmem.o
 .debug_macro   0x0000000000000000       0xef Src/sysmem.o
 .debug_macro   0x0000000000000000       0x6a Src/sysmem.o
 .debug_macro   0x0000000000000000      0x1df Src/sysmem.o
 .debug_line    0x0000000000000000      0x4c2 Src/sysmem.o
 .debug_str     0x0000000000000000     0x5f4f Src/sysmem.o
 .comment       0x0000000000000000       0x7c Src/sysmem.o
 .debug_frame   0x0000000000000000       0x34 Src/sysmem.o
 .ARM.attributes
                0x0000000000000000       0x33 Src/sysmem.o
 .text          0x0000000000000000       0x14 Startup/startup_stm32f103c6tx.o
 .data          0x0000000000000000        0x0 Startup/startup_stm32f103c6tx.o
 .bss           0x0000000000000000        0x0 Startup/startup_stm32f103c6tx.o
 .group         0x0000000000000000        0xc stm32_f103c6_Drivers/LCD_DRIVER/lcd.o
 .group         0x0000000000000000        0xc stm32_f103c6_Drivers/LCD_DRIVER/lcd.o
 .group         0x0000000000000000        0xc stm32_f103c6_Drivers/LCD_DRIVER/lcd.o
 .group         0x0000000000000000        0xc stm32_f103c6_Drivers/LCD_DRIVER/lcd.o
 .group         0x0000000000000000        0xc stm32_f103c6_Drivers/LCD_DRIVER/lcd.o
 .group         0x0000000000000000        0xc stm32_f103c6_Drivers/LCD_DRIVER/lcd.o
 .group         0x0000000000000000        0xc stm32_f103c6_Drivers/LCD_DRIVER/lcd.o
 .group         0x0000000000000000        0xc stm32_f103c6_Drivers/LCD_DRIVER/lcd.o
 .group         0x0000000000000000        0xc stm32_f103c6_Drivers/LCD_DRIVER/lcd.o
 .group         0x0000000000000000        0xc stm32_f103c6_Drivers/LCD_DRIVER/lcd.o
 .group         0x0000000000000000        0xc stm32_f103c6_Drivers/LCD_DRIVER/lcd.o
 .group         0x0000000000000000        0xc stm32_f103c6_Drivers/LCD_DRIVER/lcd.o
 .group         0x0000000000000000        0xc stm32_f103c6_Drivers/LCD_DRIVER/lcd.o
 .group         0x0000000000000000        0xc stm32_f103c6_Drivers/LCD_DRIVER/lcd.o
 .group         0x0000000000000000        0xc stm32_f103c6_Drivers/LCD_DRIVER/lcd.o
 .group         0x0000000000000000        0xc stm32_f103c6_Drivers/LCD_DRIVER/lcd.o
 .group         0x0000000000000000        0xc stm32_f103c6_Drivers/LCD_DRIVER/lcd.o
 .group         0x0000000000000000        0xc stm32_f103c6_Drivers/LCD_DRIVER/lcd.o
 .group         0x0000000000000000        0xc stm32_f103c6_Drivers/LCD_DRIVER/lcd.o
 .group         0x0000000000000000        0xc stm32_f103c6_Drivers/LCD_DRIVER/lcd.o
 .group         0x0000000000000000        0xc stm32_f103c6_Drivers/LCD_DRIVER/lcd.o
 .group         0x0000000000000000        0xc stm32_f103c6_Drivers/LCD_DRIVER/lcd.o
 .group         0x0000000000000000        0xc stm32_f103c6_Drivers/LCD_DRIVER/lcd.o
 .group         0x0000000000000000        0xc stm32_f103c6_Drivers/LCD_DRIVER/lcd.o
 .group         0x0000000000000000        0xc stm32_f103c6_Drivers/LCD_DRIVER/lcd.o
 .text          0x0000000000000000        0x0 stm32_f103c6_Drivers/LCD_DRIVER/lcd.o
 .data          0x0000000000000000        0x0 stm32_f103c6_Drivers/LCD_DRIVER/lcd.o
 .bss           0x0000000000000000        0x0 stm32_f103c6_Drivers/LCD_DRIVER/lcd.o
 .text.LCD_GOTO_XY
                0x0000000000000000       0x48 stm32_f103c6_Drivers/LCD_DRIVER/lcd.o
 .text.LCD_check_lcd_isbusy
                0x0000000000000000       0xd8 stm32_f103c6_Drivers/LCD_DRIVER/lcd.o
 .text.LCD_WRITE_CHAR
                0x0000000000000000       0x44 stm32_f103c6_Drivers/LCD_DRIVER/lcd.o
 .text.LCD_WRITE_STRING
                0x0000000000000000       0x58 stm32_f103c6_Drivers/LCD_DRIVER/lcd.o
 .debug_macro   0x0000000000000000      0xa60 stm32_f103c6_Drivers/LCD_DRIVER/lcd.o
 .debug_macro   0x0000000000000000       0x18 stm32_f103c6_Drivers/LCD_DRIVER/lcd.o
 .debug_macro   0x0000000000000000       0x22 stm32_f103c6_Drivers/LCD_DRIVER/lcd.o
 .debug_macro   0x0000000000000000       0x40 stm32_f103c6_Drivers/LCD_DRIVER/lcd.o
 .debug_macro   0x0000000000000000       0x94 stm32_f103c6_Drivers/LCD_DRIVER/lcd.o
 .debug_macro   0x0000000000000000       0x3c stm32_f103c6_Drivers/LCD_DRIVER/lcd.o
 .debug_macro   0x0000000000000000       0x34 stm32_f103c6_Drivers/LCD_DRIVER/lcd.o
 .debug_macro   0x0000000000000000       0x16 stm32_f103c6_Drivers/LCD_DRIVER/lcd.o
 .debug_macro   0x0000000000000000      0x10e stm32_f103c6_Drivers/LCD_DRIVER/lcd.o
 .debug_macro   0x0000000000000000       0x8d stm32_f103c6_Drivers/LCD_DRIVER/lcd.o
 .debug_macro   0x0000000000000000       0x57 stm32_f103c6_Drivers/LCD_DRIVER/lcd.o
 .debug_macro   0x0000000000000000       0x52 stm32_f103c6_Drivers/LCD_DRIVER/lcd.o
 .debug_macro   0x0000000000000000       0x1f stm32_f103c6_Drivers/LCD_DRIVER/lcd.o
 .debug_macro   0x0000000000000000       0x43 stm32_f103c6_Drivers/LCD_DRIVER/lcd.o
 .debug_macro   0x0000000000000000       0x20 stm32_f103c6_Drivers/LCD_DRIVER/lcd.o
 .debug_macro   0x0000000000000000      0x1a3 stm32_f103c6_Drivers/LCD_DRIVER/lcd.o
 .debug_macro   0x0000000000000000      0x330 stm32_f103c6_Drivers/LCD_DRIVER/lcd.o
 .debug_macro   0x0000000000000000       0x16 stm32_f103c6_Drivers/LCD_DRIVER/lcd.o
 .debug_macro   0x0000000000000000       0x29 stm32_f103c6_Drivers/LCD_DRIVER/lcd.o
 .debug_macro   0x0000000000000000       0xef stm32_f103c6_Drivers/LCD_DRIVER/lcd.o
 .debug_macro   0x0000000000000000       0x6a stm32_f103c6_Drivers/LCD_DRIVER/lcd.o
 .debug_macro   0x0000000000000000      0x1df stm32_f103c6_Drivers/LCD_DRIVER/lcd.o
 .debug_macro   0x0000000000000000      0x240 stm32_f103c6_Drivers/LCD_DRIVER/lcd.o
 .debug_macro   0x0000000000000000       0x9a stm32_f103c6_Drivers/LCD_DRIVER/lcd.o
 .group         0x0000000000000000        0xc stm32_f103c6_Drivers/stm32_f103c6_EXTI_driver.o
 .group         0x0000000000000000        0xc stm32_f103c6_Drivers/stm32_f103c6_EXTI_driver.o
 .group         0x0000000000000000        0xc stm32_f103c6_Drivers/stm32_f103c6_EXTI_driver.o
 .group         0x0000000000000000        0xc stm32_f103c6_Drivers/stm32_f103c6_EXTI_driver.o
 .group         0x0000000000000000        0xc stm32_f103c6_Drivers/stm32_f103c6_EXTI_driver.o
 .group         0x0000000000000000        0xc stm32_f103c6_Drivers/stm32_f103c6_EXTI_driver.o
 .group         0x0000000000000000        0xc stm32_f103c6_Drivers/stm32_f103c6_EXTI_driver.o
 .group         0x0000000000000000        0xc stm32_f103c6_Drivers/stm32_f103c6_EXTI_driver.o
 .group         0x0000000000000000        0xc stm32_f103c6_Drivers/stm32_f103c6_EXTI_driver.o
 .group         0x0000000000000000        0xc stm32_f103c6_Drivers/stm32_f103c6_EXTI_driver.o
 .group         0x0000000000000000        0xc stm32_f103c6_Drivers/stm32_f103c6_EXTI_driver.o
 .group         0x0000000000000000        0xc stm32_f103c6_Drivers/stm32_f103c6_EXTI_driver.o
 .group         0x0000000000000000        0xc stm32_f103c6_Drivers/stm32_f103c6_EXTI_driver.o
 .group         0x0000000000000000        0xc stm32_f103c6_Drivers/stm32_f103c6_EXTI_driver.o
 .group         0x0000000000000000        0xc stm32_f103c6_Drivers/stm32_f103c6_EXTI_driver.o
 .group         0x0000000000000000        0xc stm32_f103c6_Drivers/stm32_f103c6_EXTI_driver.o
 .group         0x0000000000000000        0xc stm32_f103c6_Drivers/stm32_f103c6_EXTI_driver.o
 .group         0x0000000000000000        0xc stm32_f103c6_Drivers/stm32_f103c6_EXTI_driver.o
 .group         0x0000000000000000        0xc stm32_f103c6_Drivers/stm32_f103c6_EXTI_driver.o
 .group         0x0000000000000000        0xc stm32_f103c6_Drivers/stm32_f103c6_EXTI_driver.o
 .group         0x0000000000000000        0xc stm32_f103c6_Drivers/stm32_f103c6_EXTI_driver.o
 .group         0x0000000000000000        0xc stm32_f103c6_Drivers/stm32_f103c6_EXTI_driver.o
 .group         0x0000000000000000        0xc stm32_f103c6_Drivers/stm32_f103c6_EXTI_driver.o
 .group         0x0000000000000000        0xc stm32_f103c6_Drivers/stm32_f103c6_EXTI_driver.o
 .group         0x0000000000000000        0xc stm32_f103c6_Drivers/stm32_f103c6_EXTI_driver.o
 .text          0x0000000000000000        0x0 stm32_f103c6_Drivers/stm32_f103c6_EXTI_driver.o
 .data          0x0000000000000000        0x0 stm32_f103c6_Drivers/stm32_f103c6_EXTI_driver.o
 .bss           0x0000000000000000        0x0 stm32_f103c6_Drivers/stm32_f103c6_EXTI_driver.o
 .text.Enable_NVIC
                0x0000000000000000       0xcc stm32_f103c6_Drivers/stm32_f103c6_EXTI_driver.o
 .text.Disable_NVIC
                0x0000000000000000       0xcc stm32_f103c6_Drivers/stm32_f103c6_EXTI_driver.o
 .text.Update_EXTI
                0x0000000000000000      0x1d8 stm32_f103c6_Drivers/stm32_f103c6_EXTI_driver.o
 .text.MCAL_EXTI_GPIO_Init
                0x0000000000000000       0x16 stm32_f103c6_Drivers/stm32_f103c6_EXTI_driver.o
 .text.MCAL_EXTI_GPIO_DeInit
                0x0000000000000000       0x94 stm32_f103c6_Drivers/stm32_f103c6_EXTI_driver.o
 .text.MCAL_EXTI_GPIO_Update
                0x0000000000000000       0x16 stm32_f103c6_Drivers/stm32_f103c6_EXTI_driver.o
 .debug_macro   0x0000000000000000      0xa60 stm32_f103c6_Drivers/stm32_f103c6_EXTI_driver.o
 .debug_macro   0x0000000000000000       0x18 stm32_f103c6_Drivers/stm32_f103c6_EXTI_driver.o
 .debug_macro   0x0000000000000000       0x22 stm32_f103c6_Drivers/stm32_f103c6_EXTI_driver.o
 .debug_macro   0x0000000000000000       0x40 stm32_f103c6_Drivers/stm32_f103c6_EXTI_driver.o
 .debug_macro   0x0000000000000000       0x94 stm32_f103c6_Drivers/stm32_f103c6_EXTI_driver.o
 .debug_macro   0x0000000000000000       0x3c stm32_f103c6_Drivers/stm32_f103c6_EXTI_driver.o
 .debug_macro   0x0000000000000000       0x34 stm32_f103c6_Drivers/stm32_f103c6_EXTI_driver.o
 .debug_macro   0x0000000000000000       0x16 stm32_f103c6_Drivers/stm32_f103c6_EXTI_driver.o
 .debug_macro   0x0000000000000000      0x10e stm32_f103c6_Drivers/stm32_f103c6_EXTI_driver.o
 .debug_macro   0x0000000000000000       0x8d stm32_f103c6_Drivers/stm32_f103c6_EXTI_driver.o
 .debug_macro   0x0000000000000000       0x57 stm32_f103c6_Drivers/stm32_f103c6_EXTI_driver.o
 .debug_macro   0x0000000000000000       0x52 stm32_f103c6_Drivers/stm32_f103c6_EXTI_driver.o
 .debug_macro   0x0000000000000000       0x1f stm32_f103c6_Drivers/stm32_f103c6_EXTI_driver.o
 .debug_macro   0x0000000000000000       0x43 stm32_f103c6_Drivers/stm32_f103c6_EXTI_driver.o
 .debug_macro   0x0000000000000000       0x20 stm32_f103c6_Drivers/stm32_f103c6_EXTI_driver.o
 .debug_macro   0x0000000000000000      0x1a3 stm32_f103c6_Drivers/stm32_f103c6_EXTI_driver.o
 .debug_macro   0x0000000000000000      0x330 stm32_f103c6_Drivers/stm32_f103c6_EXTI_driver.o
 .debug_macro   0x0000000000000000       0x16 stm32_f103c6_Drivers/stm32_f103c6_EXTI_driver.o
 .debug_macro   0x0000000000000000       0x29 stm32_f103c6_Drivers/stm32_f103c6_EXTI_driver.o
 .debug_macro   0x0000000000000000       0xef stm32_f103c6_Drivers/stm32_f103c6_EXTI_driver.o
 .debug_macro   0x0000000000000000       0x6a stm32_f103c6_Drivers/stm32_f103c6_EXTI_driver.o
 .debug_macro   0x0000000000000000      0x1df stm32_f103c6_Drivers/stm32_f103c6_EXTI_driver.o
 .debug_macro   0x0000000000000000      0x240 stm32_f103c6_Drivers/stm32_f103c6_EXTI_driver.o
 .group         0x0000000000000000        0xc stm32_f103c6_Drivers/stm32_f103c6_RCC_driver.o
 .group         0x0000000000000000        0xc stm32_f103c6_Drivers/stm32_f103c6_RCC_driver.o
 .group         0x0000000000000000        0xc stm32_f103c6_Drivers/stm32_f103c6_RCC_driver.o
 .group         0x0000000000000000        0xc stm32_f103c6_Drivers/stm32_f103c6_RCC_driver.o
 .group         0x0000000000000000        0xc stm32_f103c6_Drivers/stm32_f103c6_RCC_driver.o
 .group         0x0000000000000000        0xc stm32_f103c6_Drivers/stm32_f103c6_RCC_driver.o
 .group         0x0000000000000000        0xc stm32_f103c6_Drivers/stm32_f103c6_RCC_driver.o
 .group         0x0000000000000000        0xc stm32_f103c6_Drivers/stm32_f103c6_RCC_driver.o
 .group         0x0000000000000000        0xc stm32_f103c6_Drivers/stm32_f103c6_RCC_driver.o
 .group         0x0000000000000000        0xc stm32_f103c6_Drivers/stm32_f103c6_RCC_driver.o
 .group         0x0000000000000000        0xc stm32_f103c6_Drivers/stm32_f103c6_RCC_driver.o
 .group         0x0000000000000000        0xc stm32_f103c6_Drivers/stm32_f103c6_RCC_driver.o
 .group         0x0000000000000000        0xc stm32_f103c6_Drivers/stm32_f103c6_RCC_driver.o
 .group         0x0000000000000000        0xc stm32_f103c6_Drivers/stm32_f103c6_RCC_driver.o
 .group         0x0000000000000000        0xc stm32_f103c6_Drivers/stm32_f103c6_RCC_driver.o
 .group         0x0000000000000000        0xc stm32_f103c6_Drivers/stm32_f103c6_RCC_driver.o
 .group         0x0000000000000000        0xc stm32_f103c6_Drivers/stm32_f103c6_RCC_driver.o
 .group         0x0000000000000000        0xc stm32_f103c6_Drivers/stm32_f103c6_RCC_driver.o
 .group         0x0000000000000000        0xc stm32_f103c6_Drivers/stm32_f103c6_RCC_driver.o
 .group         0x0000000000000000        0xc stm32_f103c6_Drivers/stm32_f103c6_RCC_driver.o
 .group         0x0000000000000000        0xc stm32_f103c6_Drivers/stm32_f103c6_RCC_driver.o
 .group         0x0000000000000000        0xc stm32_f103c6_Drivers/stm32_f103c6_RCC_driver.o
 .group         0x0000000000000000        0xc stm32_f103c6_Drivers/stm32_f103c6_RCC_driver.o
 .group         0x0000000000000000        0xc stm32_f103c6_Drivers/stm32_f103c6_RCC_driver.o
 .group         0x0000000000000000        0xc stm32_f103c6_Drivers/stm32_f103c6_RCC_driver.o
 .text          0x0000000000000000        0x0 stm32_f103c6_Drivers/stm32_f103c6_RCC_driver.o
 .data          0x0000000000000000        0x0 stm32_f103c6_Drivers/stm32_f103c6_RCC_driver.o
 .bss           0x0000000000000000        0x0 stm32_f103c6_Drivers/stm32_f103c6_RCC_driver.o
 .debug_macro   0x0000000000000000      0xa60 stm32_f103c6_Drivers/stm32_f103c6_RCC_driver.o
 .debug_macro   0x0000000000000000       0x18 stm32_f103c6_Drivers/stm32_f103c6_RCC_driver.o
 .debug_macro   0x0000000000000000       0x22 stm32_f103c6_Drivers/stm32_f103c6_RCC_driver.o
 .debug_macro   0x0000000000000000       0x40 stm32_f103c6_Drivers/stm32_f103c6_RCC_driver.o
 .debug_macro   0x0000000000000000       0x94 stm32_f103c6_Drivers/stm32_f103c6_RCC_driver.o
 .debug_macro   0x0000000000000000       0x3c stm32_f103c6_Drivers/stm32_f103c6_RCC_driver.o
 .debug_macro   0x0000000000000000       0x34 stm32_f103c6_Drivers/stm32_f103c6_RCC_driver.o
 .debug_macro   0x0000000000000000       0x16 stm32_f103c6_Drivers/stm32_f103c6_RCC_driver.o
 .debug_macro   0x0000000000000000      0x10e stm32_f103c6_Drivers/stm32_f103c6_RCC_driver.o
 .debug_macro   0x0000000000000000       0x8d stm32_f103c6_Drivers/stm32_f103c6_RCC_driver.o
 .debug_macro   0x0000000000000000       0x57 stm32_f103c6_Drivers/stm32_f103c6_RCC_driver.o
 .debug_macro   0x0000000000000000       0x52 stm32_f103c6_Drivers/stm32_f103c6_RCC_driver.o
 .debug_macro   0x0000000000000000       0x1f stm32_f103c6_Drivers/stm32_f103c6_RCC_driver.o
 .debug_macro   0x0000000000000000       0x43 stm32_f103c6_Drivers/stm32_f103c6_RCC_driver.o
 .debug_macro   0x0000000000000000       0x20 stm32_f103c6_Drivers/stm32_f103c6_RCC_driver.o
 .debug_macro   0x0000000000000000      0x1a3 stm32_f103c6_Drivers/stm32_f103c6_RCC_driver.o
 .debug_macro   0x0000000000000000      0x330 stm32_f103c6_Drivers/stm32_f103c6_RCC_driver.o
 .debug_macro   0x0000000000000000       0x16 stm32_f103c6_Drivers/stm32_f103c6_RCC_driver.o
 .debug_macro   0x0000000000000000       0x29 stm32_f103c6_Drivers/stm32_f103c6_RCC_driver.o
 .debug_macro   0x0000000000000000       0xef stm32_f103c6_Drivers/stm32_f103c6_RCC_driver.o
 .debug_macro   0x0000000000000000       0x6a stm32_f103c6_Drivers/stm32_f103c6_RCC_driver.o
 .debug_macro   0x0000000000000000      0x1df stm32_f103c6_Drivers/stm32_f103c6_RCC_driver.o
 .debug_macro   0x0000000000000000      0x240 stm32_f103c6_Drivers/stm32_f103c6_RCC_driver.o
 .debug_macro   0x0000000000000000       0xd0 stm32_f103c6_Drivers/stm32_f103c6_RCC_driver.o
 .group         0x0000000000000000        0xc stm32_f103c6_Drivers/stm32_f103c6_USART_driver.o
 .group         0x0000000000000000        0xc stm32_f103c6_Drivers/stm32_f103c6_USART_driver.o
 .group         0x0000000000000000        0xc stm32_f103c6_Drivers/stm32_f103c6_USART_driver.o
 .group         0x0000000000000000        0xc stm32_f103c6_Drivers/stm32_f103c6_USART_driver.o
 .group         0x0000000000000000        0xc stm32_f103c6_Drivers/stm32_f103c6_USART_driver.o
 .group         0x0000000000000000        0xc stm32_f103c6_Drivers/stm32_f103c6_USART_driver.o
 .group         0x0000000000000000        0xc stm32_f103c6_Drivers/stm32_f103c6_USART_driver.o
 .group         0x0000000000000000        0xc stm32_f103c6_Drivers/stm32_f103c6_USART_driver.o
 .group         0x0000000000000000        0xc stm32_f103c6_Drivers/stm32_f103c6_USART_driver.o
 .group         0x0000000000000000        0xc stm32_f103c6_Drivers/stm32_f103c6_USART_driver.o
 .group         0x0000000000000000        0xc stm32_f103c6_Drivers/stm32_f103c6_USART_driver.o
 .group         0x0000000000000000        0xc stm32_f103c6_Drivers/stm32_f103c6_USART_driver.o
 .group         0x0000000000000000        0xc stm32_f103c6_Drivers/stm32_f103c6_USART_driver.o
 .group         0x0000000000000000        0xc stm32_f103c6_Drivers/stm32_f103c6_USART_driver.o
 .group         0x0000000000000000        0xc stm32_f103c6_Drivers/stm32_f103c6_USART_driver.o
 .group         0x0000000000000000        0xc stm32_f103c6_Drivers/stm32_f103c6_USART_driver.o
 .group         0x0000000000000000        0xc stm32_f103c6_Drivers/stm32_f103c6_USART_driver.o
 .group         0x0000000000000000        0xc stm32_f103c6_Drivers/stm32_f103c6_USART_driver.o
 .group         0x0000000000000000        0xc stm32_f103c6_Drivers/stm32_f103c6_USART_driver.o
 .group         0x0000000000000000        0xc stm32_f103c6_Drivers/stm32_f103c6_USART_driver.o
 .group         0x0000000000000000        0xc stm32_f103c6_Drivers/stm32_f103c6_USART_driver.o
 .group         0x0000000000000000        0xc stm32_f103c6_Drivers/stm32_f103c6_USART_driver.o
 .group         0x0000000000000000        0xc stm32_f103c6_Drivers/stm32_f103c6_USART_driver.o
 .group         0x0000000000000000        0xc stm32_f103c6_Drivers/stm32_f103c6_USART_driver.o
 .group         0x0000000000000000        0xc stm32_f103c6_Drivers/stm32_f103c6_USART_driver.o
 .group         0x0000000000000000        0xc stm32_f103c6_Drivers/stm32_f103c6_USART_driver.o
 .text          0x0000000000000000        0x0 stm32_f103c6_Drivers/stm32_f103c6_USART_driver.o
 .data          0x0000000000000000        0x0 stm32_f103c6_Drivers/stm32_f103c6_USART_driver.o
 .bss           0x0000000000000000        0x0 stm32_f103c6_Drivers/stm32_f103c6_USART_driver.o
 .text.MCAL_UART_DeInit
                0x0000000000000000       0x8c stm32_f103c6_Drivers/stm32_f103c6_USART_driver.o
 .text.MCAL_UART_SendData
                0x0000000000000000       0x36 stm32_f103c6_Drivers/stm32_f103c6_USART_driver.o
 .text.MCAL_UART_WAIT_TC
                0x0000000000000000       0x20 stm32_f103c6_Drivers/stm32_f103c6_USART_driver.o
 .debug_macro   0x0000000000000000      0xa60 stm32_f103c6_Drivers/stm32_f103c6_USART_driver.o
 .debug_macro   0x0000000000000000       0x18 stm32_f103c6_Drivers/stm32_f103c6_USART_driver.o
 .debug_macro   0x0000000000000000       0x22 stm32_f103c6_Drivers/stm32_f103c6_USART_driver.o
 .debug_macro   0x0000000000000000       0x40 stm32_f103c6_Drivers/stm32_f103c6_USART_driver.o
 .debug_macro   0x0000000000000000       0x94 stm32_f103c6_Drivers/stm32_f103c6_USART_driver.o
 .debug_macro   0x0000000000000000       0x3c stm32_f103c6_Drivers/stm32_f103c6_USART_driver.o
 .debug_macro   0x0000000000000000       0x34 stm32_f103c6_Drivers/stm32_f103c6_USART_driver.o
 .debug_macro   0x0000000000000000       0x16 stm32_f103c6_Drivers/stm32_f103c6_USART_driver.o
 .debug_macro   0x0000000000000000      0x10e stm32_f103c6_Drivers/stm32_f103c6_USART_driver.o
 .debug_macro   0x0000000000000000       0x8d stm32_f103c6_Drivers/stm32_f103c6_USART_driver.o
 .debug_macro   0x0000000000000000       0x57 stm32_f103c6_Drivers/stm32_f103c6_USART_driver.o
 .debug_macro   0x0000000000000000       0x52 stm32_f103c6_Drivers/stm32_f103c6_USART_driver.o
 .debug_macro   0x0000000000000000       0x1f stm32_f103c6_Drivers/stm32_f103c6_USART_driver.o
 .debug_macro   0x0000000000000000       0x43 stm32_f103c6_Drivers/stm32_f103c6_USART_driver.o
 .debug_macro   0x0000000000000000       0x20 stm32_f103c6_Drivers/stm32_f103c6_USART_driver.o
 .debug_macro   0x0000000000000000      0x1a3 stm32_f103c6_Drivers/stm32_f103c6_USART_driver.o
 .debug_macro   0x0000000000000000      0x330 stm32_f103c6_Drivers/stm32_f103c6_USART_driver.o
 .debug_macro   0x0000000000000000       0x16 stm32_f103c6_Drivers/stm32_f103c6_USART_driver.o
 .debug_macro   0x0000000000000000       0x29 stm32_f103c6_Drivers/stm32_f103c6_USART_driver.o
 .debug_macro   0x0000000000000000       0xef stm32_f103c6_Drivers/stm32_f103c6_USART_driver.o
 .debug_macro   0x0000000000000000       0x6a stm32_f103c6_Drivers/stm32_f103c6_USART_driver.o
 .debug_macro   0x0000000000000000      0x1df stm32_f103c6_Drivers/stm32_f103c6_USART_driver.o
 .debug_macro   0x0000000000000000      0x240 stm32_f103c6_Drivers/stm32_f103c6_USART_driver.o
 .debug_macro   0x0000000000000000       0x10 stm32_f103c6_Drivers/stm32_f103c6_USART_driver.o
 .group         0x0000000000000000        0xc stm32_f103c6_Drivers/stm32_f103c6_gpio_driver.o
 .group         0x0000000000000000        0xc stm32_f103c6_Drivers/stm32_f103c6_gpio_driver.o
 .group         0x0000000000000000        0xc stm32_f103c6_Drivers/stm32_f103c6_gpio_driver.o
 .group         0x0000000000000000        0xc stm32_f103c6_Drivers/stm32_f103c6_gpio_driver.o
 .group         0x0000000000000000        0xc stm32_f103c6_Drivers/stm32_f103c6_gpio_driver.o
 .group         0x0000000000000000        0xc stm32_f103c6_Drivers/stm32_f103c6_gpio_driver.o
 .group         0x0000000000000000        0xc stm32_f103c6_Drivers/stm32_f103c6_gpio_driver.o
 .group         0x0000000000000000        0xc stm32_f103c6_Drivers/stm32_f103c6_gpio_driver.o
 .group         0x0000000000000000        0xc stm32_f103c6_Drivers/stm32_f103c6_gpio_driver.o
 .group         0x0000000000000000        0xc stm32_f103c6_Drivers/stm32_f103c6_gpio_driver.o
 .group         0x0000000000000000        0xc stm32_f103c6_Drivers/stm32_f103c6_gpio_driver.o
 .group         0x0000000000000000        0xc stm32_f103c6_Drivers/stm32_f103c6_gpio_driver.o
 .group         0x0000000000000000        0xc stm32_f103c6_Drivers/stm32_f103c6_gpio_driver.o
 .group         0x0000000000000000        0xc stm32_f103c6_Drivers/stm32_f103c6_gpio_driver.o
 .group         0x0000000000000000        0xc stm32_f103c6_Drivers/stm32_f103c6_gpio_driver.o
 .group         0x0000000000000000        0xc stm32_f103c6_Drivers/stm32_f103c6_gpio_driver.o
 .group         0x0000000000000000        0xc stm32_f103c6_Drivers/stm32_f103c6_gpio_driver.o
 .group         0x0000000000000000        0xc stm32_f103c6_Drivers/stm32_f103c6_gpio_driver.o
 .group         0x0000000000000000        0xc stm32_f103c6_Drivers/stm32_f103c6_gpio_driver.o
 .group         0x0000000000000000        0xc stm32_f103c6_Drivers/stm32_f103c6_gpio_driver.o
 .group         0x0000000000000000        0xc stm32_f103c6_Drivers/stm32_f103c6_gpio_driver.o
 .group         0x0000000000000000        0xc stm32_f103c6_Drivers/stm32_f103c6_gpio_driver.o
 .group         0x0000000000000000        0xc stm32_f103c6_Drivers/stm32_f103c6_gpio_driver.o
 .group         0x0000000000000000        0xc stm32_f103c6_Drivers/stm32_f103c6_gpio_driver.o
 .text          0x0000000000000000        0x0 stm32_f103c6_Drivers/stm32_f103c6_gpio_driver.o
 .data          0x0000000000000000        0x0 stm32_f103c6_Drivers/stm32_f103c6_gpio_driver.o
 .bss           0x0000000000000000        0x0 stm32_f103c6_Drivers/stm32_f103c6_gpio_driver.o
 .text.MCAL_GPIO_DeInit
                0x0000000000000000       0xfc stm32_f103c6_Drivers/stm32_f103c6_gpio_driver.o
 .text.MCAL_GPIO_ReadPin
                0x0000000000000000       0x2e stm32_f103c6_Drivers/stm32_f103c6_gpio_driver.o
 .text.MCAL_GPIO_ReadPort
                0x0000000000000000       0x1a stm32_f103c6_Drivers/stm32_f103c6_gpio_driver.o
 .text.MCAL_GPIO_LockPin
                0x0000000000000000       0x4e stm32_f103c6_Drivers/stm32_f103c6_gpio_driver.o
 .debug_macro   0x0000000000000000      0xa60 stm32_f103c6_Drivers/stm32_f103c6_gpio_driver.o
 .debug_macro   0x0000000000000000       0x18 stm32_f103c6_Drivers/stm32_f103c6_gpio_driver.o
 .debug_macro   0x0000000000000000       0x22 stm32_f103c6_Drivers/stm32_f103c6_gpio_driver.o
 .debug_macro   0x0000000000000000       0x40 stm32_f103c6_Drivers/stm32_f103c6_gpio_driver.o
 .debug_macro   0x0000000000000000       0x94 stm32_f103c6_Drivers/stm32_f103c6_gpio_driver.o
 .debug_macro   0x0000000000000000       0x3c stm32_f103c6_Drivers/stm32_f103c6_gpio_driver.o
 .debug_macro   0x0000000000000000       0x34 stm32_f103c6_Drivers/stm32_f103c6_gpio_driver.o
 .debug_macro   0x0000000000000000       0x16 stm32_f103c6_Drivers/stm32_f103c6_gpio_driver.o
 .debug_macro   0x0000000000000000      0x10e stm32_f103c6_Drivers/stm32_f103c6_gpio_driver.o
 .debug_macro   0x0000000000000000       0x8d stm32_f103c6_Drivers/stm32_f103c6_gpio_driver.o
 .debug_macro   0x0000000000000000       0x57 stm32_f103c6_Drivers/stm32_f103c6_gpio_driver.o
 .debug_macro   0x0000000000000000       0x52 stm32_f103c6_Drivers/stm32_f103c6_gpio_driver.o
 .debug_macro   0x0000000000000000       0x1f stm32_f103c6_Drivers/stm32_f103c6_gpio_driver.o
 .debug_macro   0x0000000000000000       0x43 stm32_f103c6_Drivers/stm32_f103c6_gpio_driver.o
 .debug_macro   0x0000000000000000       0x20 stm32_f103c6_Drivers/stm32_f103c6_gpio_driver.o
 .debug_macro   0x0000000000000000      0x1a3 stm32_f103c6_Drivers/stm32_f103c6_gpio_driver.o
 .debug_macro   0x0000000000000000      0x330 stm32_f103c6_Drivers/stm32_f103c6_gpio_driver.o
 .debug_macro   0x0000000000000000       0x16 stm32_f103c6_Drivers/stm32_f103c6_gpio_driver.o
 .debug_macro   0x0000000000000000       0x29 stm32_f103c6_Drivers/stm32_f103c6_gpio_driver.o
 .debug_macro   0x0000000000000000       0xef stm32_f103c6_Drivers/stm32_f103c6_gpio_driver.o
 .debug_macro   0x0000000000000000       0x6a stm32_f103c6_Drivers/stm32_f103c6_gpio_driver.o
 .debug_macro   0x0000000000000000      0x1df stm32_f103c6_Drivers/stm32_f103c6_gpio_driver.o
 .debug_macro   0x0000000000000000      0x240 stm32_f103c6_Drivers/stm32_f103c6_gpio_driver.o
 .debug_macro   0x0000000000000000       0xd0 stm32_f103c6_Drivers/stm32_f103c6_gpio_driver.o
 .text          0x0000000000000000        0x0 c:/st/stm32cubeide_1.4.0/stm32cubeide/plugins/com.st.stm32cube.ide.mcu.externaltools.gnu-tools-for-stm32.7-2018-q2-update.win32_1.4.0.202007081208/tools/bin/../lib/gcc/arm-none-eabi/7.3.1/../../../../arm-none-eabi/lib/thumb/v7-m\libc_nano.a(lib_a-errno.o)
 .data          0x0000000000000000        0x0 c:/st/stm32cubeide_1.4.0/stm32cubeide/plugins/com.st.stm32cube.ide.mcu.externaltools.gnu-tools-for-stm32.7-2018-q2-update.win32_1.4.0.202007081208/tools/bin/../lib/gcc/arm-none-eabi/7.3.1/../../../../arm-none-eabi/lib/thumb/v7-m\libc_nano.a(lib_a-errno.o)
 .bss           0x0000000000000000        0x0 c:/st/stm32cubeide_1.4.0/stm32cubeide/plugins/com.st.stm32cube.ide.mcu.externaltools.gnu-tools-for-stm32.7-2018-q2-update.win32_1.4.0.202007081208/tools/bin/../lib/gcc/arm-none-eabi/7.3.1/../../../../arm-none-eabi/lib/thumb/v7-m\libc_nano.a(lib_a-errno.o)
 .text.__errno  0x0000000000000000        0xc c:/st/stm32cubeide_1.4.0/stm32cubeide/plugins/com.st.stm32cube.ide.mcu.externaltools.gnu-tools-for-stm32.7-2018-q2-update.win32_1.4.0.202007081208/tools/bin/../lib/gcc/arm-none-eabi/7.3.1/../../../../arm-none-eabi/lib/thumb/v7-m\libc_nano.a(lib_a-errno.o)
 .debug_frame   0x0000000000000000       0x20 c:/st/stm32cubeide_1.4.0/stm32cubeide/plugins/com.st.stm32cube.ide.mcu.externaltools.gnu-tools-for-stm32.7-2018-q2-update.win32_1.4.0.202007081208/tools/bin/../lib/gcc/arm-none-eabi/7.3.1/../../../../arm-none-eabi/lib/thumb/v7-m\libc_nano.a(lib_a-errno.o)
 .ARM.attributes
                0x0000000000000000       0x2d c:/st/stm32cubeide_1.4.0/stm32cubeide/plugins/com.st.stm32cube.ide.mcu.externaltools.gnu-tools-for-stm32.7-2018-q2-update.win32_1.4.0.202007081208/tools/bin/../lib/gcc/arm-none-eabi/7.3.1/../../../../arm-none-eabi/lib/thumb/v7-m\libc_nano.a(lib_a-errno.o)
 .text          0x0000000000000000        0x0 c:/st/stm32cubeide_1.4.0/stm32cubeide/plugins/com.st.stm32cube.ide.mcu.externaltools.gnu-tools-for-stm32.7-2018-q2-update.win32_1.4.0.202007081208/tools/bin/../lib/gcc/arm-none-eabi/7.3.1/../../../../arm-none-eabi/lib/thumb/v7-m\libc_nano.a(lib_a-exit.o)
 .data          0x0000000000000000        0x0 c:/st/stm32cubeide_1.4.0/stm32cubeide/plugins/com.st.stm32cube.ide.mcu.externaltools.gnu-tools-for-stm32.7-2018-q2-update.win32_1.4.0.202007081208/tools/bin/../lib/gcc/arm-none-eabi/7.3.1/../../../../arm-none-eabi/lib/thumb/v7-m\libc_nano.a(lib_a-exit.o)
 .bss           0x0000000000000000        0x0 c:/st/stm32cubeide_1.4.0/stm32cubeide/plugins/com.st.stm32cube.ide.mcu.externaltools.gnu-tools-for-stm32.7-2018-q2-update.win32_1.4.0.202007081208/tools/bin/../lib/gcc/arm-none-eabi/7.3.1/../../../../arm-none-eabi/lib/thumb/v7-m\libc_nano.a(lib_a-exit.o)
 .text.exit     0x0000000000000000       0x28 c:/st/stm32cubeide_1.4.0/stm32cubeide/plugins/com.st.stm32cube.ide.mcu.externaltools.gnu-tools-for-stm32.7-2018-q2-update.win32_1.4.0.202007081208/tools/bin/../lib/gcc/arm-none-eabi/7.3.1/../../../../arm-none-eabi/lib/thumb/v7-m\libc_nano.a(lib_a-exit.o)
 .debug_frame   0x0000000000000000       0x28 c:/st/stm32cubeide_1.4.0/stm32cubeide/plugins/com.st.stm32cube.ide.mcu.externaltools.gnu-tools-for-stm32.7-2018-q2-update.win32_1.4.0.202007081208/tools/bin/../lib/gcc/arm-none-eabi/7.3.1/../../../../arm-none-eabi/lib/thumb/v7-m\libc_nano.a(lib_a-exit.o)
 .ARM.attributes
                0x0000000000000000       0x2d c:/st/stm32cubeide_1.4.0/stm32cubeide/plugins/com.st.stm32cube.ide.mcu.externaltools.gnu-tools-for-stm32.7-2018-q2-update.win32_1.4.0.202007081208/tools/bin/../lib/gcc/arm-none-eabi/7.3.1/../../../../arm-none-eabi/lib/thumb/v7-m\libc_nano.a(lib_a-exit.o)
 .text          0x0000000000000000        0x0 c:/st/stm32cubeide_1.4.0/stm32cubeide/plugins/com.st.stm32cube.ide.mcu.externaltools.gnu-tools-for-stm32.7-2018-q2-update.win32_1.4.0.202007081208/tools/bin/../lib/gcc/arm-none-eabi/7.3.1/../../../../arm-none-eabi/lib/thumb/v7-m\libc_nano.a(lib_a-impure.o)
 .data          0x0000000000000000        0x0 c:/st/stm32cubeide_1.4.0/stm32cubeide/plugins/com.st.stm32cube.ide.mcu.externaltools.gnu-tools-for-stm32.7-2018-q2-update.win32_1.4.0.202007081208/tools/bin/../lib/gcc/arm-none-eabi/7.3.1/../../../../arm-none-eabi/lib/thumb/v7-m\libc_nano.a(lib_a-impure.o)
 .bss           0x0000000000000000        0x0 c:/st/stm32cubeide_1.4.0/stm32cubeide/plugins/com.st.stm32cube.ide.mcu.externaltools.gnu-tools-for-stm32.7-2018-q2-update.win32_1.4.0.202007081208/tools/bin/../lib/gcc/arm-none-eabi/7.3.1/../../../../arm-none-eabi/lib/thumb/v7-m\libc_nano.a(lib_a-impure.o)
 .data._impure_ptr
                0x0000000000000000        0x4 c:/st/stm32cubeide_1.4.0/stm32cubeide/plugins/com.st.stm32cube.ide.mcu.externaltools.gnu-tools-for-stm32.7-2018-q2-update.win32_1.4.0.202007081208/tools/bin/../lib/gcc/arm-none-eabi/7.3.1/../../../../arm-none-eabi/lib/thumb/v7-m\libc_nano.a(lib_a-impure.o)
 .data.impure_data
                0x0000000000000000       0x60 c:/st/stm32cubeide_1.4.0/stm32cubeide/plugins/com.st.stm32cube.ide.mcu.externaltools.gnu-tools-for-stm32.7-2018-q2-update.win32_1.4.0.202007081208/tools/bin/../lib/gcc/arm-none-eabi/7.3.1/../../../../arm-none-eabi/lib/thumb/v7-m\libc_nano.a(lib_a-impure.o)
 .rodata._global_impure_ptr
                0x0000000000000000        0x4 c:/st/stm32cubeide_1.4.0/stm32cubeide/plugins/com.st.stm32cube.ide.mcu.externaltools.gnu-tools-for-stm32.7-2018-q2-update.win32_1.4.0.202007081208/tools/bin/../lib/gcc/arm-none-eabi/7.3.1/../../../../arm-none-eabi/lib/thumb/v7-m\libc_nano.a(lib_a-impure.o)
 .ARM.attributes
                0x0000000000000000       0x2d c:/st/stm32cubeide_1.4.0/stm32cubeide/plugins/com.st.stm32cube.ide.mcu.externaltools.gnu-tools-for-stm32.7-2018-q2-update.win32_1.4.0.202007081208/tools/bin/../lib/gcc/arm-none-eabi/7.3.1/../../../../arm-none-eabi/lib/thumb/v7-m\libc_nano.a(lib_a-impure.o)
 .text          0x0000000000000000        0x0 c:/st/stm32cubeide_1.4.0/stm32cubeide/plugins/com.st.stm32cube.ide.mcu.externaltools.gnu-tools-for-stm32.7-2018-q2-update.win32_1.4.0.202007081208/tools/bin/../lib/gcc/arm-none-eabi/7.3.1/../../../../arm-none-eabi/lib/thumb/v7-m\libc_nano.a(lib_a-init.o)
 .data          0x0000000000000000        0x0 c:/st/stm32cubeide_1.4.0/stm32cubeide/plugins/com.st.stm32cube.ide.mcu.externaltools.gnu-tools-for-stm32.7-2018-q2-update.win32_1.4.0.202007081208/tools/bin/../lib/gcc/arm-none-eabi/7.3.1/../../../../arm-none-eabi/lib/thumb/v7-m\libc_nano.a(lib_a-init.o)
 .bss           0x0000000000000000        0x0 c:/st/stm32cubeide_1.4.0/stm32cubeide/plugins/com.st.stm32cube.ide.mcu.externaltools.gnu-tools-for-stm32.7-2018-q2-update.win32_1.4.0.202007081208/tools/bin/../lib/gcc/arm-none-eabi/7.3.1/../../../../arm-none-eabi/lib/thumb/v7-m\libc_nano.a(lib_a-init.o)
 .text          0x0000000000000000        0x0 c:/st/stm32cubeide_1.4.0/stm32cubeide/plugins/com.st.stm32cube.ide.mcu.externaltools.gnu-tools-for-stm32.7-2018-q2-update.win32_1.4.0.202007081208/tools/bin/../lib/gcc/arm-none-eabi/7.3.1/../../../../arm-none-eabi/lib/thumb/v7-m\libc_nano.a(lib_a-memset.o)
 .data          0x0000000000000000        0x0 c:/st/stm32cubeide_1.4.0/stm32cubeide/plugins/com.st.stm32cube.ide.mcu.externaltools.gnu-tools-for-stm32.7-2018-q2-update.win32_1.4.0.202007081208/tools/bin/../lib/gcc/arm-none-eabi/7.3.1/../../../../arm-none-eabi/lib/thumb/v7-m\libc_nano.a(lib_a-memset.o)
 .bss           0x0000000000000000        0x0 c:/st/stm32cubeide_1.4.0/stm32cubeide/plugins/com.st.stm32cube.ide.mcu.externaltools.gnu-tools-for-stm32.7-2018-q2-update.win32_1.4.0.202007081208/tools/bin/../lib/gcc/arm-none-eabi/7.3.1/../../../../arm-none-eabi/lib/thumb/v7-m\libc_nano.a(lib_a-memset.o)
 .text.memset   0x0000000000000000       0x10 c:/st/stm32cubeide_1.4.0/stm32cubeide/plugins/com.st.stm32cube.ide.mcu.externaltools.gnu-tools-for-stm32.7-2018-q2-update.win32_1.4.0.202007081208/tools/bin/../lib/gcc/arm-none-eabi/7.3.1/../../../../arm-none-eabi/lib/thumb/v7-m\libc_nano.a(lib_a-memset.o)
 .debug_frame   0x0000000000000000       0x20 c:/st/stm32cubeide_1.4.0/stm32cubeide/plugins/com.st.stm32cube.ide.mcu.externaltools.gnu-tools-for-stm32.7-2018-q2-update.win32_1.4.0.202007081208/tools/bin/../lib/gcc/arm-none-eabi/7.3.1/../../../../arm-none-eabi/lib/thumb/v7-m\libc_nano.a(lib_a-memset.o)
 .ARM.attributes
                0x0000000000000000       0x2d c:/st/stm32cubeide_1.4.0/stm32cubeide/plugins/com.st.stm32cube.ide.mcu.externaltools.gnu-tools-for-stm32.7-2018-q2-update.win32_1.4.0.202007081208/tools/bin/../lib/gcc/arm-none-eabi/7.3.1/../../../../arm-none-eabi/lib/thumb/v7-m\libc_nano.a(lib_a-memset.o)
 .text          0x0000000000000000        0x0 c:/st/stm32cubeide_1.4.0/stm32cubeide/plugins/com.st.stm32cube.ide.mcu.externaltools.gnu-tools-for-stm32.7-2018-q2-update.win32_1.4.0.202007081208/tools/bin/../lib/gcc/arm-none-eabi/7.3.1/thumb/v7-m/crtend.o
 .data          0x0000000000000000        0x0 c:/st/stm32cubeide_1.4.0/stm32cubeide/plugins/com.st.stm32cube.ide.mcu.externaltools.gnu-tools-for-stm32.7-2018-q2-update.win32_1.4.0.202007081208/tools/bin/../lib/gcc/arm-none-eabi/7.3.1/thumb/v7-m/crtend.o
 .bss           0x0000000000000000        0x0 c:/st/stm32cubeide_1.4.0/stm32cubeide/plugins/com.st.stm32cube.ide.mcu.externaltools.gnu-tools-for-stm32.7-2018-q2-update.win32_1.4.0.202007081208/tools/bin/../lib/gcc/arm-none-eabi/7.3.1/thumb/v7-m/crtend.o
 .eh_frame      0x0000000000000000        0x4 c:/st/stm32cubeide_1.4.0/stm32cubeide/plugins/com.st.stm32cube.ide.mcu.externaltools.gnu-tools-for-stm32.7-2018-q2-update.win32_1.4.0.202007081208/tools/bin/../lib/gcc/arm-none-eabi/7.3.1/thumb/v7-m/crtend.o
 .ARM.attributes
                0x0000000000000000       0x2d c:/st/stm32cubeide_1.4.0/stm32cubeide/plugins/com.st.stm32cube.ide.mcu.externaltools.gnu-tools-for-stm32.7-2018-q2-update.win32_1.4.0.202007081208/tools/bin/../lib/gcc/arm-none-eabi/7.3.1/thumb/v7-m/crtend.o
 .text          0x0000000000000000        0x0 c:/st/stm32cubeide_1.4.0/stm32cubeide/plugins/com.st.stm32cube.ide.mcu.externaltools.gnu-tools-for-stm32.7-2018-q2-update.win32_1.4.0.202007081208/tools/bin/../lib/gcc/arm-none-eabi/7.3.1/thumb/v7-m/crtn.o
 .data          0x0000000000000000        0x0 c:/st/stm32cubeide_1.4.0/stm32cubeide/plugins/com.st.stm32cube.ide.mcu.externaltools.gnu-tools-for-stm32.7-2018-q2-update.win32_1.4.0.202007081208/tools/bin/../lib/gcc/arm-none-eabi/7.3.1/thumb/v7-m/crtn.o
 .bss           0x0000000000000000        0x0 c:/st/stm32cubeide_1.4.0/stm32cubeide/plugins/com.st.stm32cube.ide.mcu.externaltools.gnu-tools-for-stm32.7-2018-q2-update.win32_1.4.0.202007081208/tools/bin/../lib/gcc/arm-none-eabi/7.3.1/thumb/v7-m/crtn.o

Memory Configuration

Name             Origin             Length             Attributes
RAM              0x0000000020000000 0x0000000000002800 xrw
ROM              0x0000000008000000 0x0000000000008000 xr
*default*        0x0000000000000000 0xffffffffffffffff

Linker script and memory map

LOAD c:/st/stm32cubeide_1.4.0/stm32cubeide/plugins/com.st.stm32cube.ide.mcu.externaltools.gnu-tools-for-stm32.7-2018-q2-update.win32_1.4.0.202007081208/tools/bin/../lib/gcc/arm-none-eabi/7.3.1/thumb/v7-m/crti.o
LOAD c:/st/stm32cubeide_1.4.0/stm32cubeide/plugins/com.st.stm32cube.ide.mcu.externaltools.gnu-tools-for-stm32.7-2018-q2-update.win32_1.4.0.202007081208/tools/bin/../lib/gcc/arm-none-eabi/7.3.1/thumb/v7-m/crtbegin.o
LOAD c:/st/stm32cubeide_1.4.0/stm32cubeide/plugins/com.st.stm32cube.ide.mcu.externaltools.gnu-tools-for-stm32.7-2018-q2-update.win32_1.4.0.202007081208/tools/bin/../lib/gcc/arm-none-eabi/7.3.1/../../../../arm-none-eabi/lib/thumb/v7-m/crt0.o
LOAD Src/main.o
LOAD Src/syscalls.o
LOAD Src/sysmem.o
LOAD Startup/startup_stm32f103c6tx.o
LOAD stm32_f103c6_Drivers/LCD_DRIVER/lcd.o
LOAD stm32_f103c6_Drivers/stm32_f103c6_EXTI_driver.o
LOAD stm32_f103c6_Drivers/stm32_f103c6_RCC_driver.o
LOAD stm32_f103c6_Drivers/stm32_f103c6_USART_driver.o
LOAD stm32_f103c6_Drivers/stm32_f103c6_gpio_driver.o
START GROUP
LOAD c:/st/stm32cubeide_1.4.0/stm32cubeide/plugins/com.st.stm32cube.ide.mcu.externaltools.gnu-tools-for-stm32.7-2018-q2-update.win32_1.4.0.202007081208/tools/bin/../lib/gcc/arm-none-eabi/7.3.1/../../../../arm-none-eabi/lib/thumb/v7-m\libc_nano.a
LOAD c:/st/stm32cubeide_1.4.0/stm32cubeide/plugins/com.st.stm32cube.ide.mcu.externaltools.gnu-tools-for-stm32.7-2018-q2-update.win32_1.4.0.202007081208/tools/bin/../lib/gcc/arm-none-eabi/7.3.1/../../../../arm-none-eabi/lib/thumb/v7-m\libm.a
END GROUP
START GROUP
LOAD c:/st/stm32cubeide_1.4.0/stm32cubeide/plugins/com.st.stm32cube.ide.mcu.externaltools.gnu-tools-for-stm32.7-2018-q2-update.win32_1.4.0.202007081208/tools/bin/../lib/gcc/arm-none-eabi/7.3.1/thumb/v7-m\libgcc.a
LOAD c:/st/stm32cubeide_1.4.0/stm32cubeide/plugins/com.st.stm32cube.ide.mcu.externaltools.gnu-tools-for-stm32.7-2018-q2-update.win32_1.4.0.202007081208/tools/bin/../lib/gcc/arm-none-eabi/7.3.1/../../../../arm-none-eabi/lib/thumb/v7-m\libc_nano.a
END GROUP
START GROUP
LOAD c:/st/stm32cubeide_1.4.0/stm32cubeide/plugins/com.st.stm32cube.ide.mcu.externaltools.gnu-tools-for-stm32.7-2018-q2-update.win32_1.4.0.202007081208/tools/bin/../lib/gcc/arm-none-eabi/7.3.1/thumb/v7-m\libgcc.a
LOAD c:/st/stm32cubeide_1.4.0/stm32cubeide/plugins/com.st.stm32cube.ide.mcu.externaltools.gnu-tools-for-stm32.7-2018-q2-update.win32_1.4.0.202007081208/tools/bin/../lib/gcc/arm-none-eabi/7.3.1/../../../../arm-none-eabi/lib/thumb/v7-m\libc_nano.a
LOAD c:/st/stm32cubeide_1.4.0/stm32cubeide/plugins/com.st.stm32cube.ide.mcu.externaltools.gnu-tools-for-stm32.7-2018-q2-update.win32_1.4.0.202007081208/tools/bin/../lib/gcc/arm-none-eabi/7.3.1/../../../../arm-none-eabi/lib/thumb/v7-m\libnosys.a
END GROUP
START GROUP
LOAD c:/st/stm32cubeide_1.4.0/stm32cubeide/plugins/com.st.stm32cube.ide.mcu.externaltools.gnu-tools-for-stm32.7-2018-q2-update.win32_1.4.0.202007081208/tools/bin/../lib/gcc/arm-none-eabi/7.3.1/thumb/v7-m\libgcc.a
LOAD c:/st/stm32cubeide_1.4.0/stm32cubeide/plugins/com.st.stm32cube.ide.mcu.externaltools.gnu-tools-for-stm32.7-2018-q2-update.win32_1.4.0.202007081208/tools/bin/../lib/gcc/arm-none-eabi/7.3.1/../../../../arm-none-eabi/lib/thumb/v7-m\libc_nano.a
LOAD c:/st/stm32cubeide_1.4.0/stm32cubeide/plugins/com.st.stm32cube.ide.mcu.externaltools.gnu-tools-for-stm32.7-2018-q2-update.win32_1.4.0.202007081208/tools/bin/../lib/gcc/arm-none-eabi/7.3.1/../../../../arm-none-eabi/lib/thumb/v7-m\libnosys.a
END GROUP
LOAD c:/st/stm32cubeide_1.4.0/stm32cubeide/plugins/com.st.stm32cube.ide.mcu.externaltools.gnu-tools-for-stm32.7-2018-q2-update.win32_1.4.0.202007081208/tools/bin/../lib/gcc/arm-none-eabi/7.3.1/thumb/v7-m/crtend.o
LOAD c:/st/stm32cubeide_1.4.0/stm32cubeide/plugins/com.st.stm32cube.ide.mcu.externaltools.gnu-tools-for-stm32.7-2018-q2-update.win32_1.4.0.202007081208/tools/bin/../lib/gcc/arm-none-eabi/7.3.1/thumb/v7-m/crtn.o
                0x0000000020002800                _estack = (ORIGIN (RAM) + LENGTH (RAM))
                0x0000000000000200                _Min_Heap_Size = 0x200
                0x0000000000000400                _Min_Stack_Size = 0x400

.isr_vector     0x0000000008000000      0x130
                0x0000000008000000                . = ALIGN (0x4)
 *(.isr_vector)
 .isr_vector    0x0000000008000000      0x130 Startup/startup_stm32f103c6tx.o
                0x0000000008000000                g_pfnVectors
                0x0000000008000130                . = ALIGN (0x4)

.text           0x0000000008000130      0xc84
                0x0000000008000130                . = ALIGN (0x4)
 *(.text)
 .text          0x0000000008000130       0x40 c:/st/stm32cubeide_1.4.0/stm32cubeide/plugins/com.st.stm32cube.ide.mcu.externaltools.gnu-tools-for-stm32.7-2018-q2-update.win32_1.4.0.202007081208/tools/bin/../lib/gcc/arm-none-eabi/7.3.1/thumb/v7-m/crtbegin.o
 *(.text*)
 .text.clock_init
                0x0000000008000170       0x40 Src/main.o
                0x0000000008000170                clock_init
 .text.GPIO_init
                0x00000000080001b0       0x40 Src/main.o
                0x00000000080001b0                GPIO_init
 .text.wait_ms  0x00000000080001f0       0x38 Src/main.o
                0x00000000080001f0                wait_ms
 .text.UART_IRQ_callback
                0x0000000008000228       0x7c Src/main.o
                0x0000000008000228                UART_IRQ_callback
 .text.main     0x00000000080002a4       0x50 Src/main.o
                0x00000000080002a4                main
 .text.Reset_Handler
                0x00000000080002f4       0x50 Startup/startup_stm32f103c6tx.o
                0x00000000080002f4                Reset_Handler
 .text.Default_Handler
                0x0000000008000344        0x2 Startup/startup_stm32f103c6tx.o
                0x0000000008000344                TIM8_TRG_COM_IRQHandler
                0x0000000008000344                TIM8_CC_IRQHandler
                0x0000000008000344                DebugMon_Handler
                0x0000000008000344                TIM1_CC_IRQHandler
                0x0000000008000344                HardFault_Handler
                0x0000000008000344                TIM6_IRQHandler
                0x0000000008000344                SysTick_Handler
                0x0000000008000344                PVD_IRQHandler
                0x0000000008000344                SDIO_IRQHandler
                0x0000000008000344                PendSV_Handler
                0x0000000008000344                NMI_Handler
                0x0000000008000344                USB_HP_CAN_TX_IRQHandler
                0x0000000008000344                I2C2_EV_IRQHandler
                0x0000000008000344                UsageFault_Handler
                0x0000000008000344                ADC1_2_IRQHandler
                0x0000000008000344                SPI1_IRQHandler
                0x0000000008000344                CAN_SCE_IRQHandler
                0x0000000008000344                TAMPER_IRQHandler
                0x0000000008000344                TIM8_UP_IRQHandler
                0x0000000008000344                DMA2_Channel2_IRQHandler
                0x0000000008000344                DMA1_Channel4_IRQHandler
                0x0000000008000344                RTC_IRQHandler
                0x0000000008000344                DMA1_Channel7_IRQHandler
                0x0000000008000344                UART5_IRQHandler
                0x0000000008000344                ADC3_IRQHandler
                0x0000000008000344                TIM4_IRQHandler
                0x0000000008000344                CAN_RX1_IRQHandler
                0x0000000008000344                DMA2_Channel1_IRQHandler
                0x0000000008000344                I2C1_EV_IRQHandler
                0x0000000008000344                DMA1_Channel6_IRQHandler
                0x0000000008000344                UART4_IRQHandler
                0x0000000008000344                TIM3_IRQHandler
                0x0000000008000344                RCC_IRQHandler
                0x0000000008000344                TIM1_TRG_COM_IRQHandler
                0x0000000008000344                DMA1_Channel1_IRQHandler
                0x0000000008000344                Default_Handler
                0x0000000008000344                TIM7_IRQHandler
                0x0000000008000344                TIM5_IRQHandler
                0x0000000008000344                SPI2_IRQHandler
                0x0000000008000344                USB_LP_CAN_RX0_IRQHandler
                0x0000000008000344                MemManage_Handler
                0x0000000008000344                SVC_Handler
                0x0000000008000344                DMA1_Channel5_IRQHandler
                0x0000000008000344                DMA1_Channel3_IRQHandler
                0x0000000008000344                FSMC_IRQHandler
                0x0000000008000344                TIM1_UP_IRQHandler
                0x0000000008000344                WWDG_IRQHandler
                0x0000000008000344                TIM2_IRQHandler
                0x0000000008000344                TIM1_BRK_IRQHandler
                0x0000000008000344                RTCAlarm_IRQHandler
                0x0000000008000344                DMA2_Channel4_5_IRQHandler
                0x0000000008000344                I2C2_ER_IRQHandler
                0x0000000008000344                DMA1_Channel2_IRQHandler
                0x0000000008000344                TIM8_BRK_IRQHandler
                0x0000000008000344                FLASH_IRQHandler
                0x0000000008000344                BusFault_Handler
                0x0000000008000344                SPI3_IRQHandler
                0x0000000008000344                I2C1_ER_IRQHandler
                0x0000000008000344                DMA2_Channel3_IRQHandler
 .text.delay_ms
                0x0000000008000346       0x38 stm32_f103c6_Drivers/LCD_DRIVER/lcd.o
                0x0000000008000346                delay_ms
 *fill*         0x000000000800037e        0x2 
 .text.LCD_GPIO_init
                0x0000000008000380      0x158 stm32_f103c6_Drivers/LCD_DRIVER/lcd.o
                0x0000000008000380                LCD_GPIO_init
 .text.LCD_clear_screen
                0x00000000080004d8        0xe stm32_f103c6_Drivers/LCD_DRIVER/lcd.o
                0x00000000080004d8                LCD_clear_screen
 *fill*         0x00000000080004e6        0x2 
 .text.LCD_lcd_kick
                0x00000000080004e8       0x2c stm32_f103c6_Drivers/LCD_DRIVER/lcd.o
                0x00000000080004e8                LCD_lcd_kick
 .text.LCD_INIT
                0x0000000008000514       0x34 stm32_f103c6_Drivers/LCD_DRIVER/lcd.o
                0x0000000008000514                LCD_INIT
 .text.LCD_WRITE_COMMAND
                0x0000000008000548       0x44 stm32_f103c6_Drivers/LCD_DRIVER/lcd.o
                0x0000000008000548                LCD_WRITE_COMMAND
 .text.EXTI0_IRQHandler
                0x000000000800058c       0x24 stm32_f103c6_Drivers/stm32_f103c6_EXTI_driver.o
                0x000000000800058c                EXTI0_IRQHandler
 .text.EXTI1_IRQHandler
                0x00000000080005b0       0x24 stm32_f103c6_Drivers/stm32_f103c6_EXTI_driver.o
                0x00000000080005b0                EXTI1_IRQHandler
 .text.EXTI2_IRQHandler
                0x00000000080005d4       0x24 stm32_f103c6_Drivers/stm32_f103c6_EXTI_driver.o
                0x00000000080005d4                EXTI2_IRQHandler
 .text.EXTI3_IRQHandler
                0x00000000080005f8       0x24 stm32_f103c6_Drivers/stm32_f103c6_EXTI_driver.o
                0x00000000080005f8                EXTI3_IRQHandler
 .text.EXTI4_IRQHandler
                0x000000000800061c       0x24 stm32_f103c6_Drivers/stm32_f103c6_EXTI_driver.o
                0x000000000800061c                EXTI4_IRQHandler
 .text.EXTI9_5_IRQHandler
                0x0000000008000640       0xa8 stm32_f103c6_Drivers/stm32_f103c6_EXTI_driver.o
                0x0000000008000640                EXTI9_5_IRQHandler
 .text.EXTI15_10_IRQHandler
                0x00000000080006e8       0xc4 stm32_f103c6_Drivers/stm32_f103c6_EXTI_driver.o
                0x00000000080006e8                EXTI15_10_IRQHandler
 .text.MCAL_RCC_GetSYS_CLK2Freq
                0x00000000080007ac       0x3c stm32_f103c6_Drivers/stm32_f103c6_RCC_driver.o
                0x00000000080007ac                MCAL_RCC_GetSYS_CLK2Freq
 .text.MCAL_RCC_GetHCLKFreq
                0x00000000080007e8       0x28 stm32_f103c6_Drivers/stm32_f103c6_RCC_driver.o
                0x00000000080007e8                MCAL_RCC_GetHCLKFreq
 .text.MCAL_RCC_GetPCLK1Freq
                0x0000000008000810       0x28 stm32_f103c6_Drivers/stm32_f103c6_RCC_driver.o
                0x0000000008000810                MCAL_RCC_GetPCLK1Freq
 .text.MCAL_RCC_GetPCLK2Freq
                0x0000000008000838       0x28 stm32_f103c6_Drivers/stm32_f103c6_RCC_driver.o
                0x0000000008000838                MCAL_RCC_GetPCLK2Freq
 .text.MCAL_UART_Init
                0x0000000008000860      0x184 stm32_f103c6_Drivers/stm32_f103c6_USART_driver.o
                0x0000000008000860                MCAL_UART_Init
 .text.MCAL_UART_ReceiveData
                0x00000000080009e4       0x58 stm32_f103c6_Drivers/stm32_f103c6_USART_driver.o
                0x00000000080009e4                MCAL_UART_ReceiveData
 .text.MCAL_UART_GPIO_Set_Pins
                0x0000000008000a3c       0xcc stm32_f103c6_Drivers/stm32_f103c6_USART_driver.o
                0x0000000008000a3c                MCAL_UART_GPIO_Set_Pins
 .text.USART1_IRQHandler
                0x0000000008000b08       0x14 stm32_f103c6_Drivers/stm32_f103c6_USART_driver.o
                0x0000000008000b08                USART1_IRQHandler
 .text.USART2_IRQHandler
                0x0000000008000b1c       0x14 stm32_f103c6_Drivers/stm32_f103c6_USART_driver.o
                0x0000000008000b1c                USART2_IRQHandler
 .text.USART3_IRQHandler
                0x0000000008000b30       0x14 stm32_f103c6_Drivers/stm32_f103c6_USART_driver.o
                0x0000000008000b30                USART3_IRQHandler
 .text.Get_CRLH_Position
                0x0000000008000b44       0xa6 stm32_f103c6_Drivers/stm32_f103c6_gpio_driver.o
                0x0000000008000b44                Get_CRLH_Position
 .text.MCAL_GPIO_Init
                0x0000000008000bea       0xfe stm32_f103c6_Drivers/stm32_f103c6_gpio_driver.o
                0x0000000008000bea                MCAL_GPIO_Init
 .text.MCAL_GPIO_WritePin
                0x0000000008000ce8       0x2e stm32_f103c6_Drivers/stm32_f103c6_gpio_driver.o
                0x0000000008000ce8                MCAL_GPIO_WritePin
 .text.MCAL_GPIO_WritePort
                0x0000000008000d16       0x1c stm32_f103c6_Drivers/stm32_f103c6_gpio_driver.o
                0x0000000008000d16                MCAL_GPIO_WritePort
 .text.MCAL_GPIO_TogglePin
                0x0000000008000d32       0x22 stm32_f103c6_Drivers/stm32_f103c6_gpio_driver.o
                0x0000000008000d32                MCAL_GPIO_TogglePin
 .text.__libc_init_array
                0x0000000008000d54       0x48 c:/st/stm32cubeide_1.4.0/stm32cubeide/plugins/com.st.stm32cube.ide.mcu.externaltools.gnu-tools-for-stm32.7-2018-q2-update.win32_1.4.0.202007081208/tools/bin/../lib/gcc/arm-none-eabi/7.3.1/../../../../arm-none-eabi/lib/thumb/v7-m\libc_nano.a(lib_a-init.o)
                0x0000000008000d54                __libc_init_array
 *(.glue_7)
 .glue_7        0x0000000008000d9c        0x0 linker stubs
 *(.glue_7t)
 .glue_7t       0x0000000008000d9c        0x0 linker stubs
 *(.eh_frame)
 .eh_frame      0x0000000008000d9c        0x0 c:/st/stm32cubeide_1.4.0/stm32cubeide/plugins/com.st.stm32cube.ide.mcu.externaltools.gnu-tools-for-stm32.7-2018-q2-update.win32_1.4.0.202007081208/tools/bin/../lib/gcc/arm-none-eabi/7.3.1/thumb/v7-m/crtbegin.o
 *(.init)
 .init          0x0000000008000d9c        0x4 c:/st/stm32cubeide_1.4.0/stm32cubeide/plugins/com.st.stm32cube.ide.mcu.externaltools.gnu-tools-for-stm32.7-2018-q2-update.win32_1.4.0.202007081208/tools/bin/../lib/gcc/arm-none-eabi/7.3.1/thumb/v7-m/crti.o
                0x0000000008000d9c                _init
 .init          0x0000000008000da0        0x8 c:/st/stm32cubeide_1.4.0/stm32cubeide/plugins/com.st.stm32cube.ide.mcu.externaltools.gnu-tools-for-stm32.7-2018-q2-update.win32_1.4.0.202007081208/tools/bin/../lib/gcc/arm-none-eabi/7.3.1/thumb/v7-m/crtn.o
 *(.fini)
 .fini          0x0000000008000da8        0x4 c:/st/stm32cubeide_1.4.0/stm32cubeide/plugins/com.st.stm32cube.ide.mcu.externaltools.gnu-tools-for-stm32.7-2018-q2-update.win32_1.4.0.202007081208/tools/bin/../lib/gcc/arm-none-eabi/7.3.1/thumb/v7-m/crti.o
                0x0000000008000da8                _fini
 .fini          0x0000000008000dac        0x8 c:/st/stm32cubeide_1.4.0/stm32cubeide/plugins/com.st.stm32cube.ide.mcu.externaltools.gnu-tools-for-stm32.7-2018-q2-update.win32_1.4.0.202007081208/tools/bin/../lib/gcc/arm-none-eabi/7.3.1/thumb/v7-m/crtn.o
                0x0000000008000db4                . = ALIGN (0x4)
                0x0000000008000db4                _etext = .

.vfp11_veneer   0x0000000008000db4        0x0
 .vfp11_veneer  0x0000000008000db4        0x0 linker stubs

.v4_bx          0x0000000008000db4        0x0
 .v4_bx         0x0000000008000db4        0x0 linker stubs

.iplt           0x0000000008000db4        0x0
 .iplt          0x0000000008000db4        0x0 c:/st/stm32cubeide_1.4.0/stm32cubeide/plugins/com.st.stm32cube.ide.mcu.externaltools.gnu-tools-for-stm32.7-2018-q2-update.win32_1.4.0.202007081208/tools/bin/../lib/gcc/arm-none-eabi/7.3.1/thumb/v7-m/crtbegin.o

.rodata         0x0000000008000db4       0x18
                0x0000000008000db4                . = ALIGN (0x4)
 *(.rodata)
 *(.rodata*)
 .rodata.APBPrescTable
                0x0000000008000db4        0x8 stm32_f103c6_Drivers/stm32_f103c6_RCC_driver.o
                0x0000000008000db4                APBPrescTable
 .rodata.AHBPrescTable
                0x0000000008000dbc       0x10 stm32_f103c6_Drivers/stm32_f103c6_RCC_driver.o
                0x0000000008000dbc                AHBPrescTable
                0x0000000008000dcc                . = ALIGN (0x4)

.rel.dyn        0x0000000008000dcc        0x0
 .rel.iplt      0x0000000008000dcc        0x0 c:/st/stm32cubeide_1.4.0/stm32cubeide/plugins/com.st.stm32cube.ide.mcu.externaltools.gnu-tools-for-stm32.7-2018-q2-update.win32_1.4.0.202007081208/tools/bin/../lib/gcc/arm-none-eabi/7.3.1/thumb/v7-m/crtbegin.o

.ARM.extab      0x0000000008000dcc        0x0
                0x0000000008000dcc                . = ALIGN (0x4)
 *(.ARM.extab* .gnu.linkonce.armextab.*)
                0x0000000008000dcc                . = ALIGN (0x4)

.ARM            0x0000000008000dcc        0x0
                0x0000000008000dcc                . = ALIGN (0x4)
                0x0000000008000dcc                __exidx_start = .
 *(.ARM.exidx*)
                0x0000000008000dcc                __exidx_end = .
                0x0000000008000dcc                . = ALIGN (0x4)

.preinit_array  0x0000000008000dcc        0x0
                0x0000000008000dcc                . = ALIGN (0x4)
                0x0000000008000dcc                PROVIDE (__preinit_array_start = .)
 *(.preinit_array*)
                0x0000000008000dcc                PROVIDE (__preinit_array_end = .)
                0x0000000008000dcc                . = ALIGN (0x4)

.init_array     0x0000000008000dcc        0x4
                0x0000000008000dcc                . = ALIGN (0x4)
                0x0000000008000dcc                PROVIDE (__init_array_start = .)
 *(SORT_BY_NAME(.init_array.*))
 *(.init_array*)
 .init_array    0x0000000008000dcc        0x4 c:/st/stm32cubeide_1.4.0/stm32cubeide/plugins/com.st.stm32cube.ide.mcu.externaltools.gnu-tools-for-stm32.7-2018-q2-update.win32_1.4.0.202007081208/tools/bin/../lib/gcc/arm-none-eabi/7.3.1/thumb/v7-m/crtbegin.o
                0x0000000008000dd0                PROVIDE (__init_array_end = .)
                0x0000000008000dd0                . = ALIGN (0x4)

.fini_array     0x0000000008000dd0        0x4
                0x0000000008000dd0                . = ALIGN (0x4)
                [!provide]                        PROVIDE (__fini_array_start = .)
 *(SORT_BY_NAME(.fini_array.*))
 *(.fini_array*)
 .fini_array    0x0000000008000dd0        0x4 c:/st/stm32cubeide_1.4.0/stm32cubeide/plugins/com.st.stm32cube.ide.mcu.externaltools.gnu-tools-for-stm32.7-2018-q2-update.win32_1.4.0.202007081208/tools/bin/../lib/gcc/arm-none-eabi/7.3.1/thumb/v7-m/crtbegin.o
                [!provide]                        PROVIDE (__fini_array_end = .)
                0x0000000008000dd4                . = ALIGN (0x4)
                0x0000000008000dd4                _sidata = LOADADDR (.data)

.data           0x0000000020000000        0x0 load address 0x0000000008000dd4
                0x0000000020000000                . = ALIGN (0x4)
                0x0000000020000000                _sdata = .
 *(.data)
 *(.data*)
                0x0000000020000000                . = ALIGN (0x4)
                0x0000000020000000                _edata = .

.igot.plt       0x0000000020000000        0x0 load address 0x0000000008000dd4
 .igot.plt      0x0000000020000000        0x0 c:/st/stm32cubeide_1.4.0/stm32cubeide/plugins/com.st.stm32cube.ide.mcu.externaltools.gnu-tools-for-stm32.7-2018-q2-update.win32_1.4.0.202007081208/tools/bin/../lib/gcc/arm-none-eabi/7.3.1/thumb/v7-m/crtbegin.o
                0x0000000020000000                . = ALIGN (0x4)

.bss            0x0000000020000000       0x64 load address 0x0000000008000dd4
                0x0000000020000000                _sbss = .
                0x0000000020000000                __bss_start__ = _sbss
 *(.bss)
 .bss           0x0000000020000000       0x1c c:/st/stm32cubeide_1.4.0/stm32cubeide/plugins/com.st.stm32cube.ide.mcu.externaltools.gnu-tools-for-stm32.7-2018-q2-update.win32_1.4.0.202007081208/tools/bin/../lib/gcc/arm-none-eabi/7.3.1/thumb/v7-m/crtbegin.o
 *(.bss*)
 .bss.ch        0x000000002000001c        0x1 Src/main.o
                0x000000002000001c                ch
 *fill*         0x000000002000001d        0x3 
 .bss.Global_UART_Config
                0x0000000020000020        0x4 stm32_f103c6_Drivers/stm32_f103c6_USART_driver.o
                0x0000000020000020                Global_UART_Config
 *(COMMON)
 COMMON         0x0000000020000024        0x4 Src/main.o
                0x0000000020000024                PinCfg
 COMMON         0x0000000020000028       0x3c stm32_f103c6_Drivers/stm32_f103c6_EXTI_driver.o
                0x0000000020000028                GP_IRQ_CallBack
                0x0000000020000064                . = ALIGN (0x4)
                0x0000000020000064                _ebss = .
                0x0000000020000064                __bss_end__ = _ebss

._user_heap_stack
                0x0000000020000064      0x604 load address 0x0000000008000dd4
                0x0000000020000068                . = ALIGN (0x8)
 *fill*         0x0000000020000064        0x4 
                [!provide]                        PROVIDE (end = .)
                0x0000000020000068                PROVIDE (_end = .)
                0x0000000020000268                . = (. + _Min_Heap_Size)
 *fill*         0x0000000020000068      0x200 
                0x0000000020000668                . = (. + _Min_Stack_Size)
 *fill*         0x0000000020000268      0x400 
                0x0000000020000668                . = ALIGN (0x8)

/DISCARD/
 libc.a(*)
 libm.a(*)
 libgcc.a(*)

.ARM.attributes
                0x0000000000000000       0x29
 *(.ARM.attributes)
 .ARM.attributes
                0x0000000000000000       0x1d c:/st/stm32cubeide_1.4.0/stm32cubeide/plugins/com.st.stm32cube.ide.mcu.externaltools.gnu-tools-for-stm32.7-2018-q2-update.win32_1.4.0.202007081208/tools/bin/../lib/gcc/arm-none-eabi/7.3.1/thumb/v7-m/crti.o
 .ARM.attributes
                0x000000000000001d       0x2d c:/st/stm32cubeide_1.4.0/stm32cubeide/plugins/com.st.stm32cube.ide.mcu.externaltools.gnu-tools-for-stm32.7-2018-q2-update.win32_1.4.0.202007081208/tools/bin/../lib/gcc/arm-none-eabi/7.3.1/thumb/v7-m/crtbegin.o
 .ARM.attributes
                0x000000000000004a       0x33 Src/main.o
 .ARM.attributes
                0x000000000000007d       0x21 Startup/startup_stm32f103c6tx.o
 .ARM.attributes
                0x000000000000009e       0x33 stm32_f103c6_Drivers/LCD_DRIVER/lcd.o
 .ARM.attributes
                0x00000000000000d1       0x33 stm32_f103c6_Drivers/stm32_f103c6_EXTI_driver.o
 .ARM.attributes
                0x0000000000000104       0x33 stm32_f103c6_Drivers/stm32_f103c6_RCC_driver.o
 .ARM.attributes
                0x0000000000000137       0x33 stm32_f103c6_Drivers/stm32_f103c6_USART_driver.o
 .ARM.attributes
                0x000000000000016a       0x33 stm32_f103c6_Drivers/stm32_f103c6_gpio_driver.o
 .ARM.attributes
                0x000000000000019d       0x2d c:/st/stm32cubeide_1.4.0/stm32cubeide/plugins/com.st.stm32cube.ide.mcu.externaltools.gnu-tools-for-stm32.7-2018-q2-update.win32_1.4.0.202007081208/tools/bin/../lib/gcc/arm-none-eabi/7.3.1/../../../../arm-none-eabi/lib/thumb/v7-m\libc_nano.a(lib_a-init.o)
 .ARM.attributes
                0x00000000000001ca       0x1d c:/st/stm32cubeide_1.4.0/stm32cubeide/plugins/com.st.stm32cube.ide.mcu.externaltools.gnu-tools-for-stm32.7-2018-q2-update.win32_1.4.0.202007081208/tools/bin/../lib/gcc/arm-none-eabi/7.3.1/thumb/v7-m/crtn.o
OUTPUT(unit8_lesson3.elf elf32-littlearm)

.debug_info     0x0000000000000000     0x4d38
 .debug_info    0x0000000000000000      0xd17 Src/main.o
 .debug_info    0x0000000000000d17       0x22 Startup/startup_stm32f103c6tx.o
 .debug_info    0x0000000000000d39      0xbf3 stm32_f103c6_Drivers/LCD_DRIVER/lcd.o
 .debug_info    0x000000000000192c      0xdb8 stm32_f103c6_Drivers/stm32_f103c6_EXTI_driver.o
 .debug_info    0x00000000000026e4      0xb09 stm32_f103c6_Drivers/stm32_f103c6_RCC_driver.o
 .debug_info    0x00000000000031ed      0xdfc stm32_f103c6_Drivers/stm32_f103c6_USART_driver.o
 .debug_info    0x0000000000003fe9      0xd4f stm32_f103c6_Drivers/stm32_f103c6_gpio_driver.o

.debug_abbrev   0x0000000000000000      0xbfe
 .debug_abbrev  0x0000000000000000      0x23d Src/main.o
 .debug_abbrev  0x000000000000023d       0x12 Startup/startup_stm32f103c6tx.o
 .debug_abbrev  0x000000000000024f      0x1f4 stm32_f103c6_Drivers/LCD_DRIVER/lcd.o
 .debug_abbrev  0x0000000000000443      0x210 stm32_f103c6_Drivers/stm32_f103c6_EXTI_driver.o
 .debug_abbrev  0x0000000000000653      0x19b stm32_f103c6_Drivers/stm32_f103c6_RCC_driver.o
 .debug_abbrev  0x00000000000007ee      0x232 stm32_f103c6_Drivers/stm32_f103c6_USART_driver.o
 .debug_abbrev  0x0000000000000a20      0x1de stm32_f103c6_Drivers/stm32_f103c6_gpio_driver.o

.debug_loc      0x0000000000000000      0xd78
 .debug_loc     0x0000000000000000      0x154 Src/main.o
 .debug_loc     0x0000000000000154      0x278 stm32_f103c6_Drivers/LCD_DRIVER/lcd.o
 .debug_loc     0x00000000000003cc      0x320 stm32_f103c6_Drivers/stm32_f103c6_EXTI_driver.o
 .debug_loc     0x00000000000006ec       0xc8 stm32_f103c6_Drivers/stm32_f103c6_RCC_driver.o
 .debug_loc     0x00000000000007b4      0x294 stm32_f103c6_Drivers/stm32_f103c6_USART_driver.o
 .debug_loc     0x0000000000000a48      0x330 stm32_f103c6_Drivers/stm32_f103c6_gpio_driver.o

.debug_aranges  0x0000000000000000      0x248
 .debug_aranges
                0x0000000000000000       0x40 Src/main.o
 .debug_aranges
                0x0000000000000040       0x28 Startup/startup_stm32f103c6tx.o
 .debug_aranges
                0x0000000000000068       0x68 stm32_f103c6_Drivers/LCD_DRIVER/lcd.o
 .debug_aranges
                0x00000000000000d0       0x80 stm32_f103c6_Drivers/stm32_f103c6_EXTI_driver.o
 .debug_aranges
                0x0000000000000150       0x38 stm32_f103c6_Drivers/stm32_f103c6_RCC_driver.o
 .debug_aranges
                0x0000000000000188       0x60 stm32_f103c6_Drivers/stm32_f103c6_USART_driver.o
 .debug_aranges
                0x00000000000001e8       0x60 stm32_f103c6_Drivers/stm32_f103c6_gpio_driver.o

.debug_ranges   0x0000000000000000      0x1e0
 .debug_ranges  0x0000000000000000       0x30 Src/main.o
 .debug_ranges  0x0000000000000030       0x20 Startup/startup_stm32f103c6tx.o
 .debug_ranges  0x0000000000000050       0x58 stm32_f103c6_Drivers/LCD_DRIVER/lcd.o
 .debug_ranges  0x00000000000000a8       0x70 stm32_f103c6_Drivers/stm32_f103c6_EXTI_driver.o
 .debug_ranges  0x0000000000000118       0x28 stm32_f103c6_Drivers/stm32_f103c6_RCC_driver.o
 .debug_ranges  0x0000000000000140       0x50 stm32_f103c6_Drivers/stm32_f103c6_USART_driver.o
 .debug_ranges  0x0000000000000190       0x50 stm32_f103c6_Drivers/stm32_f103c6_gpio_driver.o

.debug_macro    0x0000000000000000     0x293b
 .debug_macro   0x0000000000000000      0x17c Src/main.o
 .debug_macro   0x000000000000017c      0xa60 Src/main.o
 .debug_macro   0x0000000000000bdc       0x18 Src/main.o
 .debug_macro   0x0000000000000bf4       0x22 Src/main.o
 .debug_macro   0x0000000000000c16       0x40 Src/main.o
 .debug_macro   0x0000000000000c56       0x94 Src/main.o
 .debug_macro   0x0000000000000cea       0x3c Src/main.o
 .debug_macro   0x0000000000000d26       0x34 Src/main.o
 .debug_macro   0x0000000000000d5a       0x16 Src/main.o
 .debug_macro   0x0000000000000d70      0x10e Src/main.o
 .debug_macro   0x0000000000000e7e       0x8d Src/main.o
 .debug_macro   0x0000000000000f0b       0x57 Src/main.o
 .debug_macro   0x0000000000000f62       0x52 Src/main.o
 .debug_macro   0x0000000000000fb4       0x1f Src/main.o
 .debug_macro   0x0000000000000fd3       0x43 Src/main.o
 .debug_macro   0x0000000000001016       0x20 Src/main.o
 .debug_macro   0x0000000000001036      0x1a3 Src/main.o
 .debug_macro   0x00000000000011d9      0x330 Src/main.o
 .debug_macro   0x0000000000001509       0x16 Src/main.o
 .debug_macro   0x000000000000151f       0x29 Src/main.o
 .debug_macro   0x0000000000001548       0xef Src/main.o
 .debug_macro   0x0000000000001637       0x6a Src/main.o
 .debug_macro   0x00000000000016a1      0x1df Src/main.o
 .debug_macro   0x0000000000001880      0x240 Src/main.o
 .debug_macro   0x0000000000001ac0       0xd0 Src/main.o
 .debug_macro   0x0000000000001b90       0x10 Src/main.o
 .debug_macro   0x0000000000001ba0       0xe5 Src/main.o
 .debug_macro   0x0000000000001c85       0x9a Src/main.o
 .debug_macro   0x0000000000001d1f      0x152 stm32_f103c6_Drivers/LCD_DRIVER/lcd.o
 .debug_macro   0x0000000000001e71       0xd0 stm32_f103c6_Drivers/LCD_DRIVER/lcd.o
 .debug_macro   0x0000000000001f41      0x158 stm32_f103c6_Drivers/stm32_f103c6_EXTI_driver.o
 .debug_macro   0x0000000000002099       0xd0 stm32_f103c6_Drivers/stm32_f103c6_EXTI_driver.o
 .debug_macro   0x0000000000002169      0x21b stm32_f103c6_Drivers/stm32_f103c6_EXTI_driver.o
 .debug_macro   0x0000000000002384      0x152 stm32_f103c6_Drivers/stm32_f103c6_RCC_driver.o
 .debug_macro   0x00000000000024d6       0x10 stm32_f103c6_Drivers/stm32_f103c6_RCC_driver.o
 .debug_macro   0x00000000000024e6      0x15b stm32_f103c6_Drivers/stm32_f103c6_USART_driver.o
 .debug_macro   0x0000000000002641       0xd6 stm32_f103c6_Drivers/stm32_f103c6_USART_driver.o
 .debug_macro   0x0000000000002717       0xe5 stm32_f103c6_Drivers/stm32_f103c6_USART_driver.o
 .debug_macro   0x00000000000027fc      0x13f stm32_f103c6_Drivers/stm32_f103c6_gpio_driver.o

.debug_line     0x0000000000000000     0x285b
 .debug_line    0x0000000000000000      0x6b2 Src/main.o
 .debug_line    0x00000000000006b2       0x84 Startup/startup_stm32f103c6tx.o
 .debug_line    0x0000000000000736      0x69e stm32_f103c6_Drivers/LCD_DRIVER/lcd.o
 .debug_line    0x0000000000000dd4      0x756 stm32_f103c6_Drivers/stm32_f103c6_EXTI_driver.o
 .debug_line    0x000000000000152a      0x5ce stm32_f103c6_Drivers/stm32_f103c6_RCC_driver.o
 .debug_line    0x0000000000001af8      0x6df stm32_f103c6_Drivers/stm32_f103c6_USART_driver.o
 .debug_line    0x00000000000021d7      0x684 stm32_f103c6_Drivers/stm32_f103c6_gpio_driver.o

.debug_str      0x0000000000000000     0x9f10
 .debug_str     0x0000000000000000     0x8712 Src/main.o
                                       0x8998 (size before relaxing)
 .debug_str     0x0000000000008712       0x31 Startup/startup_stm32f103c6tx.o
                                         0x72 (size before relaxing)
 .debug_str     0x0000000000008743       0xe1 stm32_f103c6_Drivers/LCD_DRIVER/lcd.o
                                       0x82c2 (size before relaxing)
 .debug_str     0x0000000000008824     0x1409 stm32_f103c6_Drivers/stm32_f103c6_EXTI_driver.o
                                       0x9387 (size before relaxing)
 .debug_str     0x0000000000009c2d       0xa8 stm32_f103c6_Drivers/stm32_f103c6_RCC_driver.o
                                       0x8043 (size before relaxing)
 .debug_str     0x0000000000009cd5      0x121 stm32_f103c6_Drivers/stm32_f103c6_USART_driver.o
                                       0x87f5 (size before relaxing)
 .debug_str     0x0000000000009df6      0x11a stm32_f103c6_Drivers/stm32_f103c6_gpio_driver.o
                                       0x80d1 (size before relaxing)

.comment        0x0000000000000000       0x7b
 .comment       0x0000000000000000       0x7b Src/main.o
                                         0x7c (size before relaxing)
 .comment       0x000000000000007b       0x7c stm32_f103c6_Drivers/LCD_DRIVER/lcd.o
 .comment       0x000000000000007b       0x7c stm32_f103c6_Drivers/stm32_f103c6_EXTI_driver.o
 .comment       0x000000000000007b       0x7c stm32_f103c6_Drivers/stm32_f103c6_RCC_driver.o
 .comment       0x000000000000007b       0x7c stm32_f103c6_Drivers/stm32_f103c6_USART_driver.o
 .comment       0x000000000000007b       0x7c stm32_f103c6_Drivers/stm32_f103c6_gpio_driver.o

.debug_frame    0x0000000000000000      0x730
 .debug_frame   0x0000000000000000       0xb8 Src/main.o
 .debug_frame   0x00000000000000b8      0x154 stm32_f103c6_Drivers/LCD_DRIVER/lcd.o
 .debug_frame   0x000000000000020c      0x1b0 stm32_f103c6_Drivers/stm32_f103c6_EXTI_driver.o
 .debug_frame   0x00000000000003bc       0x84 stm32_f103c6_Drivers/stm32_f103c6_RCC_driver.o
 .debug_frame   0x0000000000000440      0x14c stm32_f103c6_Drivers/stm32_f103c6_USART_driver.o
 .debug_frame   0x000000000000058c      0x178 stm32_f103c6_Drivers/stm32_f103c6_gpio_driver.o
 .debug_frame   0x0000000000000704       0x2c c:/st/stm32cubeide_1.4.0/stm32cubeide/plugins/com.st.stm32cube.ide.mcu.externaltools.gnu-tools-for-stm32.7-2018-q2-update.win32_1.4.0.202007081208/tools/bin/../lib/gcc/arm-none-eabi/7.3.1/../../../../arm-none-eabi/lib/thumb/v7-m\libc_nano.a(lib_a-init.o)
