stm32_f103c6_EXTI_driver.c:35:6:Enable_NVIC	16	static
stm32_f103c6_EXTI_driver.c:60:6:Disable_NVIC	16	static
stm32_f103c6_EXTI_driver.c:86:6:Update_EXTI	24	static
stm32_f103c6_EXTI_driver.c:151:6:MCAL_EXTI_GPIO_Init	16	static
stm32_f103c6_EXTI_driver.c:163:6:MCAL_EXTI_GPIO_DeInit	4	static
stm32_f103c6_EXTI_driver.c:193:6:MCAL_EXTI_GPIO_Update	16	static
stm32_f103c6_EXTI_driver.c:205:6:EXTI0_IRQHandler	8	static
stm32_f103c6_EXTI_driver.c:213:6:EXTI1_IRQHandler	8	static
stm32_f103c6_EXTI_driver.c:220:6:EXTI2_IRQHandler	8	static
stm32_f103c6_EXTI_driver.c:227:6:EXTI3_IRQHandler	8	static
stm32_f103c6_EXTI_driver.c:234:6:EXTI4_IRQHandler	8	static
stm32_f103c6_EXTI_driver.c:241:6:EXTI9_5_IRQHandler	8	static
stm32_f103c6_EXTI_driver.c:250:6:EXTI15_10_IRQHandler	8	static
