Archive member included to satisfy reference by file (symbol)

c:/st/stm32cubeide_1.4.0/stm32cubeide/plugins/com.st.stm32cube.ide.mcu.externaltools.gnu-tools-for-stm32.7-2018-q2-update.win32_1.4.0.202007081208/tools/bin/../lib/gcc/arm-none-eabi/7.3.1/../../../../arm-none-eabi/lib/thumb/v7-m\libc_nano.a(lib_a-errno.o)
                              Src/syscalls.o (__errno)
c:/st/stm32cubeide_1.4.0/stm32cubeide/plugins/com.st.stm32cube.ide.mcu.externaltools.gnu-tools-for-stm32.7-2018-q2-update.win32_1.4.0.202007081208/tools/bin/../lib/gcc/arm-none-eabi/7.3.1/../../../../arm-none-eabi/lib/thumb/v7-m\libc_nano.a(lib_a-exit.o)
                              c:/st/stm32cubeide_1.4.0/stm32cubeide/plugins/com.st.stm32cube.ide.mcu.externaltools.gnu-tools-for-stm32.7-2018-q2-update.win32_1.4.0.202007081208/tools/bin/../lib/gcc/arm-none-eabi/7.3.1/../../../../arm-none-eabi/lib/thumb/v7-m/crt0.o (exit)
c:/st/stm32cubeide_1.4.0/stm32cubeide/plugins/com.st.stm32cube.ide.mcu.externaltools.gnu-tools-for-stm32.7-2018-q2-update.win32_1.4.0.202007081208/tools/bin/../lib/gcc/arm-none-eabi/7.3.1/../../../../arm-none-eabi/lib/thumb/v7-m\libc_nano.a(lib_a-impure.o)
                              c:/st/stm32cubeide_1.4.0/stm32cubeide/plugins/com.st.stm32cube.ide.mcu.externaltools.gnu-tools-for-stm32.7-2018-q2-update.win32_1.4.0.202007081208/tools/bin/../lib/gcc/arm-none-eabi/7.3.1/../../../../arm-none-eabi/lib/thumb/v7-m\libc_nano.a(lib_a-exit.o) (_global_impure_ptr)
c:/st/stm32cubeide_1.4.0/stm32cubeide/plugins/com.st.stm32cube.ide.mcu.externaltools.gnu-tools-for-stm32.7-2018-q2-update.win32_1.4.0.202007081208/tools/bin/../lib/gcc/arm-none-eabi/7.3.1/../../../../arm-none-eabi/lib/thumb/v7-m\libc_nano.a(lib_a-init.o)
                              c:/st/stm32cubeide_1.4.0/stm32cubeide/plugins/com.st.stm32cube.ide.mcu.externaltools.gnu-tools-for-stm32.7-2018-q2-update.win32_1.4.0.202007081208/tools/bin/../lib/gcc/arm-none-eabi/7.3.1/../../../../arm-none-eabi/lib/thumb/v7-m/crt0.o (__libc_init_array)
c:/st/stm32cubeide_1.4.0/stm32cubeide/plugins/com.st.stm32cube.ide.mcu.externaltools.gnu-tools-for-stm32.7-2018-q2-update.win32_1.4.0.202007081208/tools/bin/../lib/gcc/arm-none-eabi/7.3.1/../../../../arm-none-eabi/lib/thumb/v7-m\libc_nano.a(lib_a-memset.o)
                              c:/st/stm32cubeide_1.4.0/stm32cubeide/plugins/com.st.stm32cube.ide.mcu.externaltools.gnu-tools-for-stm32.7-2018-q2-update.win32_1.4.0.202007081208/tools/bin/../lib/gcc/arm-none-eabi/7.3.1/../../../../arm-none-eabi/lib/thumb/v7-m/crt0.o (memset)

Allocating common symbols
Common symbol       size              file

Pressure_sensor_state
                    0x4               Src/Pressure_sensor_driver.o
mainAlgorithm_state
                    0x4               Src/mainAlgorithm.o
Pressure_sensor_state_id
                    0x1               Src/Pressure_sensor_driver.o
mainAlgorithm_state_id
                    0x1               Src/main.o
Monitor_Alarm_Driver_state_id
                    0x1               Src/Monitor_Alarm_Driver.o
Monitor_Alarm_state
                    0x4               Src/Monitor_Alarm.o
Monitor_Alarm_state_id
                    0x1               Src/Monitor_Alarm.o
Monitor_Alarm_Driver_state
                    0x4               Src/Monitor_Alarm_Driver.o

Discarded input sections

 .text          0x0000000000000000        0x0 c:/st/stm32cubeide_1.4.0/stm32cubeide/plugins/com.st.stm32cube.ide.mcu.externaltools.gnu-tools-for-stm32.7-2018-q2-update.win32_1.4.0.202007081208/tools/bin/../lib/gcc/arm-none-eabi/7.3.1/thumb/v7-m/crti.o
 .data          0x0000000000000000        0x0 c:/st/stm32cubeide_1.4.0/stm32cubeide/plugins/com.st.stm32cube.ide.mcu.externaltools.gnu-tools-for-stm32.7-2018-q2-update.win32_1.4.0.202007081208/tools/bin/../lib/gcc/arm-none-eabi/7.3.1/thumb/v7-m/crti.o
 .bss           0x0000000000000000        0x0 c:/st/stm32cubeide_1.4.0/stm32cubeide/plugins/com.st.stm32cube.ide.mcu.externaltools.gnu-tools-for-stm32.7-2018-q2-update.win32_1.4.0.202007081208/tools/bin/../lib/gcc/arm-none-eabi/7.3.1/thumb/v7-m/crti.o
 .data          0x0000000000000000        0x4 c:/st/stm32cubeide_1.4.0/stm32cubeide/plugins/com.st.stm32cube.ide.mcu.externaltools.gnu-tools-for-stm32.7-2018-q2-update.win32_1.4.0.202007081208/tools/bin/../lib/gcc/arm-none-eabi/7.3.1/thumb/v7-m/crtbegin.o
 .text          0x0000000000000000       0x74 c:/st/stm32cubeide_1.4.0/stm32cubeide/plugins/com.st.stm32cube.ide.mcu.externaltools.gnu-tools-for-stm32.7-2018-q2-update.win32_1.4.0.202007081208/tools/bin/../lib/gcc/arm-none-eabi/7.3.1/../../../../arm-none-eabi/lib/thumb/v7-m/crt0.o
 .data          0x0000000000000000        0x0 c:/st/stm32cubeide_1.4.0/stm32cubeide/plugins/com.st.stm32cube.ide.mcu.externaltools.gnu-tools-for-stm32.7-2018-q2-update.win32_1.4.0.202007081208/tools/bin/../lib/gcc/arm-none-eabi/7.3.1/../../../../arm-none-eabi/lib/thumb/v7-m/crt0.o
 .bss           0x0000000000000000        0x0 c:/st/stm32cubeide_1.4.0/stm32cubeide/plugins/com.st.stm32cube.ide.mcu.externaltools.gnu-tools-for-stm32.7-2018-q2-update.win32_1.4.0.202007081208/tools/bin/../lib/gcc/arm-none-eabi/7.3.1/../../../../arm-none-eabi/lib/thumb/v7-m/crt0.o
 .ARM.extab     0x0000000000000000        0x0 c:/st/stm32cubeide_1.4.0/stm32cubeide/plugins/com.st.stm32cube.ide.mcu.externaltools.gnu-tools-for-stm32.7-2018-q2-update.win32_1.4.0.202007081208/tools/bin/../lib/gcc/arm-none-eabi/7.3.1/../../../../arm-none-eabi/lib/thumb/v7-m/crt0.o
 .ARM.exidx     0x0000000000000000        0x8 c:/st/stm32cubeide_1.4.0/stm32cubeide/plugins/com.st.stm32cube.ide.mcu.externaltools.gnu-tools-for-stm32.7-2018-q2-update.win32_1.4.0.202007081208/tools/bin/../lib/gcc/arm-none-eabi/7.3.1/../../../../arm-none-eabi/lib/thumb/v7-m/crt0.o
 .ARM.attributes
                0x0000000000000000       0x1b c:/st/stm32cubeide_1.4.0/stm32cubeide/plugins/com.st.stm32cube.ide.mcu.externaltools.gnu-tools-for-stm32.7-2018-q2-update.win32_1.4.0.202007081208/tools/bin/../lib/gcc/arm-none-eabi/7.3.1/../../../../arm-none-eabi/lib/thumb/v7-m/crt0.o
 .group         0x0000000000000000        0xc Src/Monitor_Alarm.o
 .group         0x0000000000000000        0xc Src/Monitor_Alarm.o
 .group         0x0000000000000000        0xc Src/Monitor_Alarm.o
 .group         0x0000000000000000        0xc Src/Monitor_Alarm.o
 .group         0x0000000000000000        0xc Src/Monitor_Alarm.o
 .group         0x0000000000000000        0xc Src/Monitor_Alarm.o
 .group         0x0000000000000000        0xc Src/Monitor_Alarm.o
 .group         0x0000000000000000        0xc Src/Monitor_Alarm.o
 .group         0x0000000000000000        0xc Src/Monitor_Alarm.o
 .group         0x0000000000000000        0xc Src/Monitor_Alarm.o
 .group         0x0000000000000000        0xc Src/Monitor_Alarm.o
 .group         0x0000000000000000        0xc Src/Monitor_Alarm.o
 .group         0x0000000000000000        0xc Src/Monitor_Alarm.o
 .group         0x0000000000000000        0xc Src/Monitor_Alarm.o
 .group         0x0000000000000000        0xc Src/Monitor_Alarm.o
 .group         0x0000000000000000        0xc Src/Monitor_Alarm.o
 .group         0x0000000000000000        0xc Src/Monitor_Alarm.o
 .group         0x0000000000000000        0xc Src/Monitor_Alarm.o
 .group         0x0000000000000000        0xc Src/Monitor_Alarm.o
 .group         0x0000000000000000        0xc Src/Monitor_Alarm.o
 .group         0x0000000000000000        0xc Src/Monitor_Alarm.o
 .group         0x0000000000000000        0xc Src/Monitor_Alarm.o
 .group         0x0000000000000000        0xc Src/Monitor_Alarm.o
 .group         0x0000000000000000        0xc Src/Monitor_Alarm.o
 .group         0x0000000000000000        0xc Src/Monitor_Alarm.o
 .group         0x0000000000000000        0xc Src/Monitor_Alarm.o
 .group         0x0000000000000000        0xc Src/Monitor_Alarm.o
 .group         0x0000000000000000        0xc Src/Monitor_Alarm.o
 .group         0x0000000000000000        0xc Src/Monitor_Alarm.o
 .group         0x0000000000000000        0xc Src/Monitor_Alarm.o
 .group         0x0000000000000000        0xc Src/Monitor_Alarm.o
 .group         0x0000000000000000        0xc Src/Monitor_Alarm.o
 .group         0x0000000000000000        0xc Src/Monitor_Alarm.o
 .group         0x0000000000000000        0xc Src/Monitor_Alarm.o
 .group         0x0000000000000000        0xc Src/Monitor_Alarm.o
 .group         0x0000000000000000        0xc Src/Monitor_Alarm.o
 .group         0x0000000000000000        0xc Src/Monitor_Alarm.o
 .group         0x0000000000000000        0xc Src/Monitor_Alarm.o
 .text          0x0000000000000000        0x0 Src/Monitor_Alarm.o
 .data          0x0000000000000000        0x0 Src/Monitor_Alarm.o
 .bss           0x0000000000000000        0x0 Src/Monitor_Alarm.o
 .group         0x0000000000000000        0xc Src/Monitor_Alarm_Driver.o
 .group         0x0000000000000000        0xc Src/Monitor_Alarm_Driver.o
 .group         0x0000000000000000        0xc Src/Monitor_Alarm_Driver.o
 .group         0x0000000000000000        0xc Src/Monitor_Alarm_Driver.o
 .group         0x0000000000000000        0xc Src/Monitor_Alarm_Driver.o
 .group         0x0000000000000000        0xc Src/Monitor_Alarm_Driver.o
 .group         0x0000000000000000        0xc Src/Monitor_Alarm_Driver.o
 .group         0x0000000000000000        0xc Src/Monitor_Alarm_Driver.o
 .group         0x0000000000000000        0xc Src/Monitor_Alarm_Driver.o
 .group         0x0000000000000000        0xc Src/Monitor_Alarm_Driver.o
 .group         0x0000000000000000        0xc Src/Monitor_Alarm_Driver.o
 .group         0x0000000000000000        0xc Src/Monitor_Alarm_Driver.o
 .group         0x0000000000000000        0xc Src/Monitor_Alarm_Driver.o
 .group         0x0000000000000000        0xc Src/Monitor_Alarm_Driver.o
 .group         0x0000000000000000        0xc Src/Monitor_Alarm_Driver.o
 .group         0x0000000000000000        0xc Src/Monitor_Alarm_Driver.o
 .group         0x0000000000000000        0xc Src/Monitor_Alarm_Driver.o
 .group         0x0000000000000000        0xc Src/Monitor_Alarm_Driver.o
 .group         0x0000000000000000        0xc Src/Monitor_Alarm_Driver.o
 .group         0x0000000000000000        0xc Src/Monitor_Alarm_Driver.o
 .group         0x0000000000000000        0xc Src/Monitor_Alarm_Driver.o
 .group         0x0000000000000000        0xc Src/Monitor_Alarm_Driver.o
 .group         0x0000000000000000        0xc Src/Monitor_Alarm_Driver.o
 .group         0x0000000000000000        0xc Src/Monitor_Alarm_Driver.o
 .group         0x0000000000000000        0xc Src/Monitor_Alarm_Driver.o
 .group         0x0000000000000000        0xc Src/Monitor_Alarm_Driver.o
 .group         0x0000000000000000        0xc Src/Monitor_Alarm_Driver.o
 .group         0x0000000000000000        0xc Src/Monitor_Alarm_Driver.o
 .group         0x0000000000000000        0xc Src/Monitor_Alarm_Driver.o
 .group         0x0000000000000000        0xc Src/Monitor_Alarm_Driver.o
 .group         0x0000000000000000        0xc Src/Monitor_Alarm_Driver.o
 .group         0x0000000000000000        0xc Src/Monitor_Alarm_Driver.o
 .group         0x0000000000000000        0xc Src/Monitor_Alarm_Driver.o
 .group         0x0000000000000000        0xc Src/Monitor_Alarm_Driver.o
 .group         0x0000000000000000        0xc Src/Monitor_Alarm_Driver.o
 .group         0x0000000000000000        0xc Src/Monitor_Alarm_Driver.o
 .group         0x0000000000000000        0xc Src/Monitor_Alarm_Driver.o
 .group         0x0000000000000000        0xc Src/Monitor_Alarm_Driver.o
 .text          0x0000000000000000        0x0 Src/Monitor_Alarm_Driver.o
 .data          0x0000000000000000        0x0 Src/Monitor_Alarm_Driver.o
 .bss           0x0000000000000000        0x0 Src/Monitor_Alarm_Driver.o
 .debug_macro   0x0000000000000000      0xa60 Src/Monitor_Alarm_Driver.o
 .debug_macro   0x0000000000000000       0x22 Src/Monitor_Alarm_Driver.o
 .debug_macro   0x0000000000000000       0x40 Src/Monitor_Alarm_Driver.o
 .debug_macro   0x0000000000000000       0x18 Src/Monitor_Alarm_Driver.o
 .debug_macro   0x0000000000000000       0x94 Src/Monitor_Alarm_Driver.o
 .debug_macro   0x0000000000000000       0x3c Src/Monitor_Alarm_Driver.o
 .debug_macro   0x0000000000000000       0x34 Src/Monitor_Alarm_Driver.o
 .debug_macro   0x0000000000000000       0x16 Src/Monitor_Alarm_Driver.o
 .debug_macro   0x0000000000000000       0x57 Src/Monitor_Alarm_Driver.o
 .debug_macro   0x0000000000000000       0x97 Src/Monitor_Alarm_Driver.o
 .debug_macro   0x0000000000000000      0x330 Src/Monitor_Alarm_Driver.o
 .debug_macro   0x0000000000000000       0xfd Src/Monitor_Alarm_Driver.o
 .debug_macro   0x0000000000000000       0x10 Src/Monitor_Alarm_Driver.o
 .debug_macro   0x0000000000000000       0x52 Src/Monitor_Alarm_Driver.o
 .debug_macro   0x0000000000000000       0x1f Src/Monitor_Alarm_Driver.o
 .debug_macro   0x0000000000000000       0x43 Src/Monitor_Alarm_Driver.o
 .debug_macro   0x0000000000000000       0x20 Src/Monitor_Alarm_Driver.o
 .debug_macro   0x0000000000000000      0x1a3 Src/Monitor_Alarm_Driver.o
 .debug_macro   0x0000000000000000       0x10 Src/Monitor_Alarm_Driver.o
 .debug_macro   0x0000000000000000       0x6a Src/Monitor_Alarm_Driver.o
 .debug_macro   0x0000000000000000       0x1c Src/Monitor_Alarm_Driver.o
 .debug_macro   0x0000000000000000       0x52 Src/Monitor_Alarm_Driver.o
 .debug_macro   0x0000000000000000       0x40 Src/Monitor_Alarm_Driver.o
 .debug_macro   0x0000000000000000       0x10 Src/Monitor_Alarm_Driver.o
 .debug_macro   0x0000000000000000       0x40 Src/Monitor_Alarm_Driver.o
 .debug_macro   0x0000000000000000       0xd7 Src/Monitor_Alarm_Driver.o
 .debug_macro   0x0000000000000000       0x1c Src/Monitor_Alarm_Driver.o
 .debug_macro   0x0000000000000000       0x3d Src/Monitor_Alarm_Driver.o
 .debug_macro   0x0000000000000000       0x16 Src/Monitor_Alarm_Driver.o
 .debug_macro   0x0000000000000000      0x145 Src/Monitor_Alarm_Driver.o
 .debug_macro   0x0000000000000000       0x16 Src/Monitor_Alarm_Driver.o
 .debug_macro   0x0000000000000000       0x35 Src/Monitor_Alarm_Driver.o
 .debug_macro   0x0000000000000000       0x16 Src/Monitor_Alarm_Driver.o
 .debug_macro   0x0000000000000000       0x29 Src/Monitor_Alarm_Driver.o
 .debug_macro   0x0000000000000000       0x10 Src/Monitor_Alarm_Driver.o
 .debug_macro   0x0000000000000000       0xef Src/Monitor_Alarm_Driver.o
 .debug_macro   0x0000000000000000      0x1df Src/Monitor_Alarm_Driver.o
 .debug_macro   0x0000000000000000       0x46 Src/Monitor_Alarm_Driver.o
 .group         0x0000000000000000        0xc Src/Pressure_sensor_driver.o
 .group         0x0000000000000000        0xc Src/Pressure_sensor_driver.o
 .group         0x0000000000000000        0xc Src/Pressure_sensor_driver.o
 .group         0x0000000000000000        0xc Src/Pressure_sensor_driver.o
 .group         0x0000000000000000        0xc Src/Pressure_sensor_driver.o
 .group         0x0000000000000000        0xc Src/Pressure_sensor_driver.o
 .group         0x0000000000000000        0xc Src/Pressure_sensor_driver.o
 .group         0x0000000000000000        0xc Src/Pressure_sensor_driver.o
 .group         0x0000000000000000        0xc Src/Pressure_sensor_driver.o
 .group         0x0000000000000000        0xc Src/Pressure_sensor_driver.o
 .group         0x0000000000000000        0xc Src/Pressure_sensor_driver.o
 .group         0x0000000000000000        0xc Src/Pressure_sensor_driver.o
 .group         0x0000000000000000        0xc Src/Pressure_sensor_driver.o
 .group         0x0000000000000000        0xc Src/Pressure_sensor_driver.o
 .group         0x0000000000000000        0xc Src/Pressure_sensor_driver.o
 .group         0x0000000000000000        0xc Src/Pressure_sensor_driver.o
 .group         0x0000000000000000        0xc Src/Pressure_sensor_driver.o
 .group         0x0000000000000000        0xc Src/Pressure_sensor_driver.o
 .group         0x0000000000000000        0xc Src/Pressure_sensor_driver.o
 .group         0x0000000000000000        0xc Src/Pressure_sensor_driver.o
 .group         0x0000000000000000        0xc Src/Pressure_sensor_driver.o
 .group         0x0000000000000000        0xc Src/Pressure_sensor_driver.o
 .group         0x0000000000000000        0xc Src/Pressure_sensor_driver.o
 .group         0x0000000000000000        0xc Src/Pressure_sensor_driver.o
 .group         0x0000000000000000        0xc Src/Pressure_sensor_driver.o
 .group         0x0000000000000000        0xc Src/Pressure_sensor_driver.o
 .group         0x0000000000000000        0xc Src/Pressure_sensor_driver.o
 .group         0x0000000000000000        0xc Src/Pressure_sensor_driver.o
 .group         0x0000000000000000        0xc Src/Pressure_sensor_driver.o
 .group         0x0000000000000000        0xc Src/Pressure_sensor_driver.o
 .group         0x0000000000000000        0xc Src/Pressure_sensor_driver.o
 .group         0x0000000000000000        0xc Src/Pressure_sensor_driver.o
 .group         0x0000000000000000        0xc Src/Pressure_sensor_driver.o
 .group         0x0000000000000000        0xc Src/Pressure_sensor_driver.o
 .group         0x0000000000000000        0xc Src/Pressure_sensor_driver.o
 .group         0x0000000000000000        0xc Src/Pressure_sensor_driver.o
 .group         0x0000000000000000        0xc Src/Pressure_sensor_driver.o
 .group         0x0000000000000000        0xc Src/Pressure_sensor_driver.o
 .text          0x0000000000000000        0x0 Src/Pressure_sensor_driver.o
 .data          0x0000000000000000        0x0 Src/Pressure_sensor_driver.o
 .bss           0x0000000000000000        0x0 Src/Pressure_sensor_driver.o
 .debug_macro   0x0000000000000000      0xa60 Src/Pressure_sensor_driver.o
 .debug_macro   0x0000000000000000       0x22 Src/Pressure_sensor_driver.o
 .debug_macro   0x0000000000000000       0x40 Src/Pressure_sensor_driver.o
 .debug_macro   0x0000000000000000       0x18 Src/Pressure_sensor_driver.o
 .debug_macro   0x0000000000000000       0x94 Src/Pressure_sensor_driver.o
 .debug_macro   0x0000000000000000       0x3c Src/Pressure_sensor_driver.o
 .debug_macro   0x0000000000000000       0x34 Src/Pressure_sensor_driver.o
 .debug_macro   0x0000000000000000       0x16 Src/Pressure_sensor_driver.o
 .debug_macro   0x0000000000000000       0x57 Src/Pressure_sensor_driver.o
 .debug_macro   0x0000000000000000       0x97 Src/Pressure_sensor_driver.o
 .debug_macro   0x0000000000000000      0x330 Src/Pressure_sensor_driver.o
 .debug_macro   0x0000000000000000       0xfd Src/Pressure_sensor_driver.o
 .debug_macro   0x0000000000000000       0x10 Src/Pressure_sensor_driver.o
 .debug_macro   0x0000000000000000       0x52 Src/Pressure_sensor_driver.o
 .debug_macro   0x0000000000000000       0x1f Src/Pressure_sensor_driver.o
 .debug_macro   0x0000000000000000       0x43 Src/Pressure_sensor_driver.o
 .debug_macro   0x0000000000000000       0x20 Src/Pressure_sensor_driver.o
 .debug_macro   0x0000000000000000      0x1a3 Src/Pressure_sensor_driver.o
 .debug_macro   0x0000000000000000       0x10 Src/Pressure_sensor_driver.o
 .debug_macro   0x0000000000000000       0x6a Src/Pressure_sensor_driver.o
 .debug_macro   0x0000000000000000       0x1c Src/Pressure_sensor_driver.o
 .debug_macro   0x0000000000000000       0x52 Src/Pressure_sensor_driver.o
 .debug_macro   0x0000000000000000       0x40 Src/Pressure_sensor_driver.o
 .debug_macro   0x0000000000000000       0x10 Src/Pressure_sensor_driver.o
 .debug_macro   0x0000000000000000       0x40 Src/Pressure_sensor_driver.o
 .debug_macro   0x0000000000000000       0xd7 Src/Pressure_sensor_driver.o
 .debug_macro   0x0000000000000000       0x1c Src/Pressure_sensor_driver.o
 .debug_macro   0x0000000000000000       0x3d Src/Pressure_sensor_driver.o
 .debug_macro   0x0000000000000000       0x16 Src/Pressure_sensor_driver.o
 .debug_macro   0x0000000000000000      0x145 Src/Pressure_sensor_driver.o
 .debug_macro   0x0000000000000000       0x16 Src/Pressure_sensor_driver.o
 .debug_macro   0x0000000000000000       0x35 Src/Pressure_sensor_driver.o
 .debug_macro   0x0000000000000000       0x16 Src/Pressure_sensor_driver.o
 .debug_macro   0x0000000000000000       0x29 Src/Pressure_sensor_driver.o
 .debug_macro   0x0000000000000000       0x10 Src/Pressure_sensor_driver.o
 .debug_macro   0x0000000000000000       0xef Src/Pressure_sensor_driver.o
 .debug_macro   0x0000000000000000      0x1df Src/Pressure_sensor_driver.o
 .debug_macro   0x0000000000000000       0x46 Src/Pressure_sensor_driver.o
 .group         0x0000000000000000        0xc Src/driver.o
 .group         0x0000000000000000        0xc Src/driver.o
 .group         0x0000000000000000        0xc Src/driver.o
 .group         0x0000000000000000        0xc Src/driver.o
 .group         0x0000000000000000        0xc Src/driver.o
 .group         0x0000000000000000        0xc Src/driver.o
 .group         0x0000000000000000        0xc Src/driver.o
 .group         0x0000000000000000        0xc Src/driver.o
 .group         0x0000000000000000        0xc Src/driver.o
 .group         0x0000000000000000        0xc Src/driver.o
 .group         0x0000000000000000        0xc Src/driver.o
 .group         0x0000000000000000        0xc Src/driver.o
 .group         0x0000000000000000        0xc Src/driver.o
 .group         0x0000000000000000        0xc Src/driver.o
 .group         0x0000000000000000        0xc Src/driver.o
 .group         0x0000000000000000        0xc Src/driver.o
 .group         0x0000000000000000        0xc Src/driver.o
 .group         0x0000000000000000        0xc Src/driver.o
 .group         0x0000000000000000        0xc Src/driver.o
 .group         0x0000000000000000        0xc Src/driver.o
 .group         0x0000000000000000        0xc Src/driver.o
 .group         0x0000000000000000        0xc Src/driver.o
 .group         0x0000000000000000        0xc Src/driver.o
 .group         0x0000000000000000        0xc Src/driver.o
 .group         0x0000000000000000        0xc Src/driver.o
 .group         0x0000000000000000        0xc Src/driver.o
 .group         0x0000000000000000        0xc Src/driver.o
 .group         0x0000000000000000        0xc Src/driver.o
 .group         0x0000000000000000        0xc Src/driver.o
 .group         0x0000000000000000        0xc Src/driver.o
 .group         0x0000000000000000        0xc Src/driver.o
 .group         0x0000000000000000        0xc Src/driver.o
 .group         0x0000000000000000        0xc Src/driver.o
 .text          0x0000000000000000        0x0 Src/driver.o
 .data          0x0000000000000000        0x0 Src/driver.o
 .bss           0x0000000000000000        0x0 Src/driver.o
 .debug_macro   0x0000000000000000      0xa60 Src/driver.o
 .debug_macro   0x0000000000000000       0x22 Src/driver.o
 .debug_macro   0x0000000000000000       0xef Src/driver.o
 .debug_macro   0x0000000000000000       0x6a Src/driver.o
 .debug_macro   0x0000000000000000      0x1df Src/driver.o
 .debug_macro   0x0000000000000000       0x18 Src/driver.o
 .debug_macro   0x0000000000000000       0x3c Src/driver.o
 .debug_macro   0x0000000000000000       0x34 Src/driver.o
 .debug_macro   0x0000000000000000       0x16 Src/driver.o
 .debug_macro   0x0000000000000000       0x97 Src/driver.o
 .debug_macro   0x0000000000000000      0x330 Src/driver.o
 .debug_macro   0x0000000000000000       0xfd Src/driver.o
 .debug_macro   0x0000000000000000       0x10 Src/driver.o
 .debug_macro   0x0000000000000000       0x52 Src/driver.o
 .debug_macro   0x0000000000000000       0x1f Src/driver.o
 .debug_macro   0x0000000000000000       0x43 Src/driver.o
 .debug_macro   0x0000000000000000       0x20 Src/driver.o
 .debug_macro   0x0000000000000000      0x1a3 Src/driver.o
 .debug_macro   0x0000000000000000       0x10 Src/driver.o
 .debug_macro   0x0000000000000000       0x1c Src/driver.o
 .debug_macro   0x0000000000000000       0x52 Src/driver.o
 .debug_macro   0x0000000000000000       0x40 Src/driver.o
 .debug_macro   0x0000000000000000       0x10 Src/driver.o
 .debug_macro   0x0000000000000000       0x40 Src/driver.o
 .debug_macro   0x0000000000000000       0xd7 Src/driver.o
 .debug_macro   0x0000000000000000       0x1c Src/driver.o
 .debug_macro   0x0000000000000000       0x3d Src/driver.o
 .debug_macro   0x0000000000000000       0x16 Src/driver.o
 .debug_macro   0x0000000000000000      0x145 Src/driver.o
 .debug_macro   0x0000000000000000       0x46 Src/driver.o
 .group         0x0000000000000000        0xc Src/main.o
 .group         0x0000000000000000        0xc Src/main.o
 .group         0x0000000000000000        0xc Src/main.o
 .group         0x0000000000000000        0xc Src/main.o
 .group         0x0000000000000000        0xc Src/main.o
 .group         0x0000000000000000        0xc Src/main.o
 .group         0x0000000000000000        0xc Src/main.o
 .group         0x0000000000000000        0xc Src/main.o
 .group         0x0000000000000000        0xc Src/main.o
 .group         0x0000000000000000        0xc Src/main.o
 .group         0x0000000000000000        0xc Src/main.o
 .group         0x0000000000000000        0xc Src/main.o
 .group         0x0000000000000000        0xc Src/main.o
 .group         0x0000000000000000        0xc Src/main.o
 .group         0x0000000000000000        0xc Src/main.o
 .group         0x0000000000000000        0xc Src/main.o
 .group         0x0000000000000000        0xc Src/main.o
 .group         0x0000000000000000        0xc Src/main.o
 .group         0x0000000000000000        0xc Src/main.o
 .group         0x0000000000000000        0xc Src/main.o
 .group         0x0000000000000000        0xc Src/main.o
 .group         0x0000000000000000        0xc Src/main.o
 .group         0x0000000000000000        0xc Src/main.o
 .group         0x0000000000000000        0xc Src/main.o
 .group         0x0000000000000000        0xc Src/main.o
 .group         0x0000000000000000        0xc Src/main.o
 .group         0x0000000000000000        0xc Src/main.o
 .group         0x0000000000000000        0xc Src/main.o
 .group         0x0000000000000000        0xc Src/main.o
 .group         0x0000000000000000        0xc Src/main.o
 .group         0x0000000000000000        0xc Src/main.o
 .group         0x0000000000000000        0xc Src/main.o
 .group         0x0000000000000000        0xc Src/main.o
 .group         0x0000000000000000        0xc Src/main.o
 .group         0x0000000000000000        0xc Src/main.o
 .group         0x0000000000000000        0xc Src/main.o
 .group         0x0000000000000000        0xc Src/main.o
 .group         0x0000000000000000        0xc Src/main.o
 .text          0x0000000000000000        0x0 Src/main.o
 .data          0x0000000000000000        0x0 Src/main.o
 .bss           0x0000000000000000        0x0 Src/main.o
 .debug_macro   0x0000000000000000      0xa60 Src/main.o
 .debug_macro   0x0000000000000000       0x22 Src/main.o
 .debug_macro   0x0000000000000000       0x40 Src/main.o
 .debug_macro   0x0000000000000000       0x18 Src/main.o
 .debug_macro   0x0000000000000000       0x94 Src/main.o
 .debug_macro   0x0000000000000000       0x3c Src/main.o
 .debug_macro   0x0000000000000000       0x34 Src/main.o
 .debug_macro   0x0000000000000000       0x16 Src/main.o
 .debug_macro   0x0000000000000000       0x57 Src/main.o
 .debug_macro   0x0000000000000000       0x97 Src/main.o
 .debug_macro   0x0000000000000000      0x330 Src/main.o
 .debug_macro   0x0000000000000000       0xfd Src/main.o
 .debug_macro   0x0000000000000000       0x10 Src/main.o
 .debug_macro   0x0000000000000000       0x52 Src/main.o
 .debug_macro   0x0000000000000000       0x1f Src/main.o
 .debug_macro   0x0000000000000000       0x43 Src/main.o
 .debug_macro   0x0000000000000000       0x20 Src/main.o
 .debug_macro   0x0000000000000000      0x1a3 Src/main.o
 .debug_macro   0x0000000000000000       0x10 Src/main.o
 .debug_macro   0x0000000000000000       0x6a Src/main.o
 .debug_macro   0x0000000000000000       0x1c Src/main.o
 .debug_macro   0x0000000000000000       0x52 Src/main.o
 .debug_macro   0x0000000000000000       0x40 Src/main.o
 .debug_macro   0x0000000000000000       0x10 Src/main.o
 .debug_macro   0x0000000000000000       0x40 Src/main.o
 .debug_macro   0x0000000000000000       0xd7 Src/main.o
 .debug_macro   0x0000000000000000       0x1c Src/main.o
 .debug_macro   0x0000000000000000       0x3d Src/main.o
 .debug_macro   0x0000000000000000       0x16 Src/main.o
 .debug_macro   0x0000000000000000      0x145 Src/main.o
 .debug_macro   0x0000000000000000       0x16 Src/main.o
 .debug_macro   0x0000000000000000       0x35 Src/main.o
 .debug_macro   0x0000000000000000       0x16 Src/main.o
 .debug_macro   0x0000000000000000       0x29 Src/main.o
 .debug_macro   0x0000000000000000       0x10 Src/main.o
 .debug_macro   0x0000000000000000       0xef Src/main.o
 .debug_macro   0x0000000000000000      0x1df Src/main.o
 .debug_macro   0x0000000000000000       0x46 Src/main.o
 .group         0x0000000000000000        0xc Src/mainAlgorithm.o
 .group         0x0000000000000000        0xc Src/mainAlgorithm.o
 .group         0x0000000000000000        0xc Src/mainAlgorithm.o
 .group         0x0000000000000000        0xc Src/mainAlgorithm.o
 .group         0x0000000000000000        0xc Src/mainAlgorithm.o
 .group         0x0000000000000000        0xc Src/mainAlgorithm.o
 .group         0x0000000000000000        0xc Src/mainAlgorithm.o
 .group         0x0000000000000000        0xc Src/mainAlgorithm.o
 .group         0x0000000000000000        0xc Src/mainAlgorithm.o
 .group         0x0000000000000000        0xc Src/mainAlgorithm.o
 .group         0x0000000000000000        0xc Src/mainAlgorithm.o
 .group         0x0000000000000000        0xc Src/mainAlgorithm.o
 .group         0x0000000000000000        0xc Src/mainAlgorithm.o
 .group         0x0000000000000000        0xc Src/mainAlgorithm.o
 .group         0x0000000000000000        0xc Src/mainAlgorithm.o
 .group         0x0000000000000000        0xc Src/mainAlgorithm.o
 .group         0x0000000000000000        0xc Src/mainAlgorithm.o
 .group         0x0000000000000000        0xc Src/mainAlgorithm.o
 .group         0x0000000000000000        0xc Src/mainAlgorithm.o
 .group         0x0000000000000000        0xc Src/mainAlgorithm.o
 .group         0x0000000000000000        0xc Src/mainAlgorithm.o
 .group         0x0000000000000000        0xc Src/mainAlgorithm.o
 .group         0x0000000000000000        0xc Src/mainAlgorithm.o
 .group         0x0000000000000000        0xc Src/mainAlgorithm.o
 .group         0x0000000000000000        0xc Src/mainAlgorithm.o
 .group         0x0000000000000000        0xc Src/mainAlgorithm.o
 .group         0x0000000000000000        0xc Src/mainAlgorithm.o
 .group         0x0000000000000000        0xc Src/mainAlgorithm.o
 .group         0x0000000000000000        0xc Src/mainAlgorithm.o
 .group         0x0000000000000000        0xc Src/mainAlgorithm.o
 .group         0x0000000000000000        0xc Src/mainAlgorithm.o
 .group         0x0000000000000000        0xc Src/mainAlgorithm.o
 .group         0x0000000000000000        0xc Src/mainAlgorithm.o
 .group         0x0000000000000000        0xc Src/mainAlgorithm.o
 .group         0x0000000000000000        0xc Src/mainAlgorithm.o
 .text          0x0000000000000000        0x0 Src/mainAlgorithm.o
 .data          0x0000000000000000        0x0 Src/mainAlgorithm.o
 .bss           0x0000000000000000        0x0 Src/mainAlgorithm.o
 .debug_macro   0x0000000000000000      0xa60 Src/mainAlgorithm.o
 .debug_macro   0x0000000000000000       0x22 Src/mainAlgorithm.o
 .debug_macro   0x0000000000000000       0x40 Src/mainAlgorithm.o
 .debug_macro   0x0000000000000000       0x18 Src/mainAlgorithm.o
 .debug_macro   0x0000000000000000       0x94 Src/mainAlgorithm.o
 .debug_macro   0x0000000000000000       0x3c Src/mainAlgorithm.o
 .debug_macro   0x0000000000000000       0x34 Src/mainAlgorithm.o
 .debug_macro   0x0000000000000000       0x16 Src/mainAlgorithm.o
 .debug_macro   0x0000000000000000       0x57 Src/mainAlgorithm.o
 .debug_macro   0x0000000000000000       0x97 Src/mainAlgorithm.o
 .debug_macro   0x0000000000000000      0x330 Src/mainAlgorithm.o
 .debug_macro   0x0000000000000000       0xfd Src/mainAlgorithm.o
 .debug_macro   0x0000000000000000       0x10 Src/mainAlgorithm.o
 .debug_macro   0x0000000000000000       0x52 Src/mainAlgorithm.o
 .debug_macro   0x0000000000000000       0x1f Src/mainAlgorithm.o
 .debug_macro   0x0000000000000000       0x43 Src/mainAlgorithm.o
 .debug_macro   0x0000000000000000       0x20 Src/mainAlgorithm.o
 .debug_macro   0x0000000000000000      0x1a3 Src/mainAlgorithm.o
 .debug_macro   0x0000000000000000       0x10 Src/mainAlgorithm.o
 .debug_macro   0x0000000000000000       0x6a Src/mainAlgorithm.o
 .debug_macro   0x0000000000000000       0x1c Src/mainAlgorithm.o
 .debug_macro   0x0000000000000000       0x52 Src/mainAlgorithm.o
 .debug_macro   0x0000000000000000       0x40 Src/mainAlgorithm.o
 .debug_macro   0x0000000000000000       0x10 Src/mainAlgorithm.o
 .debug_macro   0x0000000000000000       0x40 Src/mainAlgorithm.o
 .debug_macro   0x0000000000000000       0xd7 Src/mainAlgorithm.o
 .debug_macro   0x0000000000000000       0x1c Src/mainAlgorithm.o
 .debug_macro   0x0000000000000000       0x3d Src/mainAlgorithm.o
 .debug_macro   0x0000000000000000       0x16 Src/mainAlgorithm.o
 .debug_macro   0x0000000000000000      0x145 Src/mainAlgorithm.o
 .debug_macro   0x0000000000000000       0x16 Src/mainAlgorithm.o
 .debug_macro   0x0000000000000000       0x35 Src/mainAlgorithm.o
 .debug_macro   0x0000000000000000       0x16 Src/mainAlgorithm.o
 .debug_macro   0x0000000000000000       0x29 Src/mainAlgorithm.o
 .debug_macro   0x0000000000000000       0x10 Src/mainAlgorithm.o
 .group         0x0000000000000000        0xc Src/syscalls.o
 .group         0x0000000000000000        0xc Src/syscalls.o
 .group         0x0000000000000000        0xc Src/syscalls.o
 .group         0x0000000000000000        0xc Src/syscalls.o
 .group         0x0000000000000000        0xc Src/syscalls.o
 .group         0x0000000000000000        0xc Src/syscalls.o
 .group         0x0000000000000000        0xc Src/syscalls.o
 .group         0x0000000000000000        0xc Src/syscalls.o
 .group         0x0000000000000000        0xc Src/syscalls.o
 .group         0x0000000000000000        0xc Src/syscalls.o
 .group         0x0000000000000000        0xc Src/syscalls.o
 .group         0x0000000000000000        0xc Src/syscalls.o
 .group         0x0000000000000000        0xc Src/syscalls.o
 .group         0x0000000000000000        0xc Src/syscalls.o
 .group         0x0000000000000000        0xc Src/syscalls.o
 .group         0x0000000000000000        0xc Src/syscalls.o
 .group         0x0000000000000000        0xc Src/syscalls.o
 .group         0x0000000000000000        0xc Src/syscalls.o
 .group         0x0000000000000000        0xc Src/syscalls.o
 .group         0x0000000000000000        0xc Src/syscalls.o
 .group         0x0000000000000000        0xc Src/syscalls.o
 .group         0x0000000000000000        0xc Src/syscalls.o
 .group         0x0000000000000000        0xc Src/syscalls.o
 .group         0x0000000000000000        0xc Src/syscalls.o
 .group         0x0000000000000000        0xc Src/syscalls.o
 .group         0x0000000000000000        0xc Src/syscalls.o
 .group         0x0000000000000000        0xc Src/syscalls.o
 .group         0x0000000000000000        0xc Src/syscalls.o
 .group         0x0000000000000000        0xc Src/syscalls.o
 .group         0x0000000000000000        0xc Src/syscalls.o
 .group         0x0000000000000000        0xc Src/syscalls.o
 .group         0x0000000000000000        0xc Src/syscalls.o
 .group         0x0000000000000000        0xc Src/syscalls.o
 .group         0x0000000000000000        0xc Src/syscalls.o
 .group         0x0000000000000000        0xc Src/syscalls.o
 .group         0x0000000000000000        0xc Src/syscalls.o
 .group         0x0000000000000000        0xc Src/syscalls.o
 .group         0x0000000000000000        0xc Src/syscalls.o
 .group         0x0000000000000000        0xc Src/syscalls.o
 .group         0x0000000000000000        0xc Src/syscalls.o
 .group         0x0000000000000000        0xc Src/syscalls.o
 .group         0x0000000000000000        0xc Src/syscalls.o
 .group         0x0000000000000000        0xc Src/syscalls.o
 .group         0x0000000000000000        0xc Src/syscalls.o
 .text          0x0000000000000000        0x0 Src/syscalls.o
 .data          0x0000000000000000        0x0 Src/syscalls.o
 .bss           0x0000000000000000        0x0 Src/syscalls.o
 .bss.__env     0x0000000000000000        0x4 Src/syscalls.o
 .data.environ  0x0000000000000000        0x4 Src/syscalls.o
 .text.initialise_monitor_handles
                0x0000000000000000        0xc Src/syscalls.o
 .text._getpid  0x0000000000000000        0xe Src/syscalls.o
 .text._kill    0x0000000000000000       0x20 Src/syscalls.o
 .text._exit    0x0000000000000000       0x14 Src/syscalls.o
 .text._read    0x0000000000000000       0x3a Src/syscalls.o
 .text._write   0x0000000000000000       0x38 Src/syscalls.o
 .text._close   0x0000000000000000       0x16 Src/syscalls.o
 .text._fstat   0x0000000000000000       0x1e Src/syscalls.o
 .text._isatty  0x0000000000000000       0x14 Src/syscalls.o
 .text._lseek   0x0000000000000000       0x18 Src/syscalls.o
 .text._open    0x0000000000000000       0x1a Src/syscalls.o
 .text._wait    0x0000000000000000       0x1e Src/syscalls.o
 .text._unlink  0x0000000000000000       0x1e Src/syscalls.o
 .text._times   0x0000000000000000       0x16 Src/syscalls.o
 .text._stat    0x0000000000000000       0x1e Src/syscalls.o
 .text._link    0x0000000000000000       0x20 Src/syscalls.o
 .text._fork    0x0000000000000000       0x16 Src/syscalls.o
 .text._execve  0x0000000000000000       0x22 Src/syscalls.o
 .debug_info    0x0000000000000000      0xebd Src/syscalls.o
 .debug_abbrev  0x0000000000000000      0x261 Src/syscalls.o
 .debug_aranges
                0x0000000000000000       0xa8 Src/syscalls.o
 .debug_ranges  0x0000000000000000       0x98 Src/syscalls.o
 .debug_macro   0x0000000000000000      0x243 Src/syscalls.o
 .debug_macro   0x0000000000000000      0xa60 Src/syscalls.o
 .debug_macro   0x0000000000000000       0x22 Src/syscalls.o
 .debug_macro   0x0000000000000000       0x40 Src/syscalls.o
 .debug_macro   0x0000000000000000       0x18 Src/syscalls.o
 .debug_macro   0x0000000000000000       0x94 Src/syscalls.o
 .debug_macro   0x0000000000000000       0x3c Src/syscalls.o
 .debug_macro   0x0000000000000000       0x34 Src/syscalls.o
 .debug_macro   0x0000000000000000       0x57 Src/syscalls.o
 .debug_macro   0x0000000000000000      0x174 Src/syscalls.o
 .debug_macro   0x0000000000000000      0x330 Src/syscalls.o
 .debug_macro   0x0000000000000000       0x52 Src/syscalls.o
 .debug_macro   0x0000000000000000       0x1f Src/syscalls.o
 .debug_macro   0x0000000000000000       0x43 Src/syscalls.o
 .debug_macro   0x0000000000000000       0x20 Src/syscalls.o
 .debug_macro   0x0000000000000000      0x1a3 Src/syscalls.o
 .debug_macro   0x0000000000000000       0x10 Src/syscalls.o
 .debug_macro   0x0000000000000000       0x35 Src/syscalls.o
 .debug_macro   0x0000000000000000       0x10 Src/syscalls.o
 .debug_macro   0x0000000000000000       0x10 Src/syscalls.o
 .debug_macro   0x0000000000000000       0x10 Src/syscalls.o
 .debug_macro   0x0000000000000000       0x6a Src/syscalls.o
 .debug_macro   0x0000000000000000       0x1c Src/syscalls.o
 .debug_macro   0x0000000000000000       0x52 Src/syscalls.o
 .debug_macro   0x0000000000000000       0x40 Src/syscalls.o
 .debug_macro   0x0000000000000000       0x10 Src/syscalls.o
 .debug_macro   0x0000000000000000       0x40 Src/syscalls.o
 .debug_macro   0x0000000000000000       0xd7 Src/syscalls.o
 .debug_macro   0x0000000000000000       0x1c Src/syscalls.o
 .debug_macro   0x0000000000000000       0x3d Src/syscalls.o
 .debug_macro   0x0000000000000000       0x35 Src/syscalls.o
 .debug_macro   0x0000000000000000      0x122 Src/syscalls.o
 .debug_macro   0x0000000000000000       0x16 Src/syscalls.o
 .debug_macro   0x0000000000000000       0x16 Src/syscalls.o
 .debug_macro   0x0000000000000000       0x29 Src/syscalls.o
 .debug_macro   0x0000000000000000       0x10 Src/syscalls.o
 .debug_macro   0x0000000000000000      0x241 Src/syscalls.o
 .debug_macro   0x0000000000000000       0x1c Src/syscalls.o
 .debug_macro   0x0000000000000000       0x10 Src/syscalls.o
 .debug_macro   0x0000000000000000       0x10 Src/syscalls.o
 .debug_macro   0x0000000000000000       0x16 Src/syscalls.o
 .debug_macro   0x0000000000000000      0x145 Src/syscalls.o
 .debug_macro   0x0000000000000000      0x189 Src/syscalls.o
 .debug_macro   0x0000000000000000       0x16 Src/syscalls.o
 .debug_macro   0x0000000000000000       0x88 Src/syscalls.o
 .debug_line    0x0000000000000000      0x739 Src/syscalls.o
 .debug_str     0x0000000000000000     0x8884 Src/syscalls.o
 .comment       0x0000000000000000       0x7c Src/syscalls.o
 .debug_frame   0x0000000000000000      0x2ac Src/syscalls.o
 .ARM.attributes
                0x0000000000000000       0x33 Src/syscalls.o
 .group         0x0000000000000000        0xc Src/sysmem.o
 .group         0x0000000000000000        0xc Src/sysmem.o
 .group         0x0000000000000000        0xc Src/sysmem.o
 .group         0x0000000000000000        0xc Src/sysmem.o
 .group         0x0000000000000000        0xc Src/sysmem.o
 .group         0x0000000000000000        0xc Src/sysmem.o
 .group         0x0000000000000000        0xc Src/sysmem.o
 .group         0x0000000000000000        0xc Src/sysmem.o
 .group         0x0000000000000000        0xc Src/sysmem.o
 .group         0x0000000000000000        0xc Src/sysmem.o
 .group         0x0000000000000000        0xc Src/sysmem.o
 .group         0x0000000000000000        0xc Src/sysmem.o
 .group         0x0000000000000000        0xc Src/sysmem.o
 .group         0x0000000000000000        0xc Src/sysmem.o
 .group         0x0000000000000000        0xc Src/sysmem.o
 .group         0x0000000000000000        0xc Src/sysmem.o
 .group         0x0000000000000000        0xc Src/sysmem.o
 .group         0x0000000000000000        0xc Src/sysmem.o
 .group         0x0000000000000000        0xc Src/sysmem.o
 .text          0x0000000000000000        0x0 Src/sysmem.o
 .data          0x0000000000000000        0x0 Src/sysmem.o
 .bss           0x0000000000000000        0x0 Src/sysmem.o
 .bss.__sbrk_heap_end
                0x0000000000000000        0x4 Src/sysmem.o
 .text._sbrk    0x0000000000000000       0x6c Src/sysmem.o
 .debug_info    0x0000000000000000      0x985 Src/sysmem.o
 .debug_abbrev  0x0000000000000000      0x19b Src/sysmem.o
 .debug_aranges
                0x0000000000000000       0x20 Src/sysmem.o
 .debug_ranges  0x0000000000000000       0x10 Src/sysmem.o
 .debug_macro   0x0000000000000000       0xee Src/sysmem.o
 .debug_macro   0x0000000000000000      0xa60 Src/sysmem.o
 .debug_macro   0x0000000000000000       0x10 Src/sysmem.o
 .debug_macro   0x0000000000000000       0x22 Src/sysmem.o
 .debug_macro   0x0000000000000000       0x40 Src/sysmem.o
 .debug_macro   0x0000000000000000       0x18 Src/sysmem.o
 .debug_macro   0x0000000000000000       0x94 Src/sysmem.o
 .debug_macro   0x0000000000000000       0x3c Src/sysmem.o
 .debug_macro   0x0000000000000000       0x34 Src/sysmem.o
 .debug_macro   0x0000000000000000      0x174 Src/sysmem.o
 .debug_macro   0x0000000000000000       0x57 Src/sysmem.o
 .debug_macro   0x0000000000000000       0x52 Src/sysmem.o
 .debug_macro   0x0000000000000000       0x1f Src/sysmem.o
 .debug_macro   0x0000000000000000       0x43 Src/sysmem.o
 .debug_macro   0x0000000000000000       0x20 Src/sysmem.o
 .debug_macro   0x0000000000000000      0x1a3 Src/sysmem.o
 .debug_macro   0x0000000000000000      0x23b Src/sysmem.o
 .debug_macro   0x0000000000000000       0xef Src/sysmem.o
 .debug_macro   0x0000000000000000       0x6a Src/sysmem.o
 .debug_macro   0x0000000000000000      0x1df Src/sysmem.o
 .debug_line    0x0000000000000000      0x4c2 Src/sysmem.o
 .debug_str     0x0000000000000000     0x5f52 Src/sysmem.o
 .comment       0x0000000000000000       0x7c Src/sysmem.o
 .debug_frame   0x0000000000000000       0x34 Src/sysmem.o
 .ARM.attributes
                0x0000000000000000       0x33 Src/sysmem.o
 .text          0x0000000000000000       0x14 Startup/startup_stm32f103c6tx.o
 .data          0x0000000000000000        0x0 Startup/startup_stm32f103c6tx.o
 .bss           0x0000000000000000        0x0 Startup/startup_stm32f103c6tx.o
 .text          0x0000000000000000        0x0 c:/st/stm32cubeide_1.4.0/stm32cubeide/plugins/com.st.stm32cube.ide.mcu.externaltools.gnu-tools-for-stm32.7-2018-q2-update.win32_1.4.0.202007081208/tools/bin/../lib/gcc/arm-none-eabi/7.3.1/../../../../arm-none-eabi/lib/thumb/v7-m\libc_nano.a(lib_a-errno.o)
 .data          0x0000000000000000        0x0 c:/st/stm32cubeide_1.4.0/stm32cubeide/plugins/com.st.stm32cube.ide.mcu.externaltools.gnu-tools-for-stm32.7-2018-q2-update.win32_1.4.0.202007081208/tools/bin/../lib/gcc/arm-none-eabi/7.3.1/../../../../arm-none-eabi/lib/thumb/v7-m\libc_nano.a(lib_a-errno.o)
 .bss           0x0000000000000000        0x0 c:/st/stm32cubeide_1.4.0/stm32cubeide/plugins/com.st.stm32cube.ide.mcu.externaltools.gnu-tools-for-stm32.7-2018-q2-update.win32_1.4.0.202007081208/tools/bin/../lib/gcc/arm-none-eabi/7.3.1/../../../../arm-none-eabi/lib/thumb/v7-m\libc_nano.a(lib_a-errno.o)
 .text.__errno  0x0000000000000000        0xc c:/st/stm32cubeide_1.4.0/stm32cubeide/plugins/com.st.stm32cube.ide.mcu.externaltools.gnu-tools-for-stm32.7-2018-q2-update.win32_1.4.0.202007081208/tools/bin/../lib/gcc/arm-none-eabi/7.3.1/../../../../arm-none-eabi/lib/thumb/v7-m\libc_nano.a(lib_a-errno.o)
 .debug_frame   0x0000000000000000       0x20 c:/st/stm32cubeide_1.4.0/stm32cubeide/plugins/com.st.stm32cube.ide.mcu.externaltools.gnu-tools-for-stm32.7-2018-q2-update.win32_1.4.0.202007081208/tools/bin/../lib/gcc/arm-none-eabi/7.3.1/../../../../arm-none-eabi/lib/thumb/v7-m\libc_nano.a(lib_a-errno.o)
 .ARM.attributes
                0x0000000000000000       0x2d c:/st/stm32cubeide_1.4.0/stm32cubeide/plugins/com.st.stm32cube.ide.mcu.externaltools.gnu-tools-for-stm32.7-2018-q2-update.win32_1.4.0.202007081208/tools/bin/../lib/gcc/arm-none-eabi/7.3.1/../../../../arm-none-eabi/lib/thumb/v7-m\libc_nano.a(lib_a-errno.o)
 .text          0x0000000000000000        0x0 c:/st/stm32cubeide_1.4.0/stm32cubeide/plugins/com.st.stm32cube.ide.mcu.externaltools.gnu-tools-for-stm32.7-2018-q2-update.win32_1.4.0.202007081208/tools/bin/../lib/gcc/arm-none-eabi/7.3.1/../../../../arm-none-eabi/lib/thumb/v7-m\libc_nano.a(lib_a-exit.o)
 .data          0x0000000000000000        0x0 c:/st/stm32cubeide_1.4.0/stm32cubeide/plugins/com.st.stm32cube.ide.mcu.externaltools.gnu-tools-for-stm32.7-2018-q2-update.win32_1.4.0.202007081208/tools/bin/../lib/gcc/arm-none-eabi/7.3.1/../../../../arm-none-eabi/lib/thumb/v7-m\libc_nano.a(lib_a-exit.o)
 .bss           0x0000000000000000        0x0 c:/st/stm32cubeide_1.4.0/stm32cubeide/plugins/com.st.stm32cube.ide.mcu.externaltools.gnu-tools-for-stm32.7-2018-q2-update.win32_1.4.0.202007081208/tools/bin/../lib/gcc/arm-none-eabi/7.3.1/../../../../arm-none-eabi/lib/thumb/v7-m\libc_nano.a(lib_a-exit.o)
 .text.exit     0x0000000000000000       0x28 c:/st/stm32cubeide_1.4.0/stm32cubeide/plugins/com.st.stm32cube.ide.mcu.externaltools.gnu-tools-for-stm32.7-2018-q2-update.win32_1.4.0.202007081208/tools/bin/../lib/gcc/arm-none-eabi/7.3.1/../../../../arm-none-eabi/lib/thumb/v7-m\libc_nano.a(lib_a-exit.o)
 .debug_frame   0x0000000000000000       0x28 c:/st/stm32cubeide_1.4.0/stm32cubeide/plugins/com.st.stm32cube.ide.mcu.externaltools.gnu-tools-for-stm32.7-2018-q2-update.win32_1.4.0.202007081208/tools/bin/../lib/gcc/arm-none-eabi/7.3.1/../../../../arm-none-eabi/lib/thumb/v7-m\libc_nano.a(lib_a-exit.o)
 .ARM.attributes
                0x0000000000000000       0x2d c:/st/stm32cubeide_1.4.0/stm32cubeide/plugins/com.st.stm32cube.ide.mcu.externaltools.gnu-tools-for-stm32.7-2018-q2-update.win32_1.4.0.202007081208/tools/bin/../lib/gcc/arm-none-eabi/7.3.1/../../../../arm-none-eabi/lib/thumb/v7-m\libc_nano.a(lib_a-exit.o)
 .text          0x0000000000000000        0x0 c:/st/stm32cubeide_1.4.0/stm32cubeide/plugins/com.st.stm32cube.ide.mcu.externaltools.gnu-tools-for-stm32.7-2018-q2-update.win32_1.4.0.202007081208/tools/bin/../lib/gcc/arm-none-eabi/7.3.1/../../../../arm-none-eabi/lib/thumb/v7-m\libc_nano.a(lib_a-impure.o)
 .data          0x0000000000000000        0x0 c:/st/stm32cubeide_1.4.0/stm32cubeide/plugins/com.st.stm32cube.ide.mcu.externaltools.gnu-tools-for-stm32.7-2018-q2-update.win32_1.4.0.202007081208/tools/bin/../lib/gcc/arm-none-eabi/7.3.1/../../../../arm-none-eabi/lib/thumb/v7-m\libc_nano.a(lib_a-impure.o)
 .bss           0x0000000000000000        0x0 c:/st/stm32cubeide_1.4.0/stm32cubeide/plugins/com.st.stm32cube.ide.mcu.externaltools.gnu-tools-for-stm32.7-2018-q2-update.win32_1.4.0.202007081208/tools/bin/../lib/gcc/arm-none-eabi/7.3.1/../../../../arm-none-eabi/lib/thumb/v7-m\libc_nano.a(lib_a-impure.o)
 .data._impure_ptr
                0x0000000000000000        0x4 c:/st/stm32cubeide_1.4.0/stm32cubeide/plugins/com.st.stm32cube.ide.mcu.externaltools.gnu-tools-for-stm32.7-2018-q2-update.win32_1.4.0.202007081208/tools/bin/../lib/gcc/arm-none-eabi/7.3.1/../../../../arm-none-eabi/lib/thumb/v7-m\libc_nano.a(lib_a-impure.o)
 .data.impure_data
                0x0000000000000000       0x60 c:/st/stm32cubeide_1.4.0/stm32cubeide/plugins/com.st.stm32cube.ide.mcu.externaltools.gnu-tools-for-stm32.7-2018-q2-update.win32_1.4.0.202007081208/tools/bin/../lib/gcc/arm-none-eabi/7.3.1/../../../../arm-none-eabi/lib/thumb/v7-m\libc_nano.a(lib_a-impure.o)
 .rodata._global_impure_ptr
                0x0000000000000000        0x4 c:/st/stm32cubeide_1.4.0/stm32cubeide/plugins/com.st.stm32cube.ide.mcu.externaltools.gnu-tools-for-stm32.7-2018-q2-update.win32_1.4.0.202007081208/tools/bin/../lib/gcc/arm-none-eabi/7.3.1/../../../../arm-none-eabi/lib/thumb/v7-m\libc_nano.a(lib_a-impure.o)
 .ARM.attributes
                0x0000000000000000       0x2d c:/st/stm32cubeide_1.4.0/stm32cubeide/plugins/com.st.stm32cube.ide.mcu.externaltools.gnu-tools-for-stm32.7-2018-q2-update.win32_1.4.0.202007081208/tools/bin/../lib/gcc/arm-none-eabi/7.3.1/../../../../arm-none-eabi/lib/thumb/v7-m\libc_nano.a(lib_a-impure.o)
 .text          0x0000000000000000        0x0 c:/st/stm32cubeide_1.4.0/stm32cubeide/plugins/com.st.stm32cube.ide.mcu.externaltools.gnu-tools-for-stm32.7-2018-q2-update.win32_1.4.0.202007081208/tools/bin/../lib/gcc/arm-none-eabi/7.3.1/../../../../arm-none-eabi/lib/thumb/v7-m\libc_nano.a(lib_a-init.o)
 .data          0x0000000000000000        0x0 c:/st/stm32cubeide_1.4.0/stm32cubeide/plugins/com.st.stm32cube.ide.mcu.externaltools.gnu-tools-for-stm32.7-2018-q2-update.win32_1.4.0.202007081208/tools/bin/../lib/gcc/arm-none-eabi/7.3.1/../../../../arm-none-eabi/lib/thumb/v7-m\libc_nano.a(lib_a-init.o)
 .bss           0x0000000000000000        0x0 c:/st/stm32cubeide_1.4.0/stm32cubeide/plugins/com.st.stm32cube.ide.mcu.externaltools.gnu-tools-for-stm32.7-2018-q2-update.win32_1.4.0.202007081208/tools/bin/../lib/gcc/arm-none-eabi/7.3.1/../../../../arm-none-eabi/lib/thumb/v7-m\libc_nano.a(lib_a-init.o)
 .text          0x0000000000000000        0x0 c:/st/stm32cubeide_1.4.0/stm32cubeide/plugins/com.st.stm32cube.ide.mcu.externaltools.gnu-tools-for-stm32.7-2018-q2-update.win32_1.4.0.202007081208/tools/bin/../lib/gcc/arm-none-eabi/7.3.1/../../../../arm-none-eabi/lib/thumb/v7-m\libc_nano.a(lib_a-memset.o)
 .data          0x0000000000000000        0x0 c:/st/stm32cubeide_1.4.0/stm32cubeide/plugins/com.st.stm32cube.ide.mcu.externaltools.gnu-tools-for-stm32.7-2018-q2-update.win32_1.4.0.202007081208/tools/bin/../lib/gcc/arm-none-eabi/7.3.1/../../../../arm-none-eabi/lib/thumb/v7-m\libc_nano.a(lib_a-memset.o)
 .bss           0x0000000000000000        0x0 c:/st/stm32cubeide_1.4.0/stm32cubeide/plugins/com.st.stm32cube.ide.mcu.externaltools.gnu-tools-for-stm32.7-2018-q2-update.win32_1.4.0.202007081208/tools/bin/../lib/gcc/arm-none-eabi/7.3.1/../../../../arm-none-eabi/lib/thumb/v7-m\libc_nano.a(lib_a-memset.o)
 .text.memset   0x0000000000000000       0x10 c:/st/stm32cubeide_1.4.0/stm32cubeide/plugins/com.st.stm32cube.ide.mcu.externaltools.gnu-tools-for-stm32.7-2018-q2-update.win32_1.4.0.202007081208/tools/bin/../lib/gcc/arm-none-eabi/7.3.1/../../../../arm-none-eabi/lib/thumb/v7-m\libc_nano.a(lib_a-memset.o)
 .debug_frame   0x0000000000000000       0x20 c:/st/stm32cubeide_1.4.0/stm32cubeide/plugins/com.st.stm32cube.ide.mcu.externaltools.gnu-tools-for-stm32.7-2018-q2-update.win32_1.4.0.202007081208/tools/bin/../lib/gcc/arm-none-eabi/7.3.1/../../../../arm-none-eabi/lib/thumb/v7-m\libc_nano.a(lib_a-memset.o)
 .ARM.attributes
                0x0000000000000000       0x2d c:/st/stm32cubeide_1.4.0/stm32cubeide/plugins/com.st.stm32cube.ide.mcu.externaltools.gnu-tools-for-stm32.7-2018-q2-update.win32_1.4.0.202007081208/tools/bin/../lib/gcc/arm-none-eabi/7.3.1/../../../../arm-none-eabi/lib/thumb/v7-m\libc_nano.a(lib_a-memset.o)
 .text          0x0000000000000000        0x0 c:/st/stm32cubeide_1.4.0/stm32cubeide/plugins/com.st.stm32cube.ide.mcu.externaltools.gnu-tools-for-stm32.7-2018-q2-update.win32_1.4.0.202007081208/tools/bin/../lib/gcc/arm-none-eabi/7.3.1/thumb/v7-m/crtend.o
 .data          0x0000000000000000        0x0 c:/st/stm32cubeide_1.4.0/stm32cubeide/plugins/com.st.stm32cube.ide.mcu.externaltools.gnu-tools-for-stm32.7-2018-q2-update.win32_1.4.0.202007081208/tools/bin/../lib/gcc/arm-none-eabi/7.3.1/thumb/v7-m/crtend.o
 .bss           0x0000000000000000        0x0 c:/st/stm32cubeide_1.4.0/stm32cubeide/plugins/com.st.stm32cube.ide.mcu.externaltools.gnu-tools-for-stm32.7-2018-q2-update.win32_1.4.0.202007081208/tools/bin/../lib/gcc/arm-none-eabi/7.3.1/thumb/v7-m/crtend.o
 .eh_frame      0x0000000000000000        0x4 c:/st/stm32cubeide_1.4.0/stm32cubeide/plugins/com.st.stm32cube.ide.mcu.externaltools.gnu-tools-for-stm32.7-2018-q2-update.win32_1.4.0.202007081208/tools/bin/../lib/gcc/arm-none-eabi/7.3.1/thumb/v7-m/crtend.o
 .ARM.attributes
                0x0000000000000000       0x2d c:/st/stm32cubeide_1.4.0/stm32cubeide/plugins/com.st.stm32cube.ide.mcu.externaltools.gnu-tools-for-stm32.7-2018-q2-update.win32_1.4.0.202007081208/tools/bin/../lib/gcc/arm-none-eabi/7.3.1/thumb/v7-m/crtend.o
 .text          0x0000000000000000        0x0 c:/st/stm32cubeide_1.4.0/stm32cubeide/plugins/com.st.stm32cube.ide.mcu.externaltools.gnu-tools-for-stm32.7-2018-q2-update.win32_1.4.0.202007081208/tools/bin/../lib/gcc/arm-none-eabi/7.3.1/thumb/v7-m/crtn.o
 .data          0x0000000000000000        0x0 c:/st/stm32cubeide_1.4.0/stm32cubeide/plugins/com.st.stm32cube.ide.mcu.externaltools.gnu-tools-for-stm32.7-2018-q2-update.win32_1.4.0.202007081208/tools/bin/../lib/gcc/arm-none-eabi/7.3.1/thumb/v7-m/crtn.o
 .bss           0x0000000000000000        0x0 c:/st/stm32cubeide_1.4.0/stm32cubeide/plugins/com.st.stm32cube.ide.mcu.externaltools.gnu-tools-for-stm32.7-2018-q2-update.win32_1.4.0.202007081208/tools/bin/../lib/gcc/arm-none-eabi/7.3.1/thumb/v7-m/crtn.o

Memory Configuration

Name             Origin             Length             Attributes
RAM              0x0000000020000000 0x0000000000002800 xrw
ROM              0x0000000008000000 0x0000000000008000 xr
*default*        0x0000000000000000 0xffffffffffffffff

Linker script and memory map

LOAD c:/st/stm32cubeide_1.4.0/stm32cubeide/plugins/com.st.stm32cube.ide.mcu.externaltools.gnu-tools-for-stm32.7-2018-q2-update.win32_1.4.0.202007081208/tools/bin/../lib/gcc/arm-none-eabi/7.3.1/thumb/v7-m/crti.o
LOAD c:/st/stm32cubeide_1.4.0/stm32cubeide/plugins/com.st.stm32cube.ide.mcu.externaltools.gnu-tools-for-stm32.7-2018-q2-update.win32_1.4.0.202007081208/tools/bin/../lib/gcc/arm-none-eabi/7.3.1/thumb/v7-m/crtbegin.o
LOAD c:/st/stm32cubeide_1.4.0/stm32cubeide/plugins/com.st.stm32cube.ide.mcu.externaltools.gnu-tools-for-stm32.7-2018-q2-update.win32_1.4.0.202007081208/tools/bin/../lib/gcc/arm-none-eabi/7.3.1/../../../../arm-none-eabi/lib/thumb/v7-m/crt0.o
LOAD Src/Monitor_Alarm.o
LOAD Src/Monitor_Alarm_Driver.o
LOAD Src/Pressure_sensor_driver.o
LOAD Src/driver.o
LOAD Src/main.o
LOAD Src/mainAlgorithm.o
LOAD Src/syscalls.o
LOAD Src/sysmem.o
LOAD Startup/startup_stm32f103c6tx.o
START GROUP
LOAD c:/st/stm32cubeide_1.4.0/stm32cubeide/plugins/com.st.stm32cube.ide.mcu.externaltools.gnu-tools-for-stm32.7-2018-q2-update.win32_1.4.0.202007081208/tools/bin/../lib/gcc/arm-none-eabi/7.3.1/../../../../arm-none-eabi/lib/thumb/v7-m\libc_nano.a
LOAD c:/st/stm32cubeide_1.4.0/stm32cubeide/plugins/com.st.stm32cube.ide.mcu.externaltools.gnu-tools-for-stm32.7-2018-q2-update.win32_1.4.0.202007081208/tools/bin/../lib/gcc/arm-none-eabi/7.3.1/../../../../arm-none-eabi/lib/thumb/v7-m\libm.a
END GROUP
START GROUP
LOAD c:/st/stm32cubeide_1.4.0/stm32cubeide/plugins/com.st.stm32cube.ide.mcu.externaltools.gnu-tools-for-stm32.7-2018-q2-update.win32_1.4.0.202007081208/tools/bin/../lib/gcc/arm-none-eabi/7.3.1/thumb/v7-m\libgcc.a
LOAD c:/st/stm32cubeide_1.4.0/stm32cubeide/plugins/com.st.stm32cube.ide.mcu.externaltools.gnu-tools-for-stm32.7-2018-q2-update.win32_1.4.0.202007081208/tools/bin/../lib/gcc/arm-none-eabi/7.3.1/../../../../arm-none-eabi/lib/thumb/v7-m\libc_nano.a
END GROUP
START GROUP
LOAD c:/st/stm32cubeide_1.4.0/stm32cubeide/plugins/com.st.stm32cube.ide.mcu.externaltools.gnu-tools-for-stm32.7-2018-q2-update.win32_1.4.0.202007081208/tools/bin/../lib/gcc/arm-none-eabi/7.3.1/thumb/v7-m\libgcc.a
LOAD c:/st/stm32cubeide_1.4.0/stm32cubeide/plugins/com.st.stm32cube.ide.mcu.externaltools.gnu-tools-for-stm32.7-2018-q2-update.win32_1.4.0.202007081208/tools/bin/../lib/gcc/arm-none-eabi/7.3.1/../../../../arm-none-eabi/lib/thumb/v7-m\libc_nano.a
LOAD c:/st/stm32cubeide_1.4.0/stm32cubeide/plugins/com.st.stm32cube.ide.mcu.externaltools.gnu-tools-for-stm32.7-2018-q2-update.win32_1.4.0.202007081208/tools/bin/../lib/gcc/arm-none-eabi/7.3.1/../../../../arm-none-eabi/lib/thumb/v7-m\libnosys.a
END GROUP
START GROUP
LOAD c:/st/stm32cubeide_1.4.0/stm32cubeide/plugins/com.st.stm32cube.ide.mcu.externaltools.gnu-tools-for-stm32.7-2018-q2-update.win32_1.4.0.202007081208/tools/bin/../lib/gcc/arm-none-eabi/7.3.1/thumb/v7-m\libgcc.a
LOAD c:/st/stm32cubeide_1.4.0/stm32cubeide/plugins/com.st.stm32cube.ide.mcu.externaltools.gnu-tools-for-stm32.7-2018-q2-update.win32_1.4.0.202007081208/tools/bin/../lib/gcc/arm-none-eabi/7.3.1/../../../../arm-none-eabi/lib/thumb/v7-m\libc_nano.a
LOAD c:/st/stm32cubeide_1.4.0/stm32cubeide/plugins/com.st.stm32cube.ide.mcu.externaltools.gnu-tools-for-stm32.7-2018-q2-update.win32_1.4.0.202007081208/tools/bin/../lib/gcc/arm-none-eabi/7.3.1/../../../../arm-none-eabi/lib/thumb/v7-m\libnosys.a
END GROUP
LOAD c:/st/stm32cubeide_1.4.0/stm32cubeide/plugins/com.st.stm32cube.ide.mcu.externaltools.gnu-tools-for-stm32.7-2018-q2-update.win32_1.4.0.202007081208/tools/bin/../lib/gcc/arm-none-eabi/7.3.1/thumb/v7-m/crtend.o
LOAD c:/st/stm32cubeide_1.4.0/stm32cubeide/plugins/com.st.stm32cube.ide.mcu.externaltools.gnu-tools-for-stm32.7-2018-q2-update.win32_1.4.0.202007081208/tools/bin/../lib/gcc/arm-none-eabi/7.3.1/thumb/v7-m/crtn.o
                0x0000000020002800                _estack = (ORIGIN (RAM) + LENGTH (RAM))
                0x0000000000000200                _Min_Heap_Size = 0x200
                0x0000000000000400                _Min_Stack_Size = 0x400

.isr_vector     0x0000000008000000      0x130
                0x0000000008000000                . = ALIGN (0x4)
 *(.isr_vector)
 .isr_vector    0x0000000008000000      0x130 Startup/startup_stm32f103c6tx.o
                0x0000000008000000                g_pfnVectors
                0x0000000008000130                . = ALIGN (0x4)

.text           0x0000000008000130      0x484
                0x0000000008000130                . = ALIGN (0x4)
 *(.text)
 .text          0x0000000008000130       0x40 c:/st/stm32cubeide_1.4.0/stm32cubeide/plugins/com.st.stm32cube.ide.mcu.externaltools.gnu-tools-for-stm32.7-2018-q2-update.win32_1.4.0.202007081208/tools/bin/../lib/gcc/arm-none-eabi/7.3.1/thumb/v7-m/crtbegin.o
 *(.text*)
 .text.Monitor_Alarm_init
                0x0000000008000170        0xc Src/Monitor_Alarm.o
                0x0000000008000170                Monitor_Alarm_init
 .text.High_Pressure_Detected
                0x000000000800017c       0x1c Src/Monitor_Alarm.o
                0x000000000800017c                High_Pressure_Detected
 .text.ST_Monitor_Alarm_AlarmOFF
                0x0000000008000198       0x18 Src/Monitor_Alarm.o
                0x0000000008000198                ST_Monitor_Alarm_AlarmOFF
 .text.ST_Monitor_Alarm_AlarmON
                0x00000000080001b0       0x3c Src/Monitor_Alarm.o
                0x00000000080001b0                ST_Monitor_Alarm_AlarmON
 .text.ST_Monitor_Alarm_waiting
                0x00000000080001ec       0x38 Src/Monitor_Alarm.o
                0x00000000080001ec                ST_Monitor_Alarm_waiting
 .text.Monitor_Alarm_Driver_init
                0x0000000008000224        0xc Src/Monitor_Alarm_Driver.o
                0x0000000008000224                Monitor_Alarm_Driver_init
 .text.Stop_Alarm
                0x0000000008000230       0x1c Src/Monitor_Alarm_Driver.o
                0x0000000008000230                Stop_Alarm
 .text.Start_Alarm
                0x000000000800024c       0x1c Src/Monitor_Alarm_Driver.o
                0x000000000800024c                Start_Alarm
 .text.ST_Monitor_Alarm_Driver_waiting
                0x0000000008000268       0x18 Src/Monitor_Alarm_Driver.o
                0x0000000008000268                ST_Monitor_Alarm_Driver_waiting
 .text.ST_Monitor_Alarm_Driver_AlarmON
                0x0000000008000280       0x34 Src/Monitor_Alarm_Driver.o
                0x0000000008000280                ST_Monitor_Alarm_Driver_AlarmON
 .text.ST_Monitor_Alarm_Driver_AlarmOFF
                0x00000000080002b4       0x28 Src/Monitor_Alarm_Driver.o
                0x00000000080002b4                ST_Monitor_Alarm_Driver_AlarmOFF
 .text.Pressure_sensor_init
                0x00000000080002dc        0xc Src/Pressure_sensor_driver.o
                0x00000000080002dc                Pressure_sensor_init
 .text.ST_Pressure_sensor_readflag
                0x00000000080002e8       0x44 Src/Pressure_sensor_driver.o
                0x00000000080002e8                ST_Pressure_sensor_readflag
 .text.ST_Pressure_sensor_waiting
                0x000000000800032c       0x2c Src/Pressure_sensor_driver.o
                0x000000000800032c                ST_Pressure_sensor_waiting
 .text.Delay    0x0000000008000358       0x20 Src/driver.o
                0x0000000008000358                Delay
 .text.getPressureVal
                0x0000000008000378       0x18 Src/driver.o
                0x0000000008000378                getPressureVal
 .text.Set_Alarm_actuator
                0x0000000008000390       0x44 Src/driver.o
                0x0000000008000390                Set_Alarm_actuator
 .text.GPIO_INITIALIZATION
                0x00000000080003d4       0x50 Src/driver.o
                0x00000000080003d4                GPIO_INITIALIZATION
 .text.setup    0x0000000008000424       0x4c Src/main.o
                0x0000000008000424                setup
 .text.main     0x0000000008000470       0x38 Src/main.o
                0x0000000008000470                main
 .text.Pressure_sensor_set_val
                0x00000000080004a8       0x2c Src/mainAlgorithm.o
                0x00000000080004a8                Pressure_sensor_set_val
 .text.ST_mainAlgorithm_High_pressure_Detect
                0x00000000080004d4       0x2c Src/mainAlgorithm.o
                0x00000000080004d4                ST_mainAlgorithm_High_pressure_Detect
 .text.Reset_Handler
                0x0000000008000500       0x50 Startup/startup_stm32f103c6tx.o
                0x0000000008000500                Reset_Handler
 .text.Default_Handler
                0x0000000008000550        0x2 Startup/startup_stm32f103c6tx.o
                0x0000000008000550                EXTI2_IRQHandler
                0x0000000008000550                TIM8_TRG_COM_IRQHandler
                0x0000000008000550                TIM8_CC_IRQHandler
                0x0000000008000550                DebugMon_Handler
                0x0000000008000550                TIM1_CC_IRQHandler
                0x0000000008000550                HardFault_Handler
                0x0000000008000550                TIM6_IRQHandler
                0x0000000008000550                SysTick_Handler
                0x0000000008000550                PVD_IRQHandler
                0x0000000008000550                SDIO_IRQHandler
                0x0000000008000550                PendSV_Handler
                0x0000000008000550                NMI_Handler
                0x0000000008000550                EXTI3_IRQHandler
                0x0000000008000550                USB_HP_CAN_TX_IRQHandler
                0x0000000008000550                EXTI0_IRQHandler
                0x0000000008000550                I2C2_EV_IRQHandler
                0x0000000008000550                UsageFault_Handler
                0x0000000008000550                ADC1_2_IRQHandler
                0x0000000008000550                SPI1_IRQHandler
                0x0000000008000550                CAN_SCE_IRQHandler
                0x0000000008000550                TAMPER_IRQHandler
                0x0000000008000550                TIM8_UP_IRQHandler
                0x0000000008000550                DMA2_Channel2_IRQHandler
                0x0000000008000550                DMA1_Channel4_IRQHandler
                0x0000000008000550                USART3_IRQHandler
                0x0000000008000550                RTC_IRQHandler
                0x0000000008000550                DMA1_Channel7_IRQHandler
                0x0000000008000550                UART5_IRQHandler
                0x0000000008000550                ADC3_IRQHandler
                0x0000000008000550                TIM4_IRQHandler
                0x0000000008000550                CAN_RX1_IRQHandler
                0x0000000008000550                DMA2_Channel1_IRQHandler
                0x0000000008000550                I2C1_EV_IRQHandler
                0x0000000008000550                DMA1_Channel6_IRQHandler
                0x0000000008000550                UART4_IRQHandler
                0x0000000008000550                TIM3_IRQHandler
                0x0000000008000550                RCC_IRQHandler
                0x0000000008000550                TIM1_TRG_COM_IRQHandler
                0x0000000008000550                DMA1_Channel1_IRQHandler
                0x0000000008000550                Default_Handler
                0x0000000008000550                EXTI15_10_IRQHandler
                0x0000000008000550                TIM7_IRQHandler
                0x0000000008000550                TIM5_IRQHandler
                0x0000000008000550                EXTI9_5_IRQHandler
                0x0000000008000550                SPI2_IRQHandler
                0x0000000008000550                USB_LP_CAN_RX0_IRQHandler
                0x0000000008000550                MemManage_Handler
                0x0000000008000550                SVC_Handler
                0x0000000008000550                DMA1_Channel5_IRQHandler
                0x0000000008000550                EXTI4_IRQHandler
                0x0000000008000550                DMA1_Channel3_IRQHandler
                0x0000000008000550                FSMC_IRQHandler
                0x0000000008000550                TIM1_UP_IRQHandler
                0x0000000008000550                WWDG_IRQHandler
                0x0000000008000550                TIM2_IRQHandler
                0x0000000008000550                TIM1_BRK_IRQHandler
                0x0000000008000550                EXTI1_IRQHandler
                0x0000000008000550                RTCAlarm_IRQHandler
                0x0000000008000550                DMA2_Channel4_5_IRQHandler
                0x0000000008000550                USART2_IRQHandler
                0x0000000008000550                I2C2_ER_IRQHandler
                0x0000000008000550                DMA1_Channel2_IRQHandler
                0x0000000008000550                TIM8_BRK_IRQHandler
                0x0000000008000550                FLASH_IRQHandler
                0x0000000008000550                BusFault_Handler
                0x0000000008000550                USART1_IRQHandler
                0x0000000008000550                SPI3_IRQHandler
                0x0000000008000550                I2C1_ER_IRQHandler
                0x0000000008000550                DMA2_Channel3_IRQHandler
 *fill*         0x0000000008000552        0x2 
 .text.__libc_init_array
                0x0000000008000554       0x48 c:/st/stm32cubeide_1.4.0/stm32cubeide/plugins/com.st.stm32cube.ide.mcu.externaltools.gnu-tools-for-stm32.7-2018-q2-update.win32_1.4.0.202007081208/tools/bin/../lib/gcc/arm-none-eabi/7.3.1/../../../../arm-none-eabi/lib/thumb/v7-m\libc_nano.a(lib_a-init.o)
                0x0000000008000554                __libc_init_array
 *(.glue_7)
 .glue_7        0x000000000800059c        0x0 linker stubs
 *(.glue_7t)
 .glue_7t       0x000000000800059c        0x0 linker stubs
 *(.eh_frame)
 .eh_frame      0x000000000800059c        0x0 c:/st/stm32cubeide_1.4.0/stm32cubeide/plugins/com.st.stm32cube.ide.mcu.externaltools.gnu-tools-for-stm32.7-2018-q2-update.win32_1.4.0.202007081208/tools/bin/../lib/gcc/arm-none-eabi/7.3.1/thumb/v7-m/crtbegin.o
 *(.init)
 .init          0x000000000800059c        0x4 c:/st/stm32cubeide_1.4.0/stm32cubeide/plugins/com.st.stm32cube.ide.mcu.externaltools.gnu-tools-for-stm32.7-2018-q2-update.win32_1.4.0.202007081208/tools/bin/../lib/gcc/arm-none-eabi/7.3.1/thumb/v7-m/crti.o
                0x000000000800059c                _init
 .init          0x00000000080005a0        0x8 c:/st/stm32cubeide_1.4.0/stm32cubeide/plugins/com.st.stm32cube.ide.mcu.externaltools.gnu-tools-for-stm32.7-2018-q2-update.win32_1.4.0.202007081208/tools/bin/../lib/gcc/arm-none-eabi/7.3.1/thumb/v7-m/crtn.o
 *(.fini)
 .fini          0x00000000080005a8        0x4 c:/st/stm32cubeide_1.4.0/stm32cubeide/plugins/com.st.stm32cube.ide.mcu.externaltools.gnu-tools-for-stm32.7-2018-q2-update.win32_1.4.0.202007081208/tools/bin/../lib/gcc/arm-none-eabi/7.3.1/thumb/v7-m/crti.o
                0x00000000080005a8                _fini
 .fini          0x00000000080005ac        0x8 c:/st/stm32cubeide_1.4.0/stm32cubeide/plugins/com.st.stm32cube.ide.mcu.externaltools.gnu-tools-for-stm32.7-2018-q2-update.win32_1.4.0.202007081208/tools/bin/../lib/gcc/arm-none-eabi/7.3.1/thumb/v7-m/crtn.o
                0x00000000080005b4                . = ALIGN (0x4)
                0x00000000080005b4                _etext = .

.vfp11_veneer   0x00000000080005b4        0x0
 .vfp11_veneer  0x00000000080005b4        0x0 linker stubs

.v4_bx          0x00000000080005b4        0x0
 .v4_bx         0x00000000080005b4        0x0 linker stubs

.iplt           0x00000000080005b4        0x0
 .iplt          0x00000000080005b4        0x0 c:/st/stm32cubeide_1.4.0/stm32cubeide/plugins/com.st.stm32cube.ide.mcu.externaltools.gnu-tools-for-stm32.7-2018-q2-update.win32_1.4.0.202007081208/tools/bin/../lib/gcc/arm-none-eabi/7.3.1/thumb/v7-m/crtbegin.o

.rel.dyn        0x00000000080005b4        0x0
 .rel.iplt      0x00000000080005b4        0x0 c:/st/stm32cubeide_1.4.0/stm32cubeide/plugins/com.st.stm32cube.ide.mcu.externaltools.gnu-tools-for-stm32.7-2018-q2-update.win32_1.4.0.202007081208/tools/bin/../lib/gcc/arm-none-eabi/7.3.1/thumb/v7-m/crtbegin.o

.rodata         0x00000000080005b4        0x0
                0x00000000080005b4                . = ALIGN (0x4)
 *(.rodata)
 *(.rodata*)
                0x00000000080005b4                . = ALIGN (0x4)

.ARM.extab      0x00000000080005b4        0x0
                0x00000000080005b4                . = ALIGN (0x4)
 *(.ARM.extab* .gnu.linkonce.armextab.*)
                0x00000000080005b4                . = ALIGN (0x4)

.ARM            0x00000000080005b4        0x0
                0x00000000080005b4                . = ALIGN (0x4)
                0x00000000080005b4                __exidx_start = .
 *(.ARM.exidx*)
                0x00000000080005b4                __exidx_end = .
                0x00000000080005b4                . = ALIGN (0x4)

.preinit_array  0x00000000080005b4        0x0
                0x00000000080005b4                . = ALIGN (0x4)
                0x00000000080005b4                PROVIDE (__preinit_array_start = .)
 *(.preinit_array*)
                0x00000000080005b4                PROVIDE (__preinit_array_end = .)
                0x00000000080005b4                . = ALIGN (0x4)

.init_array     0x00000000080005b4        0x4
                0x00000000080005b4                . = ALIGN (0x4)
                0x00000000080005b4                PROVIDE (__init_array_start = .)
 *(SORT_BY_NAME(.init_array.*))
 *(.init_array*)
 .init_array    0x00000000080005b4        0x4 c:/st/stm32cubeide_1.4.0/stm32cubeide/plugins/com.st.stm32cube.ide.mcu.externaltools.gnu-tools-for-stm32.7-2018-q2-update.win32_1.4.0.202007081208/tools/bin/../lib/gcc/arm-none-eabi/7.3.1/thumb/v7-m/crtbegin.o
                0x00000000080005b8                PROVIDE (__init_array_end = .)
                0x00000000080005b8                . = ALIGN (0x4)

.fini_array     0x00000000080005b8        0x4
                0x00000000080005b8                . = ALIGN (0x4)
                [!provide]                        PROVIDE (__fini_array_start = .)
 *(SORT_BY_NAME(.fini_array.*))
 *(.fini_array*)
 .fini_array    0x00000000080005b8        0x4 c:/st/stm32cubeide_1.4.0/stm32cubeide/plugins/com.st.stm32cube.ide.mcu.externaltools.gnu-tools-for-stm32.7-2018-q2-update.win32_1.4.0.202007081208/tools/bin/../lib/gcc/arm-none-eabi/7.3.1/thumb/v7-m/crtbegin.o
                [!provide]                        PROVIDE (__fini_array_end = .)
                0x00000000080005bc                . = ALIGN (0x4)
                0x00000000080005bc                _sidata = LOADADDR (.data)

.data           0x0000000020000000        0x8 load address 0x00000000080005bc
                0x0000000020000000                . = ALIGN (0x4)
                0x0000000020000000                _sdata = .
 *(.data)
 *(.data*)
 .data.Alarm_Period
                0x0000000020000000        0x4 Src/Monitor_Alarm.o
                0x0000000020000000                Alarm_Period
 .data.Pressure_threshold
                0x0000000020000004        0x4 Src/mainAlgorithm.o
                0x0000000020000004                Pressure_threshold
                0x0000000020000008                . = ALIGN (0x4)
                0x0000000020000008                _edata = .

.igot.plt       0x0000000020000008        0x0 load address 0x00000000080005c4
 .igot.plt      0x0000000020000008        0x0 c:/st/stm32cubeide_1.4.0/stm32cubeide/plugins/com.st.stm32cube.ide.mcu.externaltools.gnu-tools-for-stm32.7-2018-q2-update.win32_1.4.0.202007081208/tools/bin/../lib/gcc/arm-none-eabi/7.3.1/thumb/v7-m/crtbegin.o
                0x0000000020000008                . = ALIGN (0x4)

.bss            0x0000000020000008       0x48 load address 0x00000000080005c4
                0x0000000020000008                _sbss = .
                0x0000000020000008                __bss_start__ = _sbss
 *(.bss)
 .bss           0x0000000020000008       0x1c c:/st/stm32cubeide_1.4.0/stm32cubeide/plugins/com.st.stm32cube.ide.mcu.externaltools.gnu-tools-for-stm32.7-2018-q2-update.win32_1.4.0.202007081208/tools/bin/../lib/gcc/arm-none-eabi/7.3.1/thumb/v7-m/crtbegin.o
 *(.bss*)
 .bss.Alarm_timer
                0x0000000020000024        0x4 Src/Monitor_Alarm.o
                0x0000000020000024                Alarm_timer
 .bss.Pressure_sensor_Pval
                0x0000000020000028        0x4 Src/Pressure_sensor_driver.o
                0x0000000020000028                Pressure_sensor_Pval
 .bss.Pressure_time
                0x000000002000002c        0x4 Src/Pressure_sensor_driver.o
                0x000000002000002c                Pressure_time
 .bss.Pressure_val
                0x0000000020000030        0x4 Src/mainAlgorithm.o
                0x0000000020000030                Pressure_val
 *(COMMON)
 COMMON         0x0000000020000034        0x5 Src/Monitor_Alarm.o
                0x0000000020000034                Monitor_Alarm_state
                0x0000000020000038                Monitor_Alarm_state_id
 *fill*         0x0000000020000039        0x3 
 COMMON         0x000000002000003c        0x8 Src/Monitor_Alarm_Driver.o
                0x000000002000003c                Monitor_Alarm_Driver_state_id
                0x0000000020000040                Monitor_Alarm_Driver_state
 COMMON         0x0000000020000044        0x5 Src/Pressure_sensor_driver.o
                0x0000000020000044                Pressure_sensor_state
                0x0000000020000048                Pressure_sensor_state_id
 COMMON         0x0000000020000049        0x1 Src/main.o
                0x0000000020000049                mainAlgorithm_state_id
 *fill*         0x000000002000004a        0x2 
 COMMON         0x000000002000004c        0x4 Src/mainAlgorithm.o
                0x000000002000004c                mainAlgorithm_state
                0x0000000020000050                . = ALIGN (0x4)
                0x0000000020000050                _ebss = .
                0x0000000020000050                __bss_end__ = _ebss

._user_heap_stack
                0x0000000020000050      0x600 load address 0x00000000080005c4
                0x0000000020000050                . = ALIGN (0x8)
                [!provide]                        PROVIDE (end = .)
                0x0000000020000050                PROVIDE (_end = .)
                0x0000000020000250                . = (. + _Min_Heap_Size)
 *fill*         0x0000000020000050      0x200 
                0x0000000020000650                . = (. + _Min_Stack_Size)
 *fill*         0x0000000020000250      0x400 
                0x0000000020000650                . = ALIGN (0x8)

/DISCARD/
 libc.a(*)
 libm.a(*)
 libgcc.a(*)

.ARM.attributes
                0x0000000000000000       0x29
 *(.ARM.attributes)
 .ARM.attributes
                0x0000000000000000       0x1d c:/st/stm32cubeide_1.4.0/stm32cubeide/plugins/com.st.stm32cube.ide.mcu.externaltools.gnu-tools-for-stm32.7-2018-q2-update.win32_1.4.0.202007081208/tools/bin/../lib/gcc/arm-none-eabi/7.3.1/thumb/v7-m/crti.o
 .ARM.attributes
                0x000000000000001d       0x2d c:/st/stm32cubeide_1.4.0/stm32cubeide/plugins/com.st.stm32cube.ide.mcu.externaltools.gnu-tools-for-stm32.7-2018-q2-update.win32_1.4.0.202007081208/tools/bin/../lib/gcc/arm-none-eabi/7.3.1/thumb/v7-m/crtbegin.o
 .ARM.attributes
                0x000000000000004a       0x33 Src/Monitor_Alarm.o
 .ARM.attributes
                0x000000000000007d       0x33 Src/Monitor_Alarm_Driver.o
 .ARM.attributes
                0x00000000000000b0       0x33 Src/Pressure_sensor_driver.o
 .ARM.attributes
                0x00000000000000e3       0x33 Src/driver.o
 .ARM.attributes
                0x0000000000000116       0x33 Src/main.o
 .ARM.attributes
                0x0000000000000149       0x33 Src/mainAlgorithm.o
 .ARM.attributes
                0x000000000000017c       0x21 Startup/startup_stm32f103c6tx.o
 .ARM.attributes
                0x000000000000019d       0x2d c:/st/stm32cubeide_1.4.0/stm32cubeide/plugins/com.st.stm32cube.ide.mcu.externaltools.gnu-tools-for-stm32.7-2018-q2-update.win32_1.4.0.202007081208/tools/bin/../lib/gcc/arm-none-eabi/7.3.1/../../../../arm-none-eabi/lib/thumb/v7-m\libc_nano.a(lib_a-init.o)
 .ARM.attributes
                0x00000000000001ca       0x1d c:/st/stm32cubeide_1.4.0/stm32cubeide/plugins/com.st.stm32cube.ide.mcu.externaltools.gnu-tools-for-stm32.7-2018-q2-update.win32_1.4.0.202007081208/tools/bin/../lib/gcc/arm-none-eabi/7.3.1/thumb/v7-m/crtn.o
OUTPUT(Pressure_Detection_project.elf elf32-littlearm)

.debug_info     0x0000000000000000     0x385f
 .debug_info    0x0000000000000000      0x991 Src/Monitor_Alarm.o
 .debug_info    0x0000000000000991      0x95c Src/Monitor_Alarm_Driver.o
 .debug_info    0x00000000000012ed      0x953 Src/Pressure_sensor_driver.o
 .debug_info    0x0000000000001c40      0x907 Src/driver.o
 .debug_info    0x0000000000002547      0x9a5 Src/main.o
 .debug_info    0x0000000000002eec      0x951 Src/mainAlgorithm.o
 .debug_info    0x000000000000383d       0x22 Startup/startup_stm32f103c6tx.o

.debug_abbrev   0x0000000000000000      0xb71
 .debug_abbrev  0x0000000000000000      0x1f9 Src/Monitor_Alarm.o
 .debug_abbrev  0x00000000000001f9      0x1e6 Src/Monitor_Alarm_Driver.o
 .debug_abbrev  0x00000000000003df      0x1f9 Src/Pressure_sensor_driver.o
 .debug_abbrev  0x00000000000005d8      0x1c9 Src/driver.o
 .debug_abbrev  0x00000000000007a1      0x1c3 Src/main.o
 .debug_abbrev  0x0000000000000964      0x1fb Src/mainAlgorithm.o
 .debug_abbrev  0x0000000000000b5f       0x12 Startup/startup_stm32f103c6tx.o

.debug_aranges  0x0000000000000000      0x168
 .debug_aranges
                0x0000000000000000       0x40 Src/Monitor_Alarm.o
 .debug_aranges
                0x0000000000000040       0x48 Src/Monitor_Alarm_Driver.o
 .debug_aranges
                0x0000000000000088       0x30 Src/Pressure_sensor_driver.o
 .debug_aranges
                0x00000000000000b8       0x38 Src/driver.o
 .debug_aranges
                0x00000000000000f0       0x28 Src/main.o
 .debug_aranges
                0x0000000000000118       0x28 Src/mainAlgorithm.o
 .debug_aranges
                0x0000000000000140       0x28 Startup/startup_stm32f103c6tx.o

.debug_ranges   0x0000000000000000      0x100
 .debug_ranges  0x0000000000000000       0x30 Src/Monitor_Alarm.o
 .debug_ranges  0x0000000000000030       0x38 Src/Monitor_Alarm_Driver.o
 .debug_ranges  0x0000000000000068       0x20 Src/Pressure_sensor_driver.o
 .debug_ranges  0x0000000000000088       0x28 Src/driver.o
 .debug_ranges  0x00000000000000b0       0x18 Src/main.o
 .debug_ranges  0x00000000000000c8       0x18 Src/mainAlgorithm.o
 .debug_ranges  0x00000000000000e0       0x20 Startup/startup_stm32f103c6tx.o

.debug_macro    0x0000000000000000     0x286c
 .debug_macro   0x0000000000000000      0x20e Src/Monitor_Alarm.o
 .debug_macro   0x000000000000020e      0xa60 Src/Monitor_Alarm.o
 .debug_macro   0x0000000000000c6e       0x22 Src/Monitor_Alarm.o
 .debug_macro   0x0000000000000c90       0x40 Src/Monitor_Alarm.o
 .debug_macro   0x0000000000000cd0       0x18 Src/Monitor_Alarm.o
 .debug_macro   0x0000000000000ce8       0x94 Src/Monitor_Alarm.o
 .debug_macro   0x0000000000000d7c       0x3c Src/Monitor_Alarm.o
 .debug_macro   0x0000000000000db8       0x34 Src/Monitor_Alarm.o
 .debug_macro   0x0000000000000dec       0x16 Src/Monitor_Alarm.o
 .debug_macro   0x0000000000000e02       0x57 Src/Monitor_Alarm.o
 .debug_macro   0x0000000000000e59       0x97 Src/Monitor_Alarm.o
 .debug_macro   0x0000000000000ef0      0x330 Src/Monitor_Alarm.o
 .debug_macro   0x0000000000001220       0xfd Src/Monitor_Alarm.o
 .debug_macro   0x000000000000131d       0x10 Src/Monitor_Alarm.o
 .debug_macro   0x000000000000132d       0x52 Src/Monitor_Alarm.o
 .debug_macro   0x000000000000137f       0x1f Src/Monitor_Alarm.o
 .debug_macro   0x000000000000139e       0x43 Src/Monitor_Alarm.o
 .debug_macro   0x00000000000013e1       0x20 Src/Monitor_Alarm.o
 .debug_macro   0x0000000000001401      0x1a3 Src/Monitor_Alarm.o
 .debug_macro   0x00000000000015a4       0x10 Src/Monitor_Alarm.o
 .debug_macro   0x00000000000015b4       0x6a Src/Monitor_Alarm.o
 .debug_macro   0x000000000000161e       0x1c Src/Monitor_Alarm.o
 .debug_macro   0x000000000000163a       0x52 Src/Monitor_Alarm.o
 .debug_macro   0x000000000000168c       0x40 Src/Monitor_Alarm.o
 .debug_macro   0x00000000000016cc       0x10 Src/Monitor_Alarm.o
 .debug_macro   0x00000000000016dc       0x40 Src/Monitor_Alarm.o
 .debug_macro   0x000000000000171c       0xd7 Src/Monitor_Alarm.o
 .debug_macro   0x00000000000017f3       0x1c Src/Monitor_Alarm.o
 .debug_macro   0x000000000000180f       0x3d Src/Monitor_Alarm.o
 .debug_macro   0x000000000000184c       0x16 Src/Monitor_Alarm.o
 .debug_macro   0x0000000000001862      0x145 Src/Monitor_Alarm.o
 .debug_macro   0x00000000000019a7       0x16 Src/Monitor_Alarm.o
 .debug_macro   0x00000000000019bd       0x35 Src/Monitor_Alarm.o
 .debug_macro   0x00000000000019f2       0x16 Src/Monitor_Alarm.o
 .debug_macro   0x0000000000001a08       0x29 Src/Monitor_Alarm.o
 .debug_macro   0x0000000000001a31       0x10 Src/Monitor_Alarm.o
 .debug_macro   0x0000000000001a41       0xef Src/Monitor_Alarm.o
 .debug_macro   0x0000000000001b30      0x1df Src/Monitor_Alarm.o
 .debug_macro   0x0000000000001d0f       0x46 Src/Monitor_Alarm.o
 .debug_macro   0x0000000000001d55      0x20e Src/Monitor_Alarm_Driver.o
 .debug_macro   0x0000000000001f63      0x20e Src/Pressure_sensor_driver.o
 .debug_macro   0x0000000000002171      0x1c7 Src/driver.o
 .debug_macro   0x0000000000002338       0x8e Src/driver.o
 .debug_macro   0x00000000000023c6       0x51 Src/driver.o
 .debug_macro   0x0000000000002417       0x46 Src/driver.o
 .debug_macro   0x000000000000245d      0x22c Src/main.o
 .debug_macro   0x0000000000002689      0x1e3 Src/mainAlgorithm.o

.debug_line     0x0000000000000000     0x242c
 .debug_line    0x0000000000000000      0x608 Src/Monitor_Alarm.o
 .debug_line    0x0000000000000608      0x625 Src/Monitor_Alarm_Driver.o
 .debug_line    0x0000000000000c2d      0x5f6 Src/Pressure_sensor_driver.o
 .debug_line    0x0000000000001223      0x5b8 Src/driver.o
 .debug_line    0x00000000000017db      0x62d Src/main.o
 .debug_line    0x0000000000001e08      0x5a0 Src/mainAlgorithm.o
 .debug_line    0x00000000000023a8       0x84 Startup/startup_stm32f103c6tx.o

.debug_str      0x0000000000000000     0x84db
 .debug_str     0x0000000000000000     0x81bc Src/Monitor_Alarm.o
                                       0x8446 (size before relaxing)
 .debug_str     0x00000000000081bc       0xeb Src/Monitor_Alarm_Driver.o
                                       0x8463 (size before relaxing)
 .debug_str     0x00000000000082a7       0xf1 Src/Pressure_sensor_driver.o
                                       0x842b (size before relaxing)
 .debug_str     0x0000000000008398       0x5e Src/driver.o
                                       0x822b (size before relaxing)
 .debug_str     0x00000000000083f6       0x57 Src/main.o
                                       0x8528 (size before relaxing)
 .debug_str     0x000000000000844d       0x5d Src/mainAlgorithm.o
                                       0x7853 (size before relaxing)
 .debug_str     0x00000000000084aa       0x31 Startup/startup_stm32f103c6tx.o
                                         0x7f (size before relaxing)

.comment        0x0000000000000000       0x7b
 .comment       0x0000000000000000       0x7b Src/Monitor_Alarm.o
                                         0x7c (size before relaxing)
 .comment       0x000000000000007b       0x7c Src/Monitor_Alarm_Driver.o
 .comment       0x000000000000007b       0x7c Src/Pressure_sensor_driver.o
 .comment       0x000000000000007b       0x7c Src/driver.o
 .comment       0x000000000000007b       0x7c Src/main.o
 .comment       0x000000000000007b       0x7c Src/mainAlgorithm.o

.debug_frame    0x0000000000000000      0x338
 .debug_frame   0x0000000000000000       0xa4 Src/Monitor_Alarm.o
 .debug_frame   0x00000000000000a4       0xc8 Src/Monitor_Alarm_Driver.o
 .debug_frame   0x000000000000016c       0x68 Src/Pressure_sensor_driver.o
 .debug_frame   0x00000000000001d4       0x9c Src/driver.o
 .debug_frame   0x0000000000000270       0x48 Src/main.o
 .debug_frame   0x00000000000002b8       0x54 Src/mainAlgorithm.o
 .debug_frame   0x000000000000030c       0x2c c:/st/stm32cubeide_1.4.0/stm32cubeide/plugins/com.st.stm32cube.ide.mcu.externaltools.gnu-tools-for-stm32.7-2018-q2-update.win32_1.4.0.202007081208/tools/bin/../lib/gcc/arm-none-eabi/7.3.1/../../../../arm-none-eabi/lib/thumb/v7-m\libc_nano.a(lib_a-init.o)
