stm32_f103c6_USART_driver.c:34:6:MCAL_UART_Init	24	static
stm32_f103c6_USART_driver.c:118:6:MCAL_UART_DeInit	16	static
stm32_f103c6_USART_driver.c:169:6:MCAL_UART_SendData	24	static
stm32_f103c6_USART_driver.c:200:6:MCAL_UART_WAIT_TC	16	static
stm32_f103c6_USART_driver.c:208:6:MCAL_UART_ReceiveData	24	static
stm32_f103c6_USART_driver.c:262:6:MCAL_UART_GPIO_Set_Pins	24	static
stm32_f103c6_USART_driver.c:370:6:USART1_IRQHandler	8	static
stm32_f103c6_USART_driver.c:375:6:USART2_IRQHandler	8	static
stm32_f103c6_USART_driver.c:380:6:USART3_IRQHandler	8	static
