
Memory Configuration

Name             Origin             Length             Attributes
Flash            0x08000000         0x00020000         xr
SRAM             0x20000000         0x00005000         xrw
*default*        0x00000000         0xffffffff

Linker script and memory map


.text           0x08000000      0x10c
 *(.vector*)
 .vectors       0x08000000       0x58 startup.o
 *(.text)
 .text          0x08000058       0xa8 main.o
                0x08000058                main
 .text          0x08000100        0x8 startup.o
 *(.rodata)
 .rodata        0x08000108        0x4 main.o
                0x08000108                const_variables

.glue_7         0x0800010c        0x0
 .glue_7        0x00000000        0x0 linker stubs

.glue_7t        0x0800010c        0x0
 .glue_7t       0x00000000        0x0 linker stubs

.vfp11_veneer   0x0800010c        0x0
 .vfp11_veneer  0x00000000        0x0 linker stubs

.v4_bx          0x0800010c        0x0
 .v4_bx         0x00000000        0x0 linker stubs

.iplt           0x0800010c        0x0
 .iplt          0x00000000        0x0 main.o

.rel.dyn        0x0800010c        0x0
 .rel.iplt      0x00000000        0x0 main.o

.data           0x0800010c        0x8
 *(.data)
 .data          0x0800010c        0x8 main.o
                0x0800010c                R_ODR
                0x08000110                g_variables
 .data          0x08000114        0x0 startup.o

.igot.plt       0x08000114        0x0
 .igot.plt      0x00000000        0x0 main.o

.bss            0x20000000        0x0
 *(.bss)
 .bss           0x20000000        0x0 main.o
 .bss           0x20000000        0x0 startup.o
LOAD main.o
LOAD startup.o
OUTPUT(learn-in-depth_cortex-m3.elf elf32-littlearm)

.debug_info     0x00000000      0x1dd
 .debug_info    0x00000000      0x16e main.o
 .debug_info    0x0000016e       0x6f startup.o

.debug_abbrev   0x00000000      0x102
 .debug_abbrev  0x00000000       0xee main.o
 .debug_abbrev  0x000000ee       0x14 startup.o

.debug_loc      0x00000000       0x38
 .debug_loc     0x00000000       0x38 main.o

.debug_aranges  0x00000000       0x40
 .debug_aranges
                0x00000000       0x20 main.o
 .debug_aranges
                0x00000020       0x20 startup.o

.debug_line     0x00000000       0xd6
 .debug_line    0x00000000       0x9b main.o
 .debug_line    0x0000009b       0x3b startup.o

.debug_str      0x00000000       0xfb
 .debug_str     0x00000000       0xfb main.o
                                0x138 (size before relaxing)

.comment        0x00000000       0x11
 .comment       0x00000000       0x11 main.o
                                 0x12 (size before relaxing)

.ARM.attributes
                0x00000000       0x31
 .ARM.attributes
                0x00000000       0x33 main.o
 .ARM.attributes
                0x00000033       0x21 startup.o

.debug_frame    0x00000000       0x2c
 .debug_frame   0x00000000       0x2c main.o
